Archive member included to satisfy reference by file (symbol)

C:/msys64/opt/wonderful/thirdparty/blocksds/external/nflib/lib\libnflib.a(nf_sprite256.c.o)
                              build/Match-3-DS/source/main.c.o (NF_InitSpriteBuffers)
C:/msys64/opt/wonderful/thirdparty/blocksds/external/nflib/lib\libnflib.a(nf_sound.c.o)
                              build/Match-3-DS/source/main.c.o (NF_LoadRawSound)
C:/msys64/opt/wonderful/thirdparty/blocksds/external/nflib/lib\libnflib.a(nf_2d.c.o)
                              build/Match-3-DS/source/main.c.o (NF_Set2D)
C:/msys64/opt/wonderful/thirdparty/blocksds/external/nflib/lib\libnflib.a(nf_sprite3d.c.o)
                              build/Match-3-DS/source/main.c.o (NF_Init3dSpriteSys)
C:/msys64/opt/wonderful/thirdparty/blocksds/external/nflib/lib\libnflib.a(nf_tiledbg.c.o)
                              build/Match-3-DS/source/main.c.o (NF_InitTiledBgBuffers)
C:/msys64/opt/wonderful/thirdparty/blocksds/external/nflib/lib\libnflib.a(nf_text.c.o)
                              build/Match-3-DS/source/main.c.o (NF_InitTextSys)
C:/msys64/opt/wonderful/thirdparty/blocksds/external/nflib/lib\libnflib.a(nf_3d.c.o)
                              build/Match-3-DS/source/main.c.o (NF_Set3D)
C:/msys64/opt/wonderful/thirdparty/blocksds/external/nflib/lib\libnflib.a(nf_basic.c.o)
                              C:/msys64/opt/wonderful/thirdparty/blocksds/external/nflib/lib\libnflib.a(nf_sprite256.c.o) (NF_Error)
C:/msys64/opt/wonderful/thirdparty/blocksds/core/libs/libnds/lib\libnds9.a(cp15.s.o)
                              C:/msys64/opt/wonderful/thirdparty/blocksds/core/sys/crts/ds_arm9_crt0.o (CP15_FlushICache)
C:/msys64/opt/wonderful/thirdparty/blocksds/core/libs/libnds/lib\libnds9.a(mpu_setup.s.o)
                              C:/msys64/opt/wonderful/thirdparty/blocksds/core/sys/crts/ds_arm9_crt0.o (__libnds_mpu_setup)
C:/msys64/opt/wonderful/thirdparty/blocksds/core/libs/libnds/lib\libnds9.a(dma.s.o)
                              C:/msys64/opt/wonderful/thirdparty/blocksds/external/nflib/lib\libnflib.a(nf_basic.c.o) (dmaSetParams)
C:/msys64/opt/wonderful/thirdparty/blocksds/core/libs/libnds/lib\libnds9.a(memcpy.s.o)
                              C:/msys64/opt/wonderful/thirdparty/blocksds/external/nflib/lib\libnflib.a(nf_sprite256.c.o) (memcpy)
C:/msys64/opt/wonderful/thirdparty/blocksds/core/libs/libnds/lib\libnds9.a(memset.s.o)
                              build/Match-3-DS/source/main.c.o (memset)
C:/msys64/opt/wonderful/thirdparty/blocksds/core/libs/libnds/lib\libnds9.a(console.c.o)
                              build/Match-3-DS/source/main.c.o (consoleDemoInit)
C:/msys64/opt/wonderful/thirdparty/blocksds/core/libs/libnds/lib\libnds9.a(chdir.c.o)
                              C:/msys64/opt/wonderful/thirdparty/blocksds/external/nflib/lib\libnflib.a(nf_basic.c.o) (chdir)
C:/msys64/opt/wonderful/thirdparty/blocksds/core/libs/libnds/lib\libnds9.a(crt0_argv.c.o)
                              C:/msys64/opt/wonderful/thirdparty/blocksds/core/sys/crts/ds_arm9_crt0.o (build_argv)
C:/msys64/opt/wonderful/thirdparty/blocksds/core/libs/libnds/lib\libnds9.a(fatfs.c.o)
                              C:/msys64/opt/wonderful/thirdparty/blocksds/core/libs/libnds/lib\libnds9.a(chdir.c.o) (fatfs_error_to_posix)
C:/msys64/opt/wonderful/thirdparty/blocksds/core/libs/libnds/lib\libnds9.a(filesystem.c.o)
                              C:/msys64/opt/wonderful/thirdparty/blocksds/external/nflib/lib\libnflib.a(nf_basic.c.o) (access)
C:/msys64/opt/wonderful/thirdparty/blocksds/core/libs/libnds/lib\libnds9.a(iob.c.o)
                              C:/msys64/opt/wonderful/thirdparty/blocksds/core/libs/libnds/lib\libnds9.a(console.c.o) (stderr)
C:/msys64/opt/wonderful/thirdparty/blocksds/core/libs/libnds/lib\libnds9.a(nitrofs.c.o)
                              C:/msys64/opt/wonderful/thirdparty/blocksds/core/libs/libnds/lib\libnds9.a(filesystem.c.o) (nitrofs_use_for_path)
C:/msys64/opt/wonderful/thirdparty/blocksds/core/libs/libnds/lib\libnds9.a(sound.c.o)
                              C:/msys64/opt/wonderful/thirdparty/blocksds/external/nflib/lib\libnflib.a(nf_sound.c.o) (soundPlaySampleChannel)
C:/msys64/opt/wonderful/thirdparty/blocksds/core/libs/libnds/lib\libnds9.a(card.c.o)
                              C:/msys64/opt/wonderful/thirdparty/blocksds/core/libs/libnds/lib\libnds9.a(nitrofs.c.o) (cardReadArm7)
C:/msys64/opt/wonderful/thirdparty/blocksds/core/libs/libnds/lib\libnds9.a(dldi.c.o)
                              C:/msys64/opt/wonderful/thirdparty/blocksds/core/libs/libnds/lib\libnds9.a(nitrofs.c.o) (dldiGetMode)
C:/msys64/opt/wonderful/thirdparty/blocksds/core/libs/libnds/lib\libnds9.a(nandfs.c.o)
                              C:/msys64/opt/wonderful/thirdparty/blocksds/core/libs/libnds/lib\libnds9.a(fatfs.c.o) (nand_WriteProtect)
C:/msys64/opt/wonderful/thirdparty/blocksds/core/libs/libnds/lib\libnds9.a(sdmmc.c.o)
[...]
Memory Configuration

Name             Origin             Length             Attributes
ewram            0x02000000         0x00380000
dtcm             0x02ff0000         0x00004000
itcm             0x01000000         0x00008000
*default*        0x00000000         0xffffffff

Linker script and memory map

                0x00000000                        PROVIDE (__dtcm_data_size = 0x0)
                0x00000001                        ASSERT (((__dtcm_data_size & 0x3) == 0x0), __dtcm_data_size must be a multiple of 4)
                0x00004000                        PROVIDE (__dldi_size = 0x4000)
                0x00000040                        PROVIDE (__dtcm_reserved_size = 0x40)
                0x00000001                        ASSERT (((__dtcm_reserved_size & 0x3) == 0x0), __dtcm_reserved_size must be a multiple of 4)
                0x00000100                        PROVIDE (__svc_stack_size = 0x100)
                0x00000001                        ASSERT (((__svc_stack_size & 0x3) == 0x0), __svc_stack_size must be a multiple of 4)
                0x00000100                        PROVIDE (__irq_stack_size = 0x100)
                0x00000001                        ASSERT (((__irq_stack_size & 0x3) == 0x0), __irq_stack_size must be a multiple of 4)
                0x00000000                        PROVIDE (__usr_stack_size = 0x0)
                0x00000001                        ASSERT (((__usr_stack_size & 0x3) == 0x0), __usr_stack_size must be a multiple of 4)
                0x02380000                        __ewram_end = (ORIGIN (ewram) + LENGTH (ewram))
                0x02380000                        __eheap_end = (ORIGIN (ewram) + LENGTH (ewram))
                0x02ff0000                        __dtcm_start = ORIGIN (dtcm)
                0x02ff4000                        __dtcm_top = (ORIGIN (dtcm) + LENGTH (dtcm))
                0x02ff3ff8                        __irq_flags = (__dtcm_top - 0x8)
                0x02ff3ffc                        __irq_vector = (__dtcm_top - 0x4)
                0x02ff3fc0                        __sp_svc = (__dtcm_top - __dtcm_reserved_size)
                0x02ff3ec0                        __sp_irq = (__sp_svc - __svc_stack_size)
                0x02ff3dc0                        __sp_usr = ((__sp_irq - __irq_stack_size) - __dtcm_data_size)
                0x02ff0000                        __dtcm_data_start = (__dtcm_data_size > 0x0)?__sp_usr:ORIGIN (dtcm)
                0x02ff3dc0                        __dtcm_data_top = (__dtcm_data_size > 0x0)?(__sp_irq - __irq_stack_size):(__sp_usr - __usr_stack_size)
                0x0000000e                        __dldi_log2_size = (LOG2CEIL ((__dldi_size + 0x1)) - 0x1)

.secure         0x02000000      0x800
 *(.secure)
 .secure        0x02000000      0x800 C:/msys64/opt/wonderful/thirdparty/blocksds/core/libs/libnds/lib\libnds9.a(securearea.c.o)
                0x02000000                __secure_area__

.crt0           0x02000800      0x2f0
                0x02000800                        __text_start = .
 *(.crt0)
 .crt0          0x02000800      0x2f0 C:/msys64/opt/wonderful/thirdparty/blocksds/core/sys/crts/ds_arm9_crt0.o
                0x02000800                _start
                0x02000af0                        . = ALIGN (0x4)

.dldi           0x02000b00     0x4000
                0x02000b00                        __dldi_start = .
 *(.dldi)
 .dldi          0x02000b00       0x88 C:/msys64/opt/wonderful/thirdparty/blocksds/core/libs/libnds/lib\libnds9.a(dldi_stub.s.o)
                0x02000b00                _io_dldi_stub
                0x02000b88                        . = ALIGN (0x4)
                0x02000b88                        __dldi_data_end = .
                0x02004b00                        __dldi_end = (__dldi_data_end > __dldi_start)?(__dldi_start + __dldi_size):__dldi_start
                0x02004b00                        . = __dldi_end
 *fill*         0x02000b88     0x3f78 00
                0x02004b00                        . = ALIGN (0x4)

.plt
 *(.plt)

.init           0x02004b00        0x8
 *(SORT_NONE(.init))
 .init          0x02004b00        0x8 C:/msys64/opt/wonderful/toolchain/gcc-arm-none-eabi/lib/gcc/arm-none-eabi/15.2.1/thumb/arm946e-s/crtn.o

.text           0x02004b08     0xfab0
 *(EXCLUDE_FILE(*.twl* *.itcm*) .text)
 .text          0x02004b08       0x14 C:/msys64/opt/wonderful/toolchain/gcc-arm-none-eabi/lib/gcc/arm-none-eabi/15.2.1/../../../../arm-none-eabi/lib/thumb/arm946e-s\libc.a(strcmp.S.o)
                0x02004b08                strcmp
 .text          0x02004b1c        0xe C:/msys64/opt/wonderful/toolchain/gcc-arm-none-eabi/lib/gcc/arm-none-eabi/15.2.1/../../../../arm-none-eabi/lib/thumb/arm946e-s\libc.a(strlen.S.o)
                0x02004b1c                strlen
 *fill*         0x02004b2a        0x2 ff
 .text          0x02004b2c       0x14 C:/msys64/opt/wonderful/toolchain/gcc-arm-none-eabi/lib/gcc/arm-none-eabi/15.2.1/thumb/arm946e-s\libgcc.a(_thumb1_case_uqi.o)
                0x02004b2c                __gnu_thumb1_case_uqi
 .text          0x02004b40       0x14 C:/msys64/opt/wonderful/toolchain/gcc-arm-none-eabi/lib/gcc/arm-none-eabi/15.2.1/thumb/arm946e-s\libgcc.a(_thumb1_case_uhi.o)
                0x02004b40                __gnu_thumb1_case_uhi
 .text          0x02004b54      0x214 C:/msys64/opt/wonderful/toolchain/gcc-arm-none-eabi/lib/gcc/arm-none-eabi/15.2.1/thumb/arm946e-s\libgcc.a(_udivsi3.o)
                0x02004b54                __aeabi_uidiv
                0x02004b54                __udivsi3
                0x02004d48                __aeabi_uidivmod
 .text          0x02004d68      0x248 C:/msys64/opt/wonderful/toolchain/gcc-arm-none-eabi/lib/gcc/arm-none-eabi/15.2.1/thumb/arm946e-s\libgcc.a(_divsi3.o)
                0x02004d68                __divsi3
                0x02004d68                __aeabi_idiv
                0x02004f90                __aeabi_idivmod
 .text          0x02004fb0        0x4 C:/msys64/opt/wonderful/toolchain/gcc-arm-none-eabi/lib/gcc/arm-none-eabi/15.2.1/thumb/arm946e-s\libgcc.a(_dvmd_tls.o)
                0x02004fb0                __aeabi_idiv0
                0x02004fb0                __aeabi_ldiv0
 .text          0x02004fb4       0x18 C:/msys64/opt/wonderful/toolchain/gcc-arm-none-eabi/lib/gcc/arm-none-eabi/15.2.1/thumb/arm946e-s\libgcc.a(_lshrdi3.o)
                0x02004fb4                __lshrdi3
                0x02004fb4                __aeabi_llsr
 .text          0x02004fcc       0x1c C:/msys64/opt/wonderful/toolchain/gcc-arm-none-eabi/lib/gcc/arm-none-eabi/15.2.1/thumb/arm946e-s\libgcc.a(_ashrdi3.o)
                0x02004fcc                __aeabi_lasr
                0x02004fcc                __ashrdi3
 .text          0x02004fe8       0x18 C:/msys64/opt/wonderful/toolchain/gcc-arm-none-eabi/lib/gcc/arm-none-eabi/15.2.1/thumb/arm946e-s\libgcc.a(_ashldi3.o)
                0x02004fe8                __aeabi_llsl
                0x02004fe8                __ashldi3
 .text          0x02005000      0x3c0 C:/msys64/opt/wonderful/toolchain/gcc-arm-none-eabi/lib/gcc/arm-none-eabi/15.2.1/thumb/arm946e-s\libgcc.a(_arm_addsubdf3.o)
                0x02005000                __aeabi_drsub
                0x02005008                __aeabi_dsub
                0x02005008                __subdf3
                0x0200500c                __aeabi_dadd
                0x0200500c                __adddf3
                0x020052b8                __floatunsidf
                0x020052b8                __aeabi_ui2d
                0x020052dc                __floatsidf
                0x020052dc                __aeabi_i2d
                0x02005304                __aeabi_f2d
                0x02005304                __extendsfdf2
                0x0200534c                __floatundidf
                0x0200534c                __aeabi_ul2d
                0x02005360                __floatdidf
                0x02005360                __aeabi_l2d
 .text          0x020053c0       0xa0 C:/msys64/opt/wonderful/toolchain/gcc-arm-none-eabi/lib/gcc/arm-none-eabi/15.2.1/thumb/arm946e-s\libgcc.a(_arm_truncdfsf2.o)
                0x020053c0                __truncdfsf2
                0x020053c0                __aeabi_d2f
 .text          0x02005460        0x8 C:/msys64/opt/wonderful/toolchain/gcc-arm-none-eabi/lib/gcc/arm-none-eabi/15.2.1/thumb/arm946e-s\libgcc.a(_clzsi2.o)
                0x02005460                __clzsi2
 .text          0x02005468       0x14 C:/msys64/opt/wonderful/toolchain/gcc-arm-none-eabi/lib/gcc/arm-none-eabi/15.2.1/thumb/arm946e-s\libgcc.a(_clzdi2.o)
                0x02005468                __clzdi2
 .text          0x0200547c       0xd4 C:/msys64/opt/wonderful/toolchain/gcc-arm-none-eabi/lib/gcc/arm-none-eabi/15.2.1/thumb/arm946e-s\libgcc.a(_aeabi_ldivmod.o)
                0x0200547c                __aeabi_ldivmod
 .text          0x02005550       0x3c C:/msys64/opt/wonderful/toolchain/gcc-arm-none-eabi/lib/gcc/arm-none-eabi/15.2.1/thumb/arm946e-s\libgcc.a(_aeabi_uldivmod.o)
                0x02005550                __aeabi_uldivmod
 .text          0x0200558c      0x190 C:/msys64/opt/wonderful/toolchain/gcc-arm-none-eabi/lib/gcc/arm-none-eabi/15.2.1/thumb/arm946e-s\libgcc.a(_udivmoddi4.o)
                0x0200558c                __udivmoddi4
 .text          0x0200571c       0x14 C:/msys64/opt/wonderful/toolchain/gcc-arm-none-eabi/lib/gcc/arm-none-eabi/15.2.1/thumb/arm946e-s\libgcc.a(muldi3.o)
                0x0200571c                __muldi3
                0x0200571c                __aeabi_lmul
 *(EXCLUDE_FILE(*.twl* *.itcm*) .stub)
 *(EXCLUDE_FILE(*.twl* *.itcm*) .text.*)
 .text.getTouch
                0x02005730       0x5c build/Match-3-DS/source/main.c.o
                0x02005730                getTouch
 .text.getSwipeGesture
                0x0200578c       0xac build/Match-3-DS/source/main.c.o
                0x0200578c                getSwipeGesture
 .text.initGrid
                0x02005838       0x30 build/Match-3-DS/source/main.c.o
                0x02005838                initGrid
 .text.startup.main
                0x02005868      0x3b8 build/Match-3-DS/source/main.c.o
                0x02005868                main
 .text.NF_InitSpriteBuffers
                0x02005c20       0x5c C:/msys64/opt/wonderful/thirdparty/blocksds/external/nflib/lib\libnflib.a(nf_sprite256.c.o)
                0x02005c20                NF_InitSpriteBuffers
 .text.NF_LoadSpriteGfx
                0x02005c7c       0x94 C:/msys64/opt/wonderful/thirdparty/blocksds/external/nflib/lib\libnflib.a(nf_sprite256.c.o)
                0x02005c7c                NF_LoadSpriteGfx
 .text.NF_LoadSpritePal
                0x02005d10       0x7c C:/msys64/opt/wonderful/thirdparty/blocksds/external/nflib/lib\libnflib.a(nf_sprite256.c.o)
                0x02005d10                NF_LoadSpritePal
 .text.NF_Set2D
                0x02005d8c       0x64 C:/msys64/opt/wonderful/thirdparty/blocksds/external/nflib/lib\libnflib.a(nf_2d.c.o)
                0x02005d8c                NF_Set2D
 .text.NF_ShowBg
                0x02005df0       0x74 C:/msys64/opt/wonderful/thirdparty/blocksds/external/nflib/lib\libnflib.a(nf_2d.c.o)
                0x02005df0                NF_ShowBg
 .text.NF_HideBg
                0x02005e64       0x9c C:/msys64/opt/wonderful/thirdparty/blocksds/external/nflib/lib\libnflib.a(nf_2d.c.o)
                0x02005e64                NF_HideBg
 .text.NF_ScrollBg
                0x02005f00      0x2fc C:/msys64/opt/wonderful/thirdparty/blocksds/external/nflib/lib\libnflib.a(nf_2d.c.o)
                0x02005f00                NF_ScrollBg
 .text.NF_Init3dSpriteSys
                0x020061fc       0xcc C:/msys64/opt/wonderful/thirdparty/blocksds/external/nflib/lib\libnflib.a(nf_sprite3d.c.o)
                0x020061fc                NF_Init3dSpriteSys
 .text.NF_Vram3dSpriteGfx
                0x020062c8      0x230 C:/msys64/opt/wonderful/thirdparty/blocksds/external/nflib/lib\libnflib.a(nf_sprite3d.c.o)
                0x020062c8                NF_Vram3dSpriteGfx
 .text.NF_Vram3dSpritePal
                0x020064f8       0x80 C:/msys64/opt/wonderful/thirdparty/blocksds/external/nflib/lib\libnflib.a(nf_sprite3d.c.o)
                0x020064f8                NF_Vram3dSpritePal
 .text.NF_Delete3dSprite
                0x02006578       0x80 C:/msys64/opt/wonderful/thirdparty/blocksds/external/nflib/lib\libnflib.a(nf_sprite3d.c.o)
                0x02006578                NF_Delete3dSprite
 .text.NF_Create3dSprite
                0x020065f8      0x168 C:/msys64/opt/wonderful/thirdparty/blocksds/external/nflib/lib\libnflib.a(nf_sprite3d.c.o)
                0x020065f8                NF_Create3dSprite
 .text.NF_Sort3dSprites
                0x02006760       0x64 C:/msys64/opt/wonderful/thirdparty/blocksds/external/nflib/lib\libnflib.a(nf_sprite3d.c.o)
                0x02006760                NF_Sort3dSprites
 .text.NF_Set3dSpriteFrame
                0x020067c4       0xa4 C:/msys64/opt/wonderful/thirdparty/blocksds/external/nflib/lib\libnflib.a(nf_sprite3d.c.o)
                0x020067c4                NF_Set3dSpriteFrame
 .text.NF_Draw3dSprites
                0x02006868      0x294 C:/msys64/opt/wonderful/thirdparty/blocksds/external/nflib/lib\libnflib.a(nf_sprite3d.c.o)
                0x02006868                NF_Draw3dSprites
 .text.NF_Update3dSpritesGfx
                0x02006afc       0x9c C:/msys64/opt/wonderful/thirdparty/blocksds/external/nflib/lib\libnflib.a(nf_sprite3d.c.o)
                0x02006afc                NF_Update3dSpritesGfx
 .text.NF_InitTiledBgBuffers
                0x02006b98       0x98 C:/msys64/opt/wonderful/thirdparty/blocksds/external/nflib/lib\libnflib.a(nf_tiledbg.c.o)
                0x02006b98                NF_InitTiledBgBuffers
 .text.NF_InitTiledBgSys
                0x02006c30      0x148 C:/msys64/opt/wonderful/thirdparty/blocksds/external/nflib/lib\libnflib.a(nf_tiledbg.c.o)
                0x02006c30                NF_InitTiledBgSys
 .text.NF_DeleteTiledBg
                0x02006d78      0x17c C:/msys64/opt/wonderful/thirdparty/blocksds/external/nflib/lib\libnflib.a(nf_tiledbg.c.o)
                0x02006d78                NF_DeleteTiledBg
 .text.NF_CreateTiledBg
                0x02006ef4      0x5ac C:/msys64/opt/wonderful/thirdparty/blocksds/external/nflib/lib\libnflib.a(nf_tiledbg.c.o)
                0x02006ef4                NF_CreateTiledBg
 .text.NF_GetTileMapAddress
                0x020074a0       0x90 C:/msys64/opt/wonderful/thirdparty/blocksds/external/nflib/lib\libnflib.a(nf_tiledbg.c.o)
                0x020074a0                NF_GetTileMapAddress
 .text.NF_SetTileOfMap
                0x02007530       0x44 C:/msys64/opt/wonderful/thirdparty/blocksds/external/nflib/lib\libnflib.a(nf_tiledbg.c.o)
                0x02007530                NF_SetTileOfMap
 .text.NF_UpdateVramMap
                0x02007574       0xf8 C:/msys64/opt/wonderful/thirdparty/blocksds/external/nflib/lib\libnflib.a(nf_tiledbg.c.o)
                0x02007574                NF_UpdateVramMap
 .text.NF_RotateTileGfx
                0x0200766c      0x100 C:/msys64/opt/wonderful/thirdparty/blocksds/external/nflib/lib\libnflib.a(nf_tiledbg.c.o)
                0x0200766c                NF_RotateTileGfx
 .text.NF_InitTextSys
                0x0200776c       0x34 C:/msys64/opt/wonderful/thirdparty/blocksds/external/nflib/lib\libnflib.a(nf_text.c.o)
                0x0200776c                NF_InitTextSys
 .text.NF_LoadTextFont
                0x020077a0      0x1d8 C:/msys64/opt/wonderful/thirdparty/blocksds/external/nflib/lib\libnflib.a(nf_text.c.o)
                0x020077a0                NF_LoadTextFont
 .text.NF_CreateTextLayer
                0x02007978       0x8c C:/msys64/opt/wonderful/thirdparty/blocksds/external/nflib/lib\libnflib.a(nf_text.c.o)
                0x02007978                NF_CreateTextLayer
 .text.NF_WriteText
                0x02007a04      0x2a4 C:/msys64/opt/wonderful/thirdparty/blocksds/external/nflib/lib\libnflib.a(nf_text.c.o)
                0x02007a04                NF_WriteText
 .text.NF_UpdateTextLayers
                0x02007ca8       0x38 C:/msys64/opt/wonderful/thirdparty/blocksds/external/nflib/lib\libnflib.a(nf_text.c.o)
                0x02007ca8                NF_UpdateTextLayers
 .text.NF_Set3D
                0x02007ce0       0x54 C:/msys64/opt/wonderful/thirdparty/blocksds/external/nflib/lib\libnflib.a(nf_3d.c.o)
                0x02007ce0                NF_Set3D
 .text.NF_InitOpenGL
                0x02007d34       0x94 C:/msys64/opt/wonderful/thirdparty/blocksds/external/nflib/lib\libnflib.a(nf_3d.c.o)
                0x02007d34                NF_InitOpenGL
 .text.NF_GetTextureSize
                0x02007dc8       0x64 C:/msys64/opt/wonderful/thirdparty/blocksds/external/nflib/lib\libnflib.a(nf_3d.c.o)
                0x02007dc8                NF_GetTextureSize
 .text.NF_Error
                0x02007e2c      0x2d8 C:/msys64/opt/wonderful/thirdparty/blocksds/external/nflib/lib\libnflib.a(nf_basic.c.o)
                0x02007e2c                NF_Error
 .text.NF_SetRootFolder
                0x02008104      0x1e0 C:/msys64/opt/wonderful/thirdparty/blocksds/external/nflib/lib\libnflib.a(nf_basic.c.o)
                0x02008104                NF_SetRootFolder
 .text.NF_DmaMemCopy
                0x020082e4       0x70 C:/msys64/opt/wonderful/thirdparty/blocksds/external/nflib/lib\libnflib.a(nf_basic.c.o)
                0x020082e4                NF_DmaMemCopy
 .text.NF_FileLoad
                0x02008354       0xac C:/msys64/opt/wonderful/thirdparty/blocksds/external/nflib/lib\libnflib.a(nf_basic.c.o)
                0x02008354                NF_FileLoad
 .text.CP15_FlushICache
                0x02008400        0xc C:/msys64/opt/wonderful/thirdparty/blocksds/core/libs/libnds/lib\libnds9.a(cp15.s.o)
                0x02008400                CP15_FlushICache
 .text.CP15_FlushDCache
                0x0200840c        0xc C:/msys64/opt/wonderful/thirdparty/blocksds/core/libs/libnds/lib\libnds9.a(cp15.s.o)
                0x0200840c                CP15_FlushDCache
 .text.CP15_CleanAndFlushDCache
                0x02008418       0x34 C:/msys64/opt/wonderful/thirdparty/blocksds/core/libs/libnds/lib\libnds9.a(cp15.s.o)
                0x02008418                CP15_CleanAndFlushDCache
 .text.__libnds_mpu_setup
                0x0200844c      0x1c4 C:/msys64/opt/wonderful/thirdparty/blocksds/core/libs/libnds/lib\libnds9.a(mpu_setup.s.o)
                0x0200844c                __libnds_mpu_setup
 .text.CP15_MPUDisable
                0x02008610       0x3c C:/msys64/opt/wonderful/thirdparty/blocksds/core/libs/libnds/lib\libnds9.a(mpu_setup.s.o)
                0x02008610                CP15_MPUDisable
 .text.memUncached
                0x0200864c       0x20 C:/msys64/opt/wonderful/thirdparty/blocksds/core/libs/libnds/lib\libnds9.a(mpu_setup.s.o)
                0x0200864c                memUncached
 .text.dmaSetParams
                0x0200866c       0x1c C:/msys64/opt/wonderful/thirdparty/blocksds/core/libs/libnds/lib\libnds9.a(dma.s.o)
                0x0200866c                dmaSetParams
 .text.__aeabi_memcpy
                0x02008688       0xc8 C:/msys64/opt/wonderful/thirdparty/blocksds/core/libs/libnds/lib\libnds9.a(memcpy.s.o)
                0x02008688                __aeabi_memcpy
                0x020086c0                __aeabi_memcpy4
                0x020086c0                __aeabi_memcpy8
                0x0200872c                __ndsabi_memcpy2
 .text.__ndsabi_memcpy1
                0x02008750       0x14 C:/msys64/opt/wonderful/thirdparty/blocksds/core/libs/libnds/lib\libnds9.a(memcpy.s.o)
                0x02008750                __ndsabi_memcpy1
 .text.memcpy   0x02008764       0x10 C:/msys64/opt/wonderful/thirdparty/blocksds/core/libs/libnds/lib\libnds9.a(memcpy.s.o)
                0x02008764                memcpy
 .text.__aeabi_memset
                0x02008774       0x9c C:/msys64/opt/wonderful/thirdparty/blocksds/core/libs/libnds/lib\libnds9.a(memset.s.o)
                0x02008774                __aeabi_memset
                0x02008798                __aeabi_memset8
                0x02008798                __aeabi_memset4
                0x020087a4                __ndsabi_wordset4
                0x020087a8                __ndsabi_lwordset4
 .text.__ndsabi_memset1
                0x02008810       0x10 C:/msys64/opt/wonderful/thirdparty/blocksds/core/libs/libnds/lib\libnds9.a(memset.s.o)
                0x02008810                __ndsabi_memset1
 .text.memset   0x02008820       0x1c C:/msys64/opt/wonderful/thirdparty/blocksds/core/libs/libnds/lib\libnds9.a(memset.s.o)
                0x02008820                memset
 .text.newRow   0x0200883c       0x88 C:/msys64/opt/wonderful/thirdparty/blocksds/core/libs/libnds/lib\libnds9.a(console.c.o)
 .text.consolePrintChar.part.0
                0x020088c4      0x100 C:/msys64/opt/wonderful/thirdparty/blocksds/core/libs/libnds/lib\libnds9.a(console.c.o)
 .text.consolePrintChar
                0x020089c4       0x2c C:/msys64/opt/wonderful/thirdparty/blocksds/core/libs/libnds/lib\libnds9.a(console.c.o)
                0x020089c4                consolePrintChar
 .text.con_write
                0x020089f0      0x330 C:/msys64/opt/wonderful/thirdparty/blocksds/core/libs/libnds/lib\libnds9.a(console.c.o)
 .text.consoleLoadFont
                0x02008d20      0x24c C:/msys64/opt/wonderful/thirdparty/blocksds/core/libs/libnds/lib\libnds9.a(console.c.o)
                0x02008d20                consoleLoadFont
 .text.consoleInitEx
                0x02008f6c      0x19c C:/msys64/opt/wonderful/thirdparty/blocksds/core/libs/libnds/lib\libnds9.a(console.c.o)
                0x02008f6c                consoleInitEx
 .text.consoleDemoInit
                0x02009108       0x48 C:/msys64/opt/wonderful/thirdparty/blocksds/core/libs/libnds/lib\libnds9.a(console.c.o)
                0x02009108                consoleDemoInit
 .text.consoleSetCursor
                0x02009150       0x24 C:/msys64/opt/wonderful/thirdparty/blocksds/core/libs/libnds/lib\libnds9.a(console.c.o)
                0x02009150                consoleSetCursor
 .text.consoleSetColor
                0x02009174       0x18 C:/msys64/opt/wonderful/thirdparty/blocksds/core/libs/libnds/lib\libnds9.a(console.c.o)
                0x02009174                consoleSetColor
 .text.consoleArm7Flush
                0x0200918c       0x90 C:/msys64/opt/wonderful/thirdparty/blocksds/core/libs/libnds/lib\libnds9.a(console.c.o)
                0x0200918c                consoleArm7Flush
 .text.chdir    0x0200921c      0x11c C:/msys64/opt/wonderful/thirdparty/blocksds/core/libs/libnds/lib\libnds9.a(chdir.c.o)
                0x0200921c                chdir
 .text.build_argv
                0x02009338       0x58 C:/msys64/opt/wonderful/thirdparty/blocksds/core/libs/libnds/lib\libnds9.a(crt0_argv.c.o)
                0x02009338                build_argv
 .text.fatfs_error_to_posix
                0x02009390       0x24 C:/msys64/opt/wonderful/thirdparty/blocksds/core/libs/libnds/lib\libnds9.a(fatfs.c.o)
                0x02009390                fatfs_error_to_posix
 .text.fatfs_timestamp_to_fattime
                0x020093b4       0x28 C:/msys64/opt/wonderful/thirdparty/blocksds/core/libs/libnds/lib\libnds9.a(fatfs.c.o)
                0x020093b4                fatfs_timestamp_to_fattime
 .text.get_dirname
                0x020093dc       0x98 C:/msys64/opt/wonderful/thirdparty/blocksds/core/libs/libnds/lib\libnds9.a(fatfs.c.o)
                0x020093dc                get_dirname
 .text.fatGetDefaultCwd
                0x02009474       0x70 C:/msys64/opt/wonderful/thirdparty/blocksds/core/libs/libnds/lib\libnds9.a(fatfs.c.o)
                0x02009474                fatGetDefaultCwd
 .text.nandInit
                0x020094e4       0xe0 C:/msys64/opt/wonderful/thirdparty/blocksds/core/libs/libnds/lib\libnds9.a(fatfs.c.o)
                0x020094e4                nandInit
 .text.fatInit.part.0
                0x020095c4      0x1d0 C:/msys64/opt/wonderful/thirdparty/blocksds/core/libs/libnds/lib\libnds9.a(fatfs.c.o)
 .text.fatInitDefault
                0x02009794       0x24 C:/msys64/opt/wonderful/thirdparty/blocksds/core/libs/libnds/lib\libnds9.a(fatfs.c.o)
                0x02009794                fatInitDefault
 .text.fatInitLookupCache
                0x020097b8       0x60 C:/msys64/opt/wonderful/thirdparty/blocksds/core/libs/libnds/lib\libnds9.a(fatfs.c.o)
                0x020097b8                fatInitLookupCache
 .text.open     0x02009818       0xfc C:/msys64/opt/wonderful/thirdparty/blocksds/core/libs/libnds/lib\libnds9.a(filesystem.c.o)
                0x02009818                open
 .text.read     0x02009914       0x70 C:/msys64/opt/wonderful/thirdparty/blocksds/core/libs/libnds/lib\libnds9.a(filesystem.c.o)
                0x02009914                read
 .text.write    0x02009984       0xa0 C:/msys64/opt/wonderful/thirdparty/blocksds/core/libs/libnds/lib\libnds9.a(filesystem.c.o)
                0x02009984                write
 .text.close    0x02009a24       0x7c C:/msys64/opt/wonderful/thirdparty/blocksds/core/libs/libnds/lib\libnds9.a(filesystem.c.o)
                0x02009a24                close
 .text.lseek    0x02009aa0       0x74 C:/msys64/opt/wonderful/thirdparty/blocksds/core/libs/libnds/lib\libnds9.a(filesystem.c.o)
                0x02009aa0                lseek
 .text.access   0x02009b14       0x98 C:/msys64/opt/wonderful/thirdparty/blocksds/core/libs/libnds/lib\libnds9.a(filesystem.c.o)
                0x02009b14                access
 .text.putc_buffered
                0x02009bac       0x94 C:/msys64/opt/wonderful/thirdparty/blocksds/core/libs/libnds/lib\libnds9.a(iob.c.o)
 .text.stderr_putc_buffered
                0x02009c40       0x20 C:/msys64/opt/wonderful/thirdparty/blocksds/core/libs/libnds/lib\libnds9.a(iob.c.o)
 .text.stdin_getc_keyboard
                0x02009c60       0xf0 C:/msys64/opt/wonderful/thirdparty/blocksds/core/libs/libnds/lib\libnds9.a(iob.c.o)
 .text.stdout_putc_buffered
                0x02009d50       0x40 C:/msys64/opt/wonderful/thirdparty/blocksds/core/libs/libnds/lib\libnds9.a(iob.c.o)
 .text.nitrofs_read_internal_cart
                0x02009d90       0xa4 C:/msys64/opt/wonderful/thirdparty/blocksds/core/libs/libnds/lib\libnds9.a(nitrofs.c.o)
 .text.nitrofs_read_internal
                0x02009e34       0x54 C:/msys64/opt/wonderful/thirdparty/blocksds/core/libs/libnds/lib\libnds9.a(nitrofs.c.o)
 .text.nitrofs_dir_state_init
                0x02009e88       0x9c C:/msys64/opt/wonderful/thirdparty/blocksds/core/libs/libnds/lib\libnds9.a(nitrofs.c.o)
 .text.nitrofs_dir_state_next
                0x02009f24       0xb0 C:/msys64/opt/wonderful/thirdparty/blocksds/core/libs/libnds/lib\libnds9.a(nitrofs.c.o)
 .text.nitrofs_dir_step
                0x02009fd4       0xf0 C:/msys64/opt/wonderful/thirdparty/blocksds/core/libs/libnds/lib\libnds9.a(nitrofs.c.o)
 .text.nitrofs_use_for_path
                0x0200a0c4       0x30 C:/msys64/opt/wonderful/thirdparty/blocksds/core/libs/libnds/lib\libnds9.a(nitrofs.c.o)
                0x0200a0c4                nitrofs_use_for_path
 .text.nitrofs_path_resolve
                0x0200a0f4       0x68 C:/msys64/opt/wonderful/thirdparty/blocksds/core/libs/libnds/lib\libnds9.a(nitrofs.c.o)
                0x0200a0f4                nitrofs_path_resolve
 .text.nitrofs_chdir
                0x0200a15c       0x24 C:/msys64/opt/wonderful/thirdparty/blocksds/core/libs/libnds/lib\libnds9.a(nitrofs.c.o)
                0x0200a15c                nitrofs_chdir
 .text.nitrofs_read
                0x0200a180       0x30 C:/msys64/opt/wonderful/thirdparty/blocksds/core/libs/libnds/lib\libnds9.a(nitrofs.c.o)
                0x0200a180                nitrofs_read
 .text.nitrofs_lseek
                0x0200a1b0       0x58 C:/msys64/opt/wonderful/thirdparty/blocksds/core/libs/libnds/lib\libnds9.a(nitrofs.c.o)
                0x0200a1b0                nitrofs_lseek
 .text.nitrofs_close
                0x0200a208       0x10 C:/msys64/opt/wonderful/thirdparty/blocksds/core/libs/libnds/lib\libnds9.a(nitrofs.c.o)
                0x0200a208                nitrofs_close
 .text.nitroFSOpenById
                0x0200a218       0x6c C:/msys64/opt/wonderful/thirdparty/blocksds/core/libs/libnds/lib\libnds9.a(nitrofs.c.o)
                0x0200a218                nitroFSOpenById
 .text.nitrofs_open
                0x0200a284       0x4c C:/msys64/opt/wonderful/thirdparty/blocksds/core/libs/libnds/lib\libnds9.a(nitrofs.c.o)
                0x0200a284                nitrofs_open
 .text.nitroFSInit
                0x0200a2d0      0x234 C:/msys64/opt/wonderful/thirdparty/blocksds/core/libs/libnds/lib\libnds9.a(nitrofs.c.o)
                0x0200a2d0                nitroFSInit
 .text.cardReadArm7
                0x0200a504       0x6c C:/msys64/opt/wonderful/thirdparty/blocksds/core/libs/libnds/lib\libnds9.a(card.c.o)
                0x0200a504                cardReadArm7
 .text.dldi_arm7_read_sectors
                0x0200a570       0x5c C:/msys64/opt/wonderful/thirdparty/blocksds/core/libs/libnds/lib\libnds9.a(dldi.c.o)
 .text.dldi_arm7_shutdown
                0x0200a5cc       0x3c C:/msys64/opt/wonderful/thirdparty/blocksds/core/libs/libnds/lib\libnds9.a(dldi.c.o)
 .text.dldi_arm7_clear_status
                0x0200a608       0x3c C:/msys64/opt/wonderful/thirdparty/blocksds/core/libs/libnds/lib\libnds9.a(dldi.c.o)
 .text.dldi_arm7_is_inserted
                0x0200a644       0x3c C:/msys64/opt/wonderful/thirdparty/blocksds/core/libs/libnds/lib\libnds9.a(dldi.c.o)
 .text.dldi_arm7_startup
                0x0200a680       0x50 C:/msys64/opt/wonderful/thirdparty/blocksds/core/libs/libnds/lib\libnds9.a(dldi.c.o)
 .text.dldi_arm7_write_sectors
                0x0200a6d0       0x5c C:/msys64/opt/wonderful/thirdparty/blocksds/core/libs/libnds/lib\libnds9.a(dldi.c.o)
 .text.dldiGetMode
                0x0200a72c        0xc C:/msys64/opt/wonderful/thirdparty/blocksds/core/libs/libnds/lib\libnds9.a(dldi.c.o)
                0x0200a72c                dldiGetMode
 .text.dldiGetInternal
                0x0200a738       0xac C:/msys64/opt/wonderful/thirdparty/blocksds/core/libs/libnds/lib\libnds9.a(dldi.c.o)
                0x0200a738                dldiGetInternal
 .text.dldiGetStubDataEnd
                0x0200a7e4       0x1c C:/msys64/opt/wonderful/thirdparty/blocksds/core/libs/libnds/lib\libnds9.a(dldi.c.o)
                0x0200a7e4                dldiGetStubDataEnd
 .text.dldiGetStubEnd
                0x0200a800        0x8 C:/msys64/opt/wonderful/thirdparty/blocksds/core/libs/libnds/lib\libnds9.a(dldi.c.o)
                0x0200a800                dldiGetStubEnd
 .text.get_io_dsinand
                0x0200a808       0x18 C:/msys64/opt/wonderful/thirdparty/blocksds/core/libs/libnds/lib\libnds9.a(nandfs.c.o)
                0x0200a808                get_io_dsinand
 .text.get_io_dsisd
                0x0200a820       0x24 C:/msys64/opt/wonderful/thirdparty/blocksds/core/libs/libnds/lib\libnds9.a(sdmmc.c.o)
                0x0200a820                get_io_dsisd
 .text.initSystem
                0x0200a844      0x128 C:/msys64/opt/wonderful/thirdparty/blocksds/core/libs/libnds/lib\libnds9.a(initSystem.c.o)
                0x0200a844                initSystem
 .text.scanKeys
                0x0200a96c       0xcc C:/msys64/opt/wonderful/thirdparty/blocksds/core/libs/libnds/lib\libnds9.a(keys.c.o)
                0x0200a96c                scanKeys
 .text.keysHeld
                0x0200aa38        0xc C:/msys64/opt/wonderful/thirdparty/blocksds/core/libs/libnds/lib\libnds9.a(keys.c.o)
                0x0200aa38                keysHeld
 .text.keysDown
                0x0200aa44        0xc C:/msys64/opt/wonderful/thirdparty/blocksds/core/libs/libnds/lib\libnds9.a(keys.c.o)
                0x0200aa44                keysDown
 .text.keysUp   0x0200aa50        0xc C:/msys64/opt/wonderful/thirdparty/blocksds/core/libs/libnds/lib\libnds9.a(keys.c.o)
                0x0200aa50                keysUp
 .text.touchRead
                0x0200aa5c       0x24 C:/msys64/opt/wonderful/thirdparty/blocksds/core/libs/libnds/lib\libnds9.a(keys.c.o)
                0x0200aa5c                touchRead
 .text.setTransferInputData
                0x0200aa80       0x1c C:/msys64/opt/wonderful/thirdparty/blocksds/core/libs/libnds/lib\libnds9.a(keys.c.o)
                0x0200aa80                setTransferInputData
 .text.systemValueHandler
                0x0200aa9c       0xc4 C:/msys64/opt/wonderful/thirdparty/blocksds/core/libs/libnds/lib\libnds9.a(system.c.o)
                0x0200aa9c                systemValueHandler
 .text.systemMsgHandler
                0x0200ab60       0x2c C:/msys64/opt/wonderful/thirdparty/blocksds/core/libs/libnds/lib\libnds9.a(system.c.o)
                0x0200ab60                systemMsgHandler
 .text.powerOn  0x0200ab8c       0x2c C:/msys64/opt/wonderful/thirdparty/blocksds/core/libs/libnds/lib\libnds9.a(system.c.o)
                0x0200ab8c                powerOn
 .text.memBufferIsInMainRam
                0x0200abb8       0x1c C:/msys64/opt/wonderful/thirdparty/blocksds/core/libs/libnds/lib\libnds9.a(system.c.o)
                0x0200abb8                memBufferIsInMainRam
 .text.sinLutLookup
                0x0200abd4       0x4c C:/msys64/opt/wonderful/thirdparty/blocksds/core/libs/libnds/lib\libnds9.a(trig.c.o)
                0x0200abd4                sinLutLookup
 .text.sinLerp  0x0200ac20       0x38 C:/msys64/opt/wonderful/thirdparty/blocksds/core/libs/libnds/lib\libnds9.a(trig.c.o)
                0x0200ac20                sinLerp
 .text.cosLerp  0x0200ac58       0x44 C:/msys64/opt/wonderful/thirdparty/blocksds/core/libs/libnds/lib\libnds9.a(trig.c.o)
                0x0200ac58                cosLerp
 .text.checkIfText
                0x0200ac9c       0x6c C:/msys64/opt/wonderful/thirdparty/blocksds/core/libs/libnds/lib\libnds9.a(background.c.o)
                0x0200ac9c                checkIfText
 .text.bgUpdate
                0x0200ad08       0xe8 C:/msys64/opt/wonderful/thirdparty/blocksds/core/libs/libnds/lib\libnds9.a(background.c.o)
                0x0200ad08                bgUpdate
 .text.bgInit_call
                0x0200adf0       0xa8 C:/msys64/opt/wonderful/thirdparty/blocksds/core/libs/libnds/lib\libnds9.a(background.c.o)
                0x0200adf0                bgInit_call
 .text.bgInitSub_call
                0x0200ae98       0xb0 C:/msys64/opt/wonderful/thirdparty/blocksds/core/libs/libnds/lib\libnds9.a(background.c.o)
                0x0200ae98                bgInitSub_call
 .text.setBrightness
                0x0200af48       0x40 C:/msys64/opt/wonderful/thirdparty/blocksds/core/libs/libnds/lib\libnds9.a(video.c.o)
                0x0200af48                setBrightness
 .text.vramDefault
                0x0200af88       0xe4 C:/msys64/opt/wonderful/thirdparty/blocksds/core/libs/libnds/lib\libnds9.a(video.c.o)
                0x0200af88                vramDefault
 .text.glOrthof32
                0x0200b06c      0x204 C:/msys64/opt/wonderful/thirdparty/blocksds/core/libs/libnds/lib\libnds9.a(videoGL.c.o)
                0x0200b06c                glOrthof32
 .text.glResetMatrixStack
                0x0200b270       0x68 C:/msys64/opt/wonderful/thirdparty/blocksds/core/libs/libnds/lib\libnds9.a(videoGL.c.o)
                0x0200b270                glResetMatrixStack
 .text.vramBlock_init
                0x0200b2d8       0x84 C:/msys64/opt/wonderful/thirdparty/blocksds/core/libs/libnds/lib\libnds9.a(videoGL.c.o)
                0x0200b2d8                vramBlock_init
 .text.glInit   0x0200b35c      0x270 C:/msys64/opt/wonderful/thirdparty/blocksds/core/libs/libnds/lib\libnds9.a(videoGL.c.o)
                0x0200b35c                glInit
 .text.glClearColor
                0x0200b5cc       0x38 C:/msys64/opt/wonderful/thirdparty/blocksds/core/libs/libnds/lib\libnds9.a(videoGL.c.o)
                0x0200b5cc                glClearColor
 .text.cardPolledTransfer
                0x0200b604       0x5c C:/msys64/opt/wonderful/thirdparty/blocksds/core/libs/libnds/lib\libnds9.a(card.c.o)
                0x0200b604                cardPolledTransfer
 .text.cardRead
                0x0200b660      0x190 C:/msys64/opt/wonderful/thirdparty/blocksds/core/libs/libnds/lib\libnds9.a(card.c.o)
                0x0200b660                cardRead
 .text.cothread_delete_internal
                0x0200b7f0       0xa0 C:/msys64/opt/wonderful/thirdparty/blocksds/core/libs/libnds/lib\libnds9.a(threads.c.o)
 .text.cothread_main
                0x0200b890       0x1c C:/msys64/opt/wonderful/thirdparty/blocksds/core/libs/libnds/lib\libnds9.a(threads.c.o)
                0x0200b890                cothread_main
 .text.cothread_yield
                0x0200b8ac       0x20 C:/msys64/opt/wonderful/thirdparty/blocksds/core/libs/libnds/lib\libnds9.a(threads.c.o)
                0x0200b8ac                cothread_yield
 .text.cothread_yield_irq
                0x0200b8cc       0xa8 C:/msys64/opt/wonderful/thirdparty/blocksds/core/libs/libnds/lib\libnds9.a(threads.c.o)
                0x0200b8cc                cothread_yield_irq
 .text.cothread_start
                0x0200b974      0x114 C:/msys64/opt/wonderful/thirdparty/blocksds/core/libs/libnds/lib\libnds9.a(threads.c.o)
                0x0200b974                cothread_start
 .text.setExceptionHandler
                0x0200ba88       0x18 C:/msys64/opt/wonderful/thirdparty/blocksds/core/libs/libnds/lib\libnds9.a(exceptions.c.o)
                0x0200ba88                setExceptionHandler
 .text.libndsCrash
                0x0200baa0        0xc C:/msys64/opt/wonderful/thirdparty/blocksds/core/libs/libnds/lib\libnds9.a(exceptions.c.o)
                0x0200baa0                libndsCrash
 .text.fifo_buffer_wait_block
                0x0200baac       0x74 C:/msys64/opt/wonderful/thirdparty/blocksds/core/libs/libnds/lib\libnds9.a(fifosystem.c.o)
 .text.fifoFillTxFifoFromBuffer
                0x0200bb20       0xa0 C:/msys64/opt/wonderful/thirdparty/blocksds/core/libs/libnds/lib\libnds9.a(fifosystem.c.o)
 .text.fifoInternalSendInterrupt
                0x0200bbc0        0x8 C:/msys64/opt/wonderful/thirdparty/blocksds/core/libs/libnds/lib\libnds9.a(fifosystem.c.o)
 .text.fifoInternalSend
                0x0200bbc8       0xd8 C:/msys64/opt/wonderful/thirdparty/blocksds/core/libs/libnds/lib\libnds9.a(fifosystem.c.o)
 .text.fifoSendValue32
                0x0200bca0       0x3c C:/msys64/opt/wonderful/thirdparty/blocksds/core/libs/libnds/lib\libnds9.a(fifosystem.c.o)
                0x0200bca0                fifoSendValue32
 .text.fifoSendDatamsg
                0x0200bcdc       0x84 C:/msys64/opt/wonderful/thirdparty/blocksds/core/libs/libnds/lib\libnds9.a(fifosystem.c.o)
                0x0200bcdc                fifoSendDatamsg
 .text.fifoGetDatamsg
                0x0200bd60       0xe0 C:/msys64/opt/wonderful/thirdparty/blocksds/core/libs/libnds/lib\libnds9.a(fifosystem.c.o)
                0x0200bd60                fifoGetDatamsg
 .text.fifoReadRxFifoAndProcessBuffer
                0x0200be40      0x344 C:/msys64/opt/wonderful/thirdparty/blocksds/core/libs/libnds/lib\libnds9.a(fifosystem.c.o)
 .text.fifoGetValue32
                0x0200c184       0x7c C:/msys64/opt/wonderful/thirdparty/blocksds/core/libs/libnds/lib\libnds9.a(fifosystem.c.o)
                0x0200c184                fifoGetValue32
 .text.fifoInternalRecvInterrupt
                0x0200c200        0x8 C:/msys64/opt/wonderful/thirdparty/blocksds/core/libs/libnds/lib\libnds9.a(fifosystem.c.o)
 .text.fifoSetValue32Handler
                0x0200c208       0x80 C:/msys64/opt/wonderful/thirdparty/blocksds/core/libs/libnds/lib\libnds9.a(fifosystem.c.o)
                0x0200c208                fifoSetValue32Handler
 .text.fifoSetDatamsgHandler
                0x0200c288       0xa8 C:/msys64/opt/wonderful/thirdparty/blocksds/core/libs/libnds/lib\libnds9.a(fifosystem.c.o)
                0x0200c288                fifoSetDatamsgHandler
 .text.fifoCheckValue32
                0x0200c330       0x34 C:/msys64/opt/wonderful/thirdparty/blocksds/core/libs/libnds/lib\libnds9.a(fifosystem.c.o)
                0x0200c330                fifoCheckValue32
 .text.fifoInit
                0x0200c364      0x138 C:/msys64/opt/wonderful/thirdparty/blocksds/core/libs/libnds/lib\libnds9.a(fifosystem.c.o)
                0x0200c364                fifoInit
 .text.fifoMutexAcquire
                0x0200c49c       0x34 C:/msys64/opt/wonderful/thirdparty/blocksds/core/libs/libnds/lib\libnds9.a(fifosystem.c.o)
                0x0200c49c                fifoMutexAcquire
 .text.fifoMutexRelease
                0x0200c4d0       0x20 C:/msys64/opt/wonderful/thirdparty/blocksds/core/libs/libnds/lib\libnds9.a(fifosystem.c.o)
                0x0200c4d0                fifoMutexRelease
 .text.irqSet   0x0200c4f0       0x90 C:/msys64/opt/wonderful/thirdparty/blocksds/core/libs/libnds/lib\libnds9.a(interrupts.c.o)
                0x0200c4f0                irqSet
 .text.irqInit  0x0200c580       0x44 C:/msys64/opt/wonderful/thirdparty/blocksds/core/libs/libnds/lib\libnds9.a(interrupts.c.o)
                0x0200c580                irqInit
 .text.irqEnable
                0x0200c5c4       0x64 C:/msys64/opt/wonderful/thirdparty/blocksds/core/libs/libnds/lib\libnds9.a(interrupts.c.o)
                0x0200c5c4                irqEnable
 .text.systemErrorExit
                0x0200c628        0x4 C:/msys64/opt/wonderful/thirdparty/blocksds/core/libs/libnds/lib\libnds9.a(exit.c.o)
                0x0200c628                systemErrorExit
 .text.__libnds_exit
                0x0200c62c        0x8 C:/msys64/opt/wonderful/thirdparty/blocksds/core/libs/libnds/lib\libnds9.a(exit.c.o)
                0x0200c62c                __libnds_exit
 .text._exit    0x0200c634       0xb8 C:/msys64/opt/wonderful/thirdparty/blocksds/core/libs/libnds/lib\libnds9.a(exit.c.o)
                0x0200c634                _exit
 .text.reduceHeapSize
                0x0200c6ec       0x2c C:/msys64/opt/wonderful/thirdparty/blocksds/core/libs/libnds/lib\libnds9.a(heapfuncs.c.o)
                0x0200c6ec                reduceHeapSize
 .text.__retarget_lock_init_recursive
                0x0200c718       0x44 C:/msys64/opt/wonderful/thirdparty/blocksds/core/libs/libnds/lib\libnds9.a(locks.c.o)
                0x0200c718                __retarget_lock_init_recursive
 .text.__retarget_lock_acquire_recursive
                0x0200c75c       0x70 C:/msys64/opt/wonderful/thirdparty/blocksds/core/libs/libnds/lib\libnds9.a(locks.c.o)
                0x0200c75c                __retarget_lock_acquire_recursive
 .text.__retarget_lock_release_recursive
                0x0200c7cc       0x58 C:/msys64/opt/wonderful/thirdparty/blocksds/core/libs/libnds/lib\libnds9.a(locks.c.o)
                0x0200c7cc                __retarget_lock_release_recursive
 .text.__retarget_lock_init
                0x0200c824        0x8 C:/msys64/opt/wonderful/thirdparty/blocksds/core/libs/libnds/lib\libnds9.a(locks.c.o)
                0x0200c824                __retarget_lock_init
 .text.__retarget_lock_close
                0x0200c82c       0x30 C:/msys64/opt/wonderful/thirdparty/blocksds/core/libs/libnds/lib\libnds9.a(locks.c.o)
                0x0200c82c                __retarget_lock_close
 .text.__retarget_lock_acquire
                0x0200c85c        0x8 C:/msys64/opt/wonderful/thirdparty/blocksds/core/libs/libnds/lib\libnds9.a(locks.c.o)
                0x0200c85c                __retarget_lock_acquire
 .text.__retarget_lock_release
                0x0200c864        0x8 C:/msys64/opt/wonderful/thirdparty/blocksds/core/libs/libnds/lib\libnds9.a(locks.c.o)
                0x0200c864                __retarget_lock_release
 .text.sbrk     0x0200c86c       0x44 C:/msys64/opt/wonderful/thirdparty/blocksds/core/libs/libnds/lib\libnds9.a(sbrk.c.o)
                0x0200c86c                sbrk
 .text.__ndsabi_coro_make_noctx
                0x0200c8b0       0x28 C:/msys64/opt/wonderful/thirdparty/blocksds/core/libs/libnds/lib\libnds9.a(coroutine.c.o)
                0x0200c8b0                __ndsabi_coro_make_noctx
 .text.tchar2uni
                0x0200c8d8       0xb4 C:/msys64/opt/wonderful/thirdparty/blocksds/core/libs/libnds/lib\libnds9.a(ff.c.o)
 .text.get_ldnumber
                0x0200c98c       0xdc C:/msys64/opt/wonderful/thirdparty/blocksds/core/libs/libnds/lib\libnds9.a(ff.c.o)
 .text.put_utf  0x0200ca68       0xfc C:/msys64/opt/wonderful/thirdparty/blocksds/core/libs/libnds/lib\libnds9.a(ff.c.o)
 .text.get_fileinfo
                0x0200cb64      0x190 C:/msys64/opt/wonderful/thirdparty/blocksds/core/libs/libnds/lib\libnds9.a(ff.c.o)
 .text.dir_clear
                0x0200ccf4      0x10c C:/msys64/opt/wonderful/thirdparty/blocksds/core/libs/libnds/lib\libnds9.a(ff.c.o)
 .text.unlock_volume.part.0.isra.0
                0x0200ce00        0x8 C:/msys64/opt/wonderful/thirdparty/blocksds/core/libs/libnds/lib\libnds9.a(ff.c.o)
 .text.sync_fs  0x0200ce08       0xb8 C:/msys64/opt/wonderful/thirdparty/blocksds/core/libs/libnds/lib\libnds9.a(ff.c.o)
 .text.move_window
                0x0200cec0       0x78 C:/msys64/opt/wonderful/thirdparty/blocksds/core/libs/libnds/lib\libnds9.a(ff.c.o)
 .text.put_fat.part.0
                0x0200cf38      0x10c C:/msys64/opt/wonderful/thirdparty/blocksds/core/libs/libnds/lib\libnds9.a(ff.c.o)
 .text.get_fat.isra.0
                0x0200d044       0xb8 C:/msys64/opt/wonderful/thirdparty/blocksds/core/libs/libnds/lib\libnds9.a(ff.c.o)
 .text.remove_chain
                0x0200d0fc       0x84 C:/msys64/opt/wonderful/thirdparty/blocksds/core/libs/libnds/lib\libnds9.a(ff.c.o)
 .text.create_chain
                0x0200d180      0x124 C:/msys64/opt/wonderful/thirdparty/blocksds/core/libs/libnds/lib\libnds9.a(ff.c.o)
 .text.dir_next
                0x0200d2a4       0xd4 C:/msys64/opt/wonderful/thirdparty/blocksds/core/libs/libnds/lib\libnds9.a(ff.c.o)
 .text.dir_sdi  0x0200d378       0x9c C:/msys64/opt/wonderful/thirdparty/blocksds/core/libs/libnds/lib\libnds9.a(ff.c.o)
 .text.dir_alloc
                0x0200d414       0x4c C:/msys64/opt/wonderful/thirdparty/blocksds/core/libs/libnds/lib\libnds9.a(ff.c.o)
 .text.dir_find
                0x0200d460      0x1d0 C:/msys64/opt/wonderful/thirdparty/blocksds/core/libs/libnds/lib\libnds9.a(ff.c.o)
 .text.follow_path
                0x0200d630      0x41c C:/msys64/opt/wonderful/thirdparty/blocksds/core/libs/libnds/lib\libnds9.a(ff.c.o)
 .text.dir_register
                0x0200da4c      0x304 C:/msys64/opt/wonderful/thirdparty/blocksds/core/libs/libnds/lib\libnds9.a(ff.c.o)
 .text.validate
                0x0200dd50       0x58 C:/msys64/opt/wonderful/thirdparty/blocksds/core/libs/libnds/lib\libnds9.a(ff.c.o)
 .text.check_fs
                0x0200dda8      0x150 C:/msys64/opt/wonderful/thirdparty/blocksds/core/libs/libnds/lib\libnds9.a(ff.c.o)
 .text.mount_volume
                0x0200def8      0x354 C:/msys64/opt/wonderful/thirdparty/blocksds/core/libs/libnds/lib\libnds9.a(ff.c.o)
 .text.f_mount  0x0200e24c       0x9c C:/msys64/opt/wonderful/thirdparty/blocksds/core/libs/libnds/lib\libnds9.a(ff.c.o)
                0x0200e24c                libnds_f_mount
 .text.f_open   0x0200e2e8      0x2c0 C:/msys64/opt/wonderful/thirdparty/blocksds/core/libs/libnds/lib\libnds9.a(ff.c.o)
                0x0200e2e8                libnds_f_open
 .text.f_read   0x0200e5a8      0x298 C:/msys64/opt/wonderful/thirdparty/blocksds/core/libs/libnds/lib\libnds9.a(ff.c.o)
                0x0200e5a8                libnds_f_read
 .text.f_write  0x0200e840      0x2ec C:/msys64/opt/wonderful/thirdparty/blocksds/core/libs/libnds/lib\libnds9.a(ff.c.o)
                0x0200e840                libnds_f_write
 .text.f_sync   0x0200eb2c       0xd8 C:/msys64/opt/wonderful/thirdparty/blocksds/core/libs/libnds/lib\libnds9.a(ff.c.o)
                0x0200eb2c                libnds_f_sync
 .text.f_close  0x0200ec04       0x30 C:/msys64/opt/wonderful/thirdparty/blocksds/core/libs/libnds/lib\libnds9.a(ff.c.o)
                0x0200ec04                libnds_f_close
 .text.f_chdrive
                0x0200ec34       0x24 C:/msys64/opt/wonderful/thirdparty/blocksds/core/libs/libnds/lib\libnds9.a(ff.c.o)
                0x0200ec34                libnds_f_chdrive
 .text.f_chdir  0x0200ec58       0xb0 C:/msys64/opt/wonderful/thirdparty/blocksds/core/libs/libnds/lib\libnds9.a(ff.c.o)
                0x0200ec58                libnds_f_chdir
 .text.f_lseek  0x0200ed08      0x310 C:/msys64/opt/wonderful/thirdparty/blocksds/core/libs/libnds/lib\libnds9.a(ff.c.o)
                0x0200ed08                libnds_f_lseek
 .text.f_stat   0x0200f018       0xd8 C:/msys64/opt/wonderful/thirdparty/blocksds/core/libs/libnds/lib\libnds9.a(ff.c.o)
                0x0200f018                libnds_f_stat
 .text.ff_uni2oem
                0x0200f0f0       0x40 C:/msys64/opt/wonderful/thirdparty/blocksds/core/libs/libnds/lib\libnds9.a(ffunicode.c.o)
                0x0200f0f0                libnds_ff_uni2oem
 .text.ff_oem2uni
                0x0200f130       0x2c C:/msys64/opt/wonderful/thirdparty/blocksds/core/libs/libnds/lib\libnds9.a(ffunicode.c.o)
                0x0200f130                libnds_ff_oem2uni
 .text.ff_wtoupper
                0x0200f15c       0xcc C:/msys64/opt/wonderful/thirdparty/blocksds/core/libs/libnds/lib\libnds9.a(ffunicode.c.o)
                0x0200f15c                libnds_ff_wtoupper
 .text.__aeabi_read_tp
                0x0200f228        0xc C:/msys64/opt/wonderful/thirdparty/blocksds/core/libs/libnds/lib\libnds9.a(aeabi_read_tp.s.o)
                0x0200f228                __aeabi_read_tp
 .text.enterException
                0x0200f234       0xd4 C:/msys64/opt/wonderful/thirdparty/blocksds/core/libs/libnds/lib\libnds9.a(exceptionHandler.s.o)
                0x0200f234                enterException
                0x0200f2a8                exceptionC
                0x0200f2ac                exceptionStack
                0x0200f2b0                exceptionRegisters
 .text.__ndsabi_coro_resume
                0x0200f308       0x18 C:/msys64/opt/wonderful/thirdparty/blocksds/core/libs/libnds/lib\libnds9.a(coroutine.s.o)
                0x0200f308                __ndsabi_coro_resume
 .text.__ndsabi_coro_yield
                0x0200f320       0x1c C:/msys64/opt/wonderful/thirdparty/blocksds/core/libs/libnds/lib\libnds9.a(coroutine.s.o)
                0x0200f320                __ndsabi_coro_yield
 .text.__ndsabi_coro_pop_noctx
                0x0200f33c       0x34 C:/msys64/opt/wonderful/thirdparty/blocksds/core/libs/libnds/lib\libnds9.a(coroutine.s.o)
                0x0200f33c                __ndsabi_coro_pop_noctx
 .text.DynamicArrayInit
                0x0200f370       0x18 C:/msys64/opt/wonderful/thirdparty/blocksds/core/libs/libnds/lib\libnds9.a(dynamicArray.c.o)
                0x0200f370                DynamicArrayInit
 .text.DynamicArrayDelete
                0x0200f388       0x14 C:/msys64/opt/wonderful/thirdparty/blocksds/core/libs/libnds/lib\libnds9.a(dynamicArray.c.o)
                0x0200f388                DynamicArrayDelete
 .text.DynamicArraySet
                0x0200f39c       0x48 C:/msys64/opt/wonderful/thirdparty/blocksds/core/libs/libnds/lib\libnds9.a(dynamicArray.c.o)
                0x0200f39c                DynamicArraySet
 .text.keyboardShiftState.part.0
                0x0200f3e4       0x78 C:/msys64/opt/wonderful/thirdparty/blocksds/core/libs/libnds/lib\libnds9.a(keyboard.c.o)
 .text.swapKeyGfx.part.0
                0x0200f45c      0x134 C:/msys64/opt/wonderful/thirdparty/blocksds/core/libs/libnds/lib\libnds9.a(keyboard.c.o)
 .text.keyboardGetKey
                0x0200f590       0x64 C:/msys64/opt/wonderful/thirdparty/blocksds/core/libs/libnds/lib\libnds9.a(keyboard.c.o)
                0x0200f590                keyboardGetKey
 .text.keyboardUpdate
                0x0200f5f4      0x11c C:/msys64/opt/wonderful/thirdparty/blocksds/core/libs/libnds/lib\libnds9.a(keyboard.c.o)
                0x0200f5f4                keyboardUpdate
 .text.keyboardShow
                0x0200f710      0x140 C:/msys64/opt/wonderful/thirdparty/blocksds/core/libs/libnds/lib\libnds9.a(keyboard.c.o)
                0x0200f710                keyboardShow
 .text.keyboardHide
                0x0200f850       0x90 C:/msys64/opt/wonderful/thirdparty/blocksds/core/libs/libnds/lib\libnds9.a(keyboard.c.o)
                0x0200f850                keyboardHide
 .text.cache_initialized
                0x0200f8e0       0x10 C:/msys64/opt/wonderful/thirdparty/blocksds/core/libs/libnds/lib\libnds9.a(cache.c.o)
                0x0200f8e0                cache_initialized
 .text.cache_init
                0x0200f8f0       0xac C:/msys64/opt/wonderful/thirdparty/blocksds/core/libs/libnds/lib\libnds9.a(cache.c.o)
                0x0200f8f0                cache_init
 .text.cache_sector_get
                0x0200f99c       0x70 C:/msys64/opt/wonderful/thirdparty/blocksds/core/libs/libnds/lib\libnds9.a(cache.c.o)
                0x0200f99c                cache_sector_get
 .text.cache_sector_add
                0x0200fa0c       0xb0 C:/msys64/opt/wonderful/thirdparty/blocksds/core/libs/libnds/lib\libnds9.a(cache.c.o)
                0x0200fa0c                cache_sector_add
 .text.cache_sector_invalidate
                0x0200fabc       0x4c C:/msys64/opt/wonderful/thirdparty/blocksds/core/libs/libnds/lib\libnds9.a(cache.c.o)
                0x0200fabc                cache_sector_invalidate
 .text.disk_status
                0x0200fb08       0x6c C:/msys64/opt/wonderful/thirdparty/blocksds/core/libs/libnds/lib\libnds9.a(diskio.c.o)
                0x0200fb08                libnds_disk_status
 .text.disk_initialize
                0x0200fb74       0x74 C:/msys64/opt/wonderful/thirdparty/blocksds/core/libs/libnds/lib\libnds9.a(diskio.c.o)
                0x0200fb74                libnds_disk_initialize
 .text.disk_read
                0x0200fbe8      0x104 C:/msys64/opt/wonderful/thirdparty/blocksds/core/libs/libnds/lib\libnds9.a(diskio.c.o)
                0x0200fbe8                libnds_disk_read
 .text.disk_write
                0x0200fcec       0xbc C:/msys64/opt/wonderful/thirdparty/blocksds/core/libs/libnds/lib\libnds9.a(diskio.c.o)
                0x0200fcec                libnds_disk_write
 .text.disk_ioctl
                0x0200fda8       0x48 C:/msys64/opt/wonderful/thirdparty/blocksds/core/libs/libnds/lib\libnds9.a(diskio.c.o)
                0x0200fda8                libnds_disk_ioctl
 .text.get_fattime
                0x0200fdf0       0x1c C:/msys64/opt/wonderful/thirdparty/blocksds/core/libs/libnds/lib\libnds9.a(diskio.c.o)
                0x0200fdf0                libnds_ff_get_fattime
 .text.ff_mutex_create
                0x0200fe0c       0x10 C:/msys64/opt/wonderful/thirdparty/blocksds/core/libs/libnds/lib\libnds9.a(ffsystem.c.o)
                0x0200fe0c                libnds_ff_mutex_create
 .text.ff_mutex_delete
                0x0200fe1c        0x4 C:/msys64/opt/wonderful/thirdparty/blocksds/core/libs/libnds/lib\libnds9.a(ffsystem.c.o)
                0x0200fe1c                libnds_ff_mutex_delete
 .text.ff_mutex_take
                0x0200fe20       0x18 C:/msys64/opt/wonderful/thirdparty/blocksds/core/libs/libnds/lib\libnds9.a(ffsystem.c.o)
                0x0200fe20                libnds_ff_mutex_take
 .text.ff_mutex_give
                0x0200fe38       0x1c C:/msys64/opt/wonderful/thirdparty/blocksds/core/libs/libnds/lib\libnds9.a(ffsystem.c.o)
                0x0200fe38                libnds_ff_mutex_give
 .text.__sassert
                0x0200fe54       0x90 C:/msys64/opt/wonderful/thirdparty/blocksds/core/libs/libnds/lib\libnds9.a(sassert.c.o)
                0x0200fe54                __sassert
 .text.releaseCrashHandler
                0x0200fee4       0x7c C:/msys64/opt/wonderful/thirdparty/blocksds/core/libs/libnds/lib\libnds9.a(exceptions.c.o)
 .text.exceptionStatePrint
                0x0200ff60       0xf4 C:/msys64/opt/wonderful/thirdparty/blocksds/core/libs/libnds/lib\libnds9.a(exceptions.c.o)
                0x0200ff60                exceptionStatePrint
 .text.releaseExceptionHandler
                0x02010054       0x10 C:/msys64/opt/wonderful/thirdparty/blocksds/core/libs/libnds/lib\libnds9.a(exceptions.c.o)
                0x02010054                releaseExceptionHandler
 .text.getCPSR  0x02010064        0x8 C:/msys64/opt/wonderful/thirdparty/blocksds/core/libs/libnds/lib\libnds9.a(cpu.s.o)
                0x02010064                getCPSR
 .text.calloc   0x0201006c       0xb4 C:/msys64/opt/wonderful/toolchain/gcc-arm-none-eabi/lib/gcc/arm-none-eabi/15.2.1/../../../../arm-none-eabi/lib/thumb/arm946e-s\libc.a(malloc-calloc.c.o)
                0x0201006c                calloc
 .text.malloc_trim
                0x02010120       0x9c C:/msys64/opt/wonderful/toolchain/gcc-arm-none-eabi/lib/gcc/arm-none-eabi/15.2.1/../../../../arm-none-eabi/lib/thumb/arm946e-s\libc.a(malloc-free.c.o)
                0x02010120                malloc_trim
 .text.free     0x020101bc      0x164 C:/msys64/opt/wonderful/toolchain/gcc-arm-none-eabi/lib/gcc/arm-none-eabi/15.2.1/../../../../arm-none-eabi/lib/thumb/arm946e-s\libc.a(malloc-free.c.o)
                0x020101bc                free
                0x020101bc                __malloc_free
 .text.malloc   0x02010320      0x434 C:/msys64/opt/wonderful/toolchain/gcc-arm-none-eabi/lib/gcc/arm-none-eabi/15.2.1/../../../../arm-none-eabi/lib/thumb/arm946e-s\libc.a(malloc-malloc.c.o)
                0x02010320                malloc
 .text.realloc  0x02010754      0x32c C:/msys64/opt/wonderful/toolchain/gcc-arm-none-eabi/lib/gcc/arm-none-eabi/15.2.1/../../../../arm-none-eabi/lib/thumb/arm946e-s\libc.a(malloc-realloc.c.o)
                0x02010754                realloc
 .text.__libc_init_array
                0x02010a80       0x1c C:/msys64/opt/wonderful/toolchain/gcc-arm-none-eabi/lib/gcc/arm-none-eabi/15.2.1/../../../../arm-none-eabi/lib/thumb/arm946e-s\libc.a(libc_misc_init.c.o)
                0x02010a80                __libc_init_array
 .text.rand     0x02010a9c        0xc C:/msys64/opt/wonderful/toolchain/gcc-arm-none-eabi/lib/gcc/arm-none-eabi/15.2.1/../../../../arm-none-eabi/lib/thumb/arm946e-s\libc.a(libc_stdlib_rand.c.o)
                0x02010a9c                rand
 .text.random   0x02010aa8       0x34 C:/msys64/opt/wonderful/toolchain/gcc-arm-none-eabi/lib/gcc/arm-none-eabi/15.2.1/../../../../arm-none-eabi/lib/thumb/arm946e-s\libc.a(libc_stdlib_random.c.o)
                0x02010aa8                random
 .text.srand    0x02010adc        0x8 C:/msys64/opt/wonderful/toolchain/gcc-arm-none-eabi/lib/gcc/arm-none-eabi/15.2.1/../../../../arm-none-eabi/lib/thumb/arm946e-s\libc.a(libc_stdlib_srand.c.o)
                0x02010adc                srand
 .text.srandom  0x02010ae4       0x18 C:/msys64/opt/wonderful/toolchain/gcc-arm-none-eabi/lib/gcc/arm-none-eabi/15.2.1/../../../../arm-none-eabi/lib/thumb/arm946e-s\libc.a(libc_stdlib_srandom.c.o)
                0x02010ae4                srandom
 .text.exit     0x02010afc        0xe C:/msys64/opt/wonderful/toolchain/gcc-arm-none-eabi/lib/gcc/arm-none-eabi/15.2.1/../../../../arm-none-eabi/lib/thumb/arm946e-s\libc.a(libc_stdlib_pico-exit.c.o)
                0x02010afc                exit
 .text.memcmp   0x02010b0a       0x1c C:/msys64/opt/wonderful/toolchain/gcc-arm-none-eabi/lib/gcc/arm-none-eabi/15.2.1/../../../../arm-none-eabi/lib/thumb/arm946e-s\libc.a(libc_string_memcmp.c.o)
                0x02010b0a                memcmp
 .text.strchr   0x02010b26       0x1e C:/msys64/opt/wonderful/toolchain/gcc-arm-none-eabi/lib/gcc/arm-none-eabi/15.2.1/../../../../arm-none-eabi/lib/thumb/arm946e-s\libc.a(libc_string_strchr.c.o)
                0x02010b26                strchr
 .text.strdup   0x02010b44       0x20 C:/msys64/opt/wonderful/toolchain/gcc-arm-none-eabi/lib/gcc/arm-none-eabi/15.2.1/../../../../arm-none-eabi/lib/thumb/arm946e-s\libc.a(libc_string_strdup.c.o)
                0x02010b44                strdup
 .text.strncmp  0x02010b64       0x24 C:/msys64/opt/wonderful/toolchain/gcc-arm-none-eabi/lib/gcc/arm-none-eabi/15.2.1/../../../../arm-none-eabi/lib/thumb/arm946e-s\libc.a(libc_string_strncmp.c.o)
                0x02010b64                strncmp
 .text.strstr   0x02010b88       0x2c C:/msys64/opt/wonderful/toolchain/gcc-arm-none-eabi/lib/gcc/arm-none-eabi/15.2.1/../../../../arm-none-eabi/lib/thumb/arm946e-s\libc.a(libc_string_strstr.c.o)
                0x02010b88                strstr
 .text.localtime
                0x02010bb4       0x18 C:/msys64/opt/wonderful/toolchain/gcc-arm-none-eabi/lib/gcc/arm-none-eabi/15.2.1/../../../../arm-none-eabi/lib/thumb/arm946e-s\libc.a(libc_time_lcltime.c.o)
                0x02010bb4                localtime
 .text.localtime_r
                0x02010bcc      0x1f8 C:/msys64/opt/wonderful/toolchain/gcc-arm-none-eabi/lib/gcc/arm-none-eabi/15.2.1/../../../../arm-none-eabi/lib/thumb/arm946e-s\libc.a(libc_time_lcltime_r.c.o)
                0x02010bcc                localtime_r
 .text.time     0x02010dc4       0x28 C:/msys64/opt/wonderful/toolchain/gcc-arm-none-eabi/lib/gcc/arm-none-eabi/15.2.1/../../../../arm-none-eabi/lib/thumb/arm946e-s\libc.a(libc_time_time.c.o)
                0x02010dc4                time
 .text.__tzcalc_limits
                0x02010dec      0x178 C:/msys64/opt/wonderful/toolchain/gcc-arm-none-eabi/lib/gcc/arm-none-eabi/15.2.1/../../../../arm-none-eabi/lib/thumb/arm946e-s\libc.a(libc_time_tzcalc_limits.c.o)
                0x02010dec                __tzcalc_limits
 .text._tzset_unlocked
                0x02010f64      0x3e0 C:/msys64/opt/wonderful/toolchain/gcc-arm-none-eabi/lib/gcc/arm-none-eabi/15.2.1/../../../../arm-none-eabi/lib/thumb/arm946e-s\libc.a(libc_time_tzset.c.o)
                0x02010f64                _tzset_unlocked
 .text.fclose   0x02011344       0x18 C:/msys64/opt/wonderful/toolchain/gcc-arm-none-eabi/lib/gcc/arm-none-eabi/15.2.1/../../../../arm-none-eabi/lib/thumb/arm946e-s\libc.a(libc_tinystdio_fclose.c.o)
                0x02011344                fclose
 .text.fdopen   0x0201135c       0xa4 C:/msys64/opt/wonderful/toolchain/gcc-arm-none-eabi/lib/gcc/arm-none-eabi/15.2.1/../../../../arm-none-eabi/lib/thumb/arm946e-s\libc.a(libc_tinystdio_fdopen.c.o)
                0x0201135c                fdopen
 .text.fflush   0x02011400       0x10 C:/msys64/opt/wonderful/toolchain/gcc-arm-none-eabi/lib/gcc/arm-none-eabi/15.2.1/../../../../arm-none-eabi/lib/thumb/arm946e-s\libc.a(libc_tinystdio_fflush.c.o)
                0x02011400                fflush
 .text.fileno   0x02011410       0x10 C:/msys64/opt/wonderful/toolchain/gcc-arm-none-eabi/lib/gcc/arm-none-eabi/15.2.1/../../../../arm-none-eabi/lib/thumb/arm946e-s\libc.a(libc_tinystdio_fileno.c.o)
                0x02011410                fileno
 .text.fopen    0x02011420       0x2e C:/msys64/opt/wonderful/toolchain/gcc-arm-none-eabi/lib/gcc/arm-none-eabi/15.2.1/../../../../arm-none-eabi/lib/thumb/arm946e-s\libc.a(libc_tinystdio_fopen.c.o)
                0x02011420                fopen
 *fill*         0x0201144e        0x2 ff
 .text.fread    0x02011450      0x1b8 C:/msys64/opt/wonderful/toolchain/gcc-arm-none-eabi/lib/gcc/arm-none-eabi/15.2.1/../../../../arm-none-eabi/lib/thumb/arm946e-s\libc.a(libc_tinystdio_fread.c.o)
                0x02011450                fread
 .text.fseek    0x02011608       0x40 C:/msys64/opt/wonderful/toolchain/gcc-arm-none-eabi/lib/gcc/arm-none-eabi/15.2.1/../../../../arm-none-eabi/lib/thumb/arm946e-s\libc.a(libc_tinystdio_fseek.c.o)
                0x02011608                fseek
 .text.fseeko   0x02011648       0x40 C:/msys64/opt/wonderful/toolchain/gcc-arm-none-eabi/lib/gcc/arm-none-eabi/15.2.1/../../../../arm-none-eabi/lib/thumb/arm946e-s\libc.a(libc_tinystdio_fseeko.c.o)
                0x02011648                fseeko
 .text.ftell    0x02011688       0x3c C:/msys64/opt/wonderful/toolchain/gcc-arm-none-eabi/lib/gcc/arm-none-eabi/15.2.1/../../../../arm-none-eabi/lib/thumb/arm946e-s\libc.a(libc_tinystdio_ftell.c.o)
                0x02011688                ftell
 .text.fwrite   0x020116c4      0x16e C:/msys64/opt/wonderful/toolchain/gcc-arm-none-eabi/lib/gcc/arm-none-eabi/15.2.1/../../../../arm-none-eabi/lib/thumb/arm946e-s\libc.a(libc_tinystdio_fwrite.c.o)
                0x020116c4                fwrite
 *fill*         0x02011832        0x2 ff
 .text.printf   0x02011834       0x20 C:/msys64/opt/wonderful/toolchain/gcc-arm-none-eabi/lib/gcc/arm-none-eabi/15.2.1/../../../../arm-none-eabi/lib/thumb/arm946e-s\libc.a(libc_tinystdio_printf.c.o)
                0x02011834                printf
 .text.putchar  0x02011854       0x10 C:/msys64/opt/wonderful/toolchain/gcc-arm-none-eabi/lib/gcc/arm-none-eabi/15.2.1/../../../../arm-none-eabi/lib/thumb/arm946e-s\libc.a(libc_tinystdio_putchar.c.o)
                0x02011854                putchar_unlocked
                0x02011854                putchar
 .text.puts     0x02011864       0x44 C:/msys64/opt/wonderful/toolchain/gcc-arm-none-eabi/lib/gcc/arm-none-eabi/15.2.1/../../../../arm-none-eabi/lib/thumb/arm946e-s\libc.a(libc_tinystdio_puts.c.o)
                0x02011864                puts
 .text.rewind   0x020118a8       0x16 C:/msys64/opt/wonderful/toolchain/gcc-arm-none-eabi/lib/gcc/arm-none-eabi/15.2.1/../../../../arm-none-eabi/lib/thumb/arm946e-s\libc.a(libc_tinystdio_rewind.c.o)
                0x020118a8                rewind
 .text.setvbuf  0x020118be       0x18 C:/msys64/opt/wonderful/toolchain/gcc-arm-none-eabi/lib/gcc/arm-none-eabi/15.2.1/../../../../arm-none-eabi/lib/thumb/arm946e-s\libc.a(libc_tinystdio_setvbuf.c.o)
                0x020118be                setvbuf
 *fill*         0x020118d6        0x2 ff
 .text.__stdio_flags
                0x020118d8       0x58 C:/msys64/opt/wonderful/toolchain/gcc-arm-none-eabi/lib/gcc/arm-none-eabi/15.2.1/../../../../arm-none-eabi/lib/thumb/arm946e-s\libc.a(libc_tinystdio_sflags.c.o)
                0x020118d8                __stdio_flags
 .text.snprintf
                0x02011930       0x54 C:/msys64/opt/wonderful/toolchain/gcc-arm-none-eabi/lib/gcc/arm-none-eabi/15.2.1/../../../../arm-none-eabi/lib/thumb/arm946e-s\libc.a(libc_tinystdio_snprintf.c.o)
                0x02011930                snprintf
 .text.sscanf   0x02011984       0x3c C:/msys64/opt/wonderful/toolchain/gcc-arm-none-eabi/lib/gcc/arm-none-eabi/15.2.1/../../../../arm-none-eabi/lib/thumb/arm946e-s\libc.a(libc_tinystdio_sscanf.c.o)
                0x02011984                sscanf
 .text.strtoul  0x020119c0      0x12c C:/msys64/opt/wonderful/toolchain/gcc-arm-none-eabi/lib/gcc/arm-none-eabi/15.2.1/../../../../arm-none-eabi/lib/thumb/arm946e-s\libc.a(libc_tinystdio_strtoul.c.o)
                0x020119c0                strtoul
 .text.__ultoa_invert
                0x02011aec       0x52 C:/msys64/opt/wonderful/toolchain/gcc-arm-none-eabi/lib/gcc/arm-none-eabi/15.2.1/../../../../arm-none-eabi/lib/thumb/arm946e-s\libc.a(libc_tinystdio_vfprintf.c.o)
 *fill*         0x02011b3e        0x2 ff
 .text.skip_to_arg
                0x02011b40      0x13c C:/msys64/opt/wonderful/toolchain/gcc-arm-none-eabi/lib/gcc/arm-none-eabi/15.2.1/../../../../arm-none-eabi/lib/thumb/arm946e-s\libc.a(libc_tinystdio_vfprintf.c.o)
 .text.vfprintf
                0x02011c7c      0x9c4 C:/msys64/opt/wonderful/toolchain/gcc-arm-none-eabi/lib/gcc/arm-none-eabi/15.2.1/../../../../arm-none-eabi/lib/thumb/arm946e-s\libc.a(libc_tinystdio_vfprintf.c.o)
                0x02011c7c                vfprintf
                0x02011c7c                __d_vfprintf
 .text.scanf_getc
                0x02012640       0x14 C:/msys64/opt/wonderful/toolchain/gcc-arm-none-eabi/lib/gcc/arm-none-eabi/15.2.1/../../../../arm-none-eabi/lib/thumb/arm946e-s\libc.a(libc_tinystdio_vfscanf.c.o)
 .text.scanf_ungetc
                0x02012654       0x12 C:/msys64/opt/wonderful/toolchain/gcc-arm-none-eabi/lib/gcc/arm-none-eabi/15.2.1/../../../../arm-none-eabi/lib/thumb/arm946e-s\libc.a(libc_tinystdio_vfscanf.c.o)
 .text.skip_spaces
                0x02012666       0x2a C:/msys64/opt/wonderful/toolchain/gcc-arm-none-eabi/lib/gcc/arm-none-eabi/15.2.1/../../../../arm-none-eabi/lib/thumb/arm946e-s\libc.a(libc_tinystdio_vfscanf.c.o)
 .text.putval   0x02012690       0x2a C:/msys64/opt/wonderful/toolchain/gcc-arm-none-eabi/lib/gcc/arm-none-eabi/15.2.1/../../../../arm-none-eabi/lib/thumb/arm946e-s\libc.a(libc_tinystdio_vfscanf.c.o)
 *fill*         0x020126ba        0x2 ff
 .text.vfscanf  0x020126bc      0x990 C:/msys64/opt/wonderful/toolchain/gcc-arm-none-eabi/lib/gcc/arm-none-eabi/15.2.1/../../../../arm-none-eabi/lib/thumb/arm946e-s\libc.a(libc_tinystdio_vfscanf.c.o)
                0x020126bc                vfscanf
                0x020126bc                __d_vfscanf
 .text.vprintf  0x0201304c       0x14 C:/msys64/opt/wonderful/toolchain/gcc-arm-none-eabi/lib/gcc/arm-none-eabi/15.2.1/../../../../arm-none-eabi/lib/thumb/arm946e-s\libc.a(libc_tinystdio_vprintf.c.o)
                0x0201304c                vprintf
 .text.mulShift64
                0x02013060       0x62 C:/msys64/opt/wonderful/toolchain/gcc-arm-none-eabi/lib/gcc/arm-none-eabi/15.2.1/../../../../arm-none-eabi/lib/thumb/arm946e-s\libc.a(libc_tinystdio_atod_ryu.c.o)
 *fill*         0x020130c2        0x2 ff
 .text.__atod_engine
                0x020130c4      0x158 C:/msys64/opt/wonderful/toolchain/gcc-arm-none-eabi/lib/gcc/arm-none-eabi/15.2.1/../../../../arm-none-eabi/lib/thumb/arm946e-s\libc.a(libc_tinystdio_atod_ryu.c.o)
                0x020130c4                __atod_engine
 .text.__atof_engine
                0x0201321c      0x120 C:/msys64/opt/wonderful/toolchain/gcc-arm-none-eabi/lib/gcc/arm-none-eabi/15.2.1/../../../../arm-none-eabi/lib/thumb/arm946e-s\libc.a(libc_tinystdio_atof_ryu.c.o)
                0x0201321c                __atof_engine
 .text.mulShiftAll64
                0x0201333c      0x202 C:/msys64/opt/wonderful/toolchain/gcc-arm-none-eabi/lib/gcc/arm-none-eabi/15.2.1/../../../../arm-none-eabi/lib/thumb/arm946e-s\libc.a(libc_tinystdio_dtoa_ryu.c.o)
 *fill*         0x0201353e        0x2 ff
 .text.div10    0x02013540       0x28 C:/msys64/opt/wonderful/toolchain/gcc-arm-none-eabi/lib/gcc/arm-none-eabi/15.2.1/../../../../arm-none-eabi/lib/thumb/arm946e-s\libc.a(libc_tinystdio_dtoa_ryu.c.o)
 .text.__dtoa_engine
                0x02013568      0x4b8 C:/msys64/opt/wonderful/toolchain/gcc-arm-none-eabi/lib/gcc/arm-none-eabi/15.2.1/../../../../arm-none-eabi/lib/thumb/arm946e-s\libc.a(libc_tinystdio_dtoa_ryu.c.o)
                0x02013568                __dtoa_engine
 .text.mulShift32
                0x02013a20       0x44 C:/msys64/opt/wonderful/toolchain/gcc-arm-none-eabi/lib/gcc/arm-none-eabi/15.2.1/../../../../arm-none-eabi/lib/thumb/arm946e-s\libc.a(libc_tinystdio_ryu_divpow2.c.o)
 .text.__mulPow5InvDivPow2
                0x02013a64       0x28 C:/msys64/opt/wonderful/toolchain/gcc-arm-none-eabi/lib/gcc/arm-none-eabi/15.2.1/../../../../arm-none-eabi/lib/thumb/arm946e-s\libc.a(libc_tinystdio_ryu_divpow2.c.o)
                0x02013a64                __mulPow5InvDivPow2
 .text.__mulPow5divPow2
                0x02013a8c       0x20 C:/msys64/opt/wonderful/toolchain/gcc-arm-none-eabi/lib/gcc/arm-none-eabi/15.2.1/../../../../arm-none-eabi/lib/thumb/arm946e-s\libc.a(libc_tinystdio_ryu_divpow2.c.o)
                0x02013a8c                __mulPow5divPow2
 .text.__log10Pow2
                0x02013aac        0xc C:/msys64/opt/wonderful/toolchain/gcc-arm-none-eabi/lib/gcc/arm-none-eabi/15.2.1/../../../../arm-none-eabi/lib/thumb/arm946e-s\libc.a(libc_tinystdio_ryu_log10.c.o)
                0x02013aac                __log10Pow2
 .text.__log10Pow5
                0x02013ab8        0xc C:/msys64/opt/wonderful/toolchain/gcc-arm-none-eabi/lib/gcc/arm-none-eabi/15.2.1/../../../../arm-none-eabi/lib/thumb/arm946e-s\libc.a(libc_tinystdio_ryu_log10.c.o)
                0x02013ab8                __log10Pow5
 .text.__log2pow5
                0x02013ac4        0xc C:/msys64/opt/wonderful/toolchain/gcc-arm-none-eabi/lib/gcc/arm-none-eabi/15.2.1/../../../../arm-none-eabi/lib/thumb/arm946e-s\libc.a(libc_tinystdio_ryu_log2pow5.c.o)
                0x02013ac4                __log2pow5
 .text.__ceil_log2pow5
                0x02013ad0       0x10 C:/msys64/opt/wonderful/toolchain/gcc-arm-none-eabi/lib/gcc/arm-none-eabi/15.2.1/../../../../arm-none-eabi/lib/thumb/arm946e-s\libc.a(libc_tinystdio_ryu_log2pow5.c.o)
                0x02013ad0                __ceil_log2pow5
 .text.__pow5bits
                0x02013ae0       0x10 C:/msys64/opt/wonderful/toolchain/gcc-arm-none-eabi/lib/gcc/arm-none-eabi/15.2.1/../../../../arm-none-eabi/lib/thumb/arm946e-s\libc.a(libc_tinystdio_ryu_pow5bits.c.o)
                0x02013ae0                __pow5bits
 .text.__pow5Factor
                0x02013af0       0x2c C:/msys64/opt/wonderful/toolchain/gcc-arm-none-eabi/lib/gcc/arm-none-eabi/15.2.1/../../../../arm-none-eabi/lib/thumb/arm946e-s\libc.a(libc_tinystdio_ryu_table.c.o)
                0x02013af0                __pow5Factor
 .text.__double_computePow5
                0x02013b1c      0x100 C:/msys64/opt/wonderful/toolchain/gcc-arm-none-eabi/lib/gcc/arm-none-eabi/15.2.1/../../../../arm-none-eabi/lib/thumb/arm946e-s\libc.a(libc_tinystdio_ryu_table.c.o)
                0x02013b1c                __double_computePow5
 .text.__double_computeInvPow5
                0x02013c1c       0xfc C:/msys64/opt/wonderful/toolchain/gcc-arm-none-eabi/lib/gcc/arm-none-eabi/15.2.1/../../../../arm-none-eabi/lib/thumb/arm946e-s\libc.a(libc_tinystdio_ryu_table.c.o)
                0x02013c1c                __double_computeInvPow5
 .text.__umul128
                0x02013d18       0x6c C:/msys64/opt/wonderful/toolchain/gcc-arm-none-eabi/lib/gcc/arm-none-eabi/15.2.1/../../../../arm-none-eabi/lib/thumb/arm946e-s\libc.a(libc_tinystdio_ryu_umul128.c.o)
                0x02013d18                __umul128
 .text.__shiftright128
                0x02013d84       0x28 C:/msys64/opt/wonderful/toolchain/gcc-arm-none-eabi/lib/gcc/arm-none-eabi/15.2.1/../../../../arm-none-eabi/lib/thumb/arm946e-s\libc.a(libc_tinystdio_ryu_umul128.c.o)
                0x02013d84                __shiftright128
 .text.isnan    0x02013dac       0x18 C:/msys64/opt/wonderful/toolchain/gcc-arm-none-eabi/lib/gcc/arm-none-eabi/15.2.1/../../../../arm-none-eabi/lib/thumb/arm946e-s\libc.a(libm_common_s_isnan.c.o)
                0x02013dac                isnan
                0x02013dac                isnanl
                0x02013dac                __isnand
                0x02013dac                __isnanl
 .text.memmove  0x02013dc4       0x26 C:/msys64/opt/wonderful/toolchain/gcc-arm-none-eabi/lib/gcc/arm-none-eabi/15.2.1/../../../../arm-none-eabi/lib/thumb/arm946e-s\libc.a(memmove.c.o)
                0x02013dc4                __aeabi_memmove8
                0x02013dc4                __aeabi_memmove
                0x02013dc4                __aeabi_memmove4
                0x02013dc4                memmove
 *fill*         0x02013dea        0x2 ff
 .text.__libc_fini_array
                0x02013dec       0x1c C:/msys64/opt/wonderful/toolchain/gcc-arm-none-eabi/lib/gcc/arm-none-eabi/15.2.1/../../../../arm-none-eabi/lib/thumb/arm946e-s\libc.a(libc_misc_fini.c.o)
                0x02013dec                __libc_fini_array
 .text.getenv   0x02013e08        0xa C:/msys64/opt/wonderful/toolchain/gcc-arm-none-eabi/lib/gcc/arm-none-eabi/15.2.1/../../../../arm-none-eabi/lib/thumb/arm946e-s\libc.a(libc_stdlib_getenv.c.o)
                0x02013e08                getenv
 *fill*         0x02013e12        0x2 ff
 .text._findenv
                0x02013e14       0x7c C:/msys64/opt/wonderful/toolchain/gcc-arm-none-eabi/lib/gcc/arm-none-eabi/15.2.1/../../../../arm-none-eabi/lib/thumb/arm946e-s\libc.a(libc_stdlib_getenv_r.c.o)
                0x02013e14                _findenv
 .text.strnlen  0x02013e90       0x16 C:/msys64/opt/wonderful/toolchain/gcc-arm-none-eabi/lib/gcc/arm-none-eabi/15.2.1/../../../../arm-none-eabi/lib/thumb/arm946e-s\libc.a(libc_string_strnlen.c.o)
                0x02013e90                strnlen
 *fill*         0x02013ea6        0x2 ff
 .text.__gettzinfo
                0x02013ea8        0x8 C:/msys64/opt/wonderful/toolchain/gcc-arm-none-eabi/lib/gcc/arm-none-eabi/15.2.1/../../../../arm-none-eabi/lib/thumb/arm946e-s\libc.a(libc_time_gettzinfo.c.o)
                0x02013ea8                __gettzinfo
 .text.gmtime_r
                0x02013eb0      0x1bc C:/msys64/opt/wonderful/toolchain/gcc-arm-none-eabi/lib/gcc/arm-none-eabi/15.2.1/../../../../arm-none-eabi/lib/thumb/arm946e-s\libc.a(libc_time_gmtime_r.c.o)
                0x02013eb0                gmtime_r
 .text.__picolibc_non_atomic_load_ungetc
                0x0201406c        0x4 C:/msys64/opt/wonderful/toolchain/gcc-arm-none-eabi/lib/gcc/arm-none-eabi/15.2.1/../../../../arm-none-eabi/lib/thumb/arm946e-s\libc.a(libc_tinystdio_atomic_load.c.o)
                0x0201406c                __picolibc_non_atomic_load_ungetc
                0x0201406c                __atomic_load_ungetc
 .text.__bufio_lock
                0x02014070       0x18 C:/msys64/opt/wonderful/toolchain/gcc-arm-none-eabi/lib/gcc/arm-none-eabi/15.2.1/../../../../arm-none-eabi/lib/thumb/arm946e-s\libc.a(libc_tinystdio_bufio.c.o)
 .text.__bufio_flush_locked
                0x02014088       0x66 C:/msys64/opt/wonderful/toolchain/gcc-arm-none-eabi/lib/gcc/arm-none-eabi/15.2.1/../../../../arm-none-eabi/lib/thumb/arm946e-s\libc.a(libc_tinystdio_bufio.c.o)
                0x02014088                __bufio_flush_locked
 .text.__bufio_fill_locked
                0x020140ee       0x2c C:/msys64/opt/wonderful/toolchain/gcc-arm-none-eabi/lib/gcc/arm-none-eabi/15.2.1/../../../../arm-none-eabi/lib/thumb/arm946e-s\libc.a(libc_tinystdio_bufio.c.o)
                0x020140ee                __bufio_fill_locked
 .text.__bufio_flush
                0x0201411a       0x1a C:/msys64/opt/wonderful/toolchain/gcc-arm-none-eabi/lib/gcc/arm-none-eabi/15.2.1/../../../../arm-none-eabi/lib/thumb/arm946e-s\libc.a(libc_tinystdio_bufio.c.o)
                0x0201411a                __bufio_flush
 .text.__bufio_setdir_locked
                0x02014134       0x1a C:/msys64/opt/wonderful/toolchain/gcc-arm-none-eabi/lib/gcc/arm-none-eabi/15.2.1/../../../../arm-none-eabi/lib/thumb/arm946e-s\libc.a(libc_tinystdio_bufio.c.o)
                0x02014134                __bufio_setdir_locked
 .text.__bufio_put
                0x0201414e       0x50 C:/msys64/opt/wonderful/toolchain/gcc-arm-none-eabi/lib/gcc/arm-none-eabi/15.2.1/../../../../arm-none-eabi/lib/thumb/arm946e-s\libc.a(libc_tinystdio_bufio.c.o)
                0x0201414e                __bufio_put
 *fill*         0x0201419e        0x2 ff
 .text.__bufio_get
                0x020141a0       0x70 C:/msys64/opt/wonderful/toolchain/gcc-arm-none-eabi/lib/gcc/arm-none-eabi/15.2.1/../../../../arm-none-eabi/lib/thumb/arm946e-s\libc.a(libc_tinystdio_bufio.c.o)
                0x020141a0                __bufio_get
 .text.__bufio_seek
                0x02014210       0x6a C:/msys64/opt/wonderful/toolchain/gcc-arm-none-eabi/lib/gcc/arm-none-eabi/15.2.1/../../../../arm-none-eabi/lib/thumb/arm946e-s\libc.a(libc_tinystdio_bufio.c.o)
                0x02014210                __bufio_seek
 .text.__bufio_setvbuf
                0x0201427a       0x88 C:/msys64/opt/wonderful/toolchain/gcc-arm-none-eabi/lib/gcc/arm-none-eabi/15.2.1/../../../../arm-none-eabi/lib/thumb/arm946e-s\libc.a(libc_tinystdio_bufio.c.o)
                0x0201427a                __bufio_setvbuf
 .text.__bufio_close
                0x02014302       0x4a C:/msys64/opt/wonderful/toolchain/gcc-arm-none-eabi/lib/gcc/arm-none-eabi/15.2.1/../../../../arm-none-eabi/lib/thumb/arm946e-s\libc.a(libc_tinystdio_bufio.c.o)
                0x02014302                __bufio_close
 .text.__dtox_engine
                0x0201434c      0x128 C:/msys64/opt/wonderful/toolchain/gcc-arm-none-eabi/lib/gcc/arm-none-eabi/15.2.1/../../../../arm-none-eabi/lib/thumb/arm946e-s\libc.a(libc_tinystdio_dtox_engine.c.o)
                0x0201434c                __dtox_engine
 .text.__picolibc_non_atomic_exchange_ungetc
                0x02014474        0x8 C:/msys64/opt/wonderful/toolchain/gcc-arm-none-eabi/lib/gcc/arm-none-eabi/15.2.1/../../../../arm-none-eabi/lib/thumb/arm946e-s\libc.a(libc_tinystdio_exchange.c.o)
                0x02014474                __picolibc_non_atomic_exchange_ungetc
                0x02014474                __atomic_exchange_ungetc
 .text.getc     0x0201447c       0x44 C:/msys64/opt/wonderful/toolchain/gcc-arm-none-eabi/lib/gcc/arm-none-eabi/15.2.1/../../../../arm-none-eabi/lib/thumb/arm946e-s\libc.a(libc_tinystdio_fgetc.c.o)
                0x0201447c                getc
                0x0201447c                fgetc
                0x0201447c                getc_unlocked
 .text.__file_str_get
                0x020144c0       0x16 C:/msys64/opt/wonderful/toolchain/gcc-arm-none-eabi/lib/gcc/arm-none-eabi/15.2.1/../../../../arm-none-eabi/lib/thumb/arm946e-s\libc.a(libc_tinystdio_filestrget.c.o)
                0x020144c0                __file_str_get
 .text.__file_str_put
                0x020144d6       0x10 C:/msys64/opt/wonderful/toolchain/gcc-arm-none-eabi/lib/gcc/arm-none-eabi/15.2.1/../../../../arm-none-eabi/lib/thumb/arm946e-s\libc.a(libc_tinystdio_filestrput.c.o)
                0x020144d6                __file_str_put
 .text.putc     0x020144e6       0x2c C:/msys64/opt/wonderful/toolchain/gcc-arm-none-eabi/lib/gcc/arm-none-eabi/15.2.1/../../../../arm-none-eabi/lib/thumb/arm946e-s\libc.a(libc_tinystdio_fputc.c.o)
                0x020144e6                putc
                0x020144e6                fputc
                0x020144e6                putc_unlocked
 .text.ungetc   0x02014512       0x36 C:/msys64/opt/wonderful/toolchain/gcc-arm-none-eabi/lib/gcc/arm-none-eabi/15.2.1/../../../../arm-none-eabi/lib/thumb/arm946e-s\libc.a(libc_tinystdio_ungetc.c.o)
                0x02014512                ungetc
 .text.__picolibc_non_atomic_compare_exchange_ungetc
                0x02014548       0x12 C:/msys64/opt/wonderful/toolchain/gcc-arm-none-eabi/lib/gcc/arm-none-eabi/15.2.1/../../../../arm-none-eabi/lib/thumb/arm946e-s\libc.a(libc_tinystdio_compare_exchange.c.o)
                0x02014548                __atomic_compare_exchange_ungetc
                0x02014548                __picolibc_non_atomic_compare_exchange_ungetc
 *fill*         0x0201455a        0x2 ff
 .text.gettimeofday
                0x0201455c       0x1c C:/msys64/opt/wonderful/thirdparty/blocksds/core/libs/libnds/lib\libnds9.a(syscalls.c.o)
                0x0201455c                gettimeofday
 .text.gettimeofday.__stub
                0x02014578       0x40 linker stubs
 *(EXCLUDE_FILE(*.twl*) .gnu.warning)
 *(EXCLUDE_FILE(*.twl*) .gnu.linkonce.t*)
 *(.glue_7)
 .glue_7        0x020145b8        0x0 linker stubs
 *(.glue_7t)
 .glue_7t       0x020145b8        0x0 linker stubs
                0x020145b8                        . = ALIGN (0x4)

.vfp11_veneer   0x020145b8        0x0
 .vfp11_veneer  0x020145b8        0x0 linker stubs

.v4_bx          0x020145b8        0x0
 .v4_bx         0x020145b8        0x0 linker stubs

.iplt           0x020145b8        0x0
 .iplt          0x020145b8        0x0 C:/msys64/opt/wonderful/thirdparty/blocksds/core/sys/crts/ds_arm9_crt0.o

.fini           0x020145b8        0x8
 *(.fini)
 .fini          0x020145b8        0x8 C:/msys64/opt/wonderful/toolchain/gcc-arm-none-eabi/lib/gcc/arm-none-eabi/15.2.1/thumb/arm946e-s/crtn.o
                0x020145c0                        __text_end = .

.rodata         0x020145c0     0x1a14
 *(EXCLUDE_FILE(*.twl*) .rodata)
 .rodata        0x020145c0       0x14 C:/msys64/opt/wonderful/thirdparty/blocksds/core/libs/libnds/lib\libnds9.a(fatfs.c.o)
 .rodata        0x020145d4       0x40 C:/msys64/opt/wonderful/thirdparty/blocksds/core/libs/libnds/lib\libnds9.a(exceptions.c.o)
 .rodata        0x02014614       0x18 C:/msys64/opt/wonderful/toolchain/gcc-arm-none-eabi/lib/gcc/arm-none-eabi/15.2.1/../../../../arm-none-eabi/lib/thumb/arm946e-s\libc.a(libc_time_month_lengths.c.o)
                0x02014614                __month_lengths
 .rodata        0x0201462c        0xb C:/msys64/opt/wonderful/toolchain/gcc-arm-none-eabi/lib/gcc/arm-none-eabi/15.2.1/../../../../arm-none-eabi/lib/thumb/arm946e-s\libc.a(libc_tinystdio_vfscanf.c.o)
 *fill*         0x02014637        0x1 ff
 .rodata        0x02014638      0x340 C:/msys64/opt/wonderful/toolchain/gcc-arm-none-eabi/lib/gcc/arm-none-eabi/15.2.1/../../../../arm-none-eabi/lib/thumb/arm946e-s\libc.a(libc_tinystdio_ryu_table.c.o)
 .rodata        0x02014978        0x4 C:/msys64/opt/wonderful/toolchain/gcc-arm-none-eabi/lib/gcc/arm-none-eabi/15.2.1/../../../../arm-none-eabi/lib/thumb/arm946e-s\libc.a(libc_stdlib_environ.c.o)
 *all.rodata*(*)
 *(EXCLUDE_FILE(*.twl*) .roda)
 *(EXCLUDE_FILE(*.twl*) .rodata.*)
 .rodata.main.str1.4
                0x0201497c      0x9e0 build/Match-3-DS/source/main.c.o
                                 0x4b (size before relaxing)
 .rodata.NF_LoadSpriteGfx.str1.4
                0x0201535c        0x0 C:/msys64/opt/wonderful/thirdparty/blocksds/external/nflib/lib\libnflib.a(nf_sprite256.c.o)
                                 0x1a (size before relaxing)
 .rodata.NF_LoadSpritePal.str1.4
                0x0201535c        0x0 C:/msys64/opt/wonderful/thirdparty/blocksds/external/nflib/lib\libnflib.a(nf_sprite256.c.o)
                                 0x1a (size before relaxing)
 .rodata.NF_Vram3dSpriteGfx.str1.4
                0x0201535c        0x0 C:/msys64/opt/wonderful/thirdparty/blocksds/external/nflib/lib\libnflib.a(nf_sprite3d.c.o)
                                 0x28 (size before relaxing)
 .rodata.NF_Vram3dSpritePal.str1.4
                0x0201535c        0x0 C:/msys64/opt/wonderful/thirdparty/blocksds/external/nflib/lib\libnflib.a(nf_sprite3d.c.o)
                                 0x20 (size before relaxing)
 .rodata.NF_Delete3dSprite.str1.4
                0x0201535c        0x0 C:/msys64/opt/wonderful/thirdparty/blocksds/external/nflib/lib\libnflib.a(nf_sprite3d.c.o)
                                  0xa (size before relaxing)
 .rodata.NF_Create3dSprite.str1.4
                0x0201535c        0x0 C:/msys64/opt/wonderful/thirdparty/blocksds/external/nflib/lib\libnflib.a(nf_sprite3d.c.o)
                                 0x46 (size before relaxing)
 .rodata.NF_Set3dSpriteFrame.str1.4
                0x0201535c        0x0 C:/msys64/opt/wonderful/thirdparty/blocksds/external/nflib/lib\libnflib.a(nf_sprite3d.c.o)
                                  0xd (size before relaxing)
 .rodata.NF_InitTiledBgBuffers.str1.4
                0x0201535c        0x0 C:/msys64/opt/wonderful/thirdparty/blocksds/external/nflib/lib\libnflib.a(nf_tiledbg.c.o)
                                  0xd (size before relaxing)
 .rodata.NF_DeleteTiledBg.str1.4
                0x0201535c        0x0 C:/msys64/opt/wonderful/thirdparty/blocksds/external/nflib/lib\libnflib.a(nf_tiledbg.c.o)
                                  0x3 (size before relaxing)
 .rodata.NF_GetTileMapAddress.str1.4
                0x0201535c        0x0 C:/msys64/opt/wonderful/thirdparty/blocksds/external/nflib/lib\libnflib.a(nf_tiledbg.c.o)
                                  0xf (size before relaxing)
 .rodata.NF_LoadTextFont.str1.4
                0x0201535c        0x0 C:/msys64/opt/wonderful/thirdparty/blocksds/external/nflib/lib\libnflib.a(nf_text.c.o)
                                 0x37 (size before relaxing)
 .rodata.NF_CreateTextLayer.str1.4
                0x0201535c        0x0 C:/msys64/opt/wonderful/thirdparty/blocksds/external/nflib/lib\libnflib.a(nf_text.c.o)
                                  0x9 (size before relaxing)
 .rodata.NF_WriteText
                0x0201535c      0x170 C:/msys64/opt/wonderful/thirdparty/blocksds/external/nflib/lib\libnflib.a(nf_text.c.o)
 .rodata.NF_Error.str1.4
                0x020154cc        0x0 C:/msys64/opt/wonderful/thirdparty/blocksds/external/nflib/lib\libnflib.a(nf_basic.c.o)
                                0x408 (size before relaxing)
 .rodata.NF_Error
                0x020154cc       0x5c C:/msys64/opt/wonderful/thirdparty/blocksds/external/nflib/lib\libnflib.a(nf_basic.c.o)
 .rodata.NF_SetRootFolder.str1.4
                0x02015528        0x0 C:/msys64/opt/wonderful/thirdparty/blocksds/external/nflib/lib\libnflib.a(nf_basic.c.o)
                                0x256 (size before relaxing)
 .rodata.NF_FileLoad.str1.4
                0x02015528        0x0 C:/msys64/opt/wonderful/thirdparty/blocksds/external/nflib/lib\libnflib.a(nf_basic.c.o)
                                  0x3 (size before relaxing)
 .rodata.con_write
                0x02015528      0x118 C:/msys64/opt/wonderful/thirdparty/blocksds/core/libs/libnds/lib\libnds9.a(console.c.o)
 .rodata.chdir.str1.4
                0x02015640        0x0 C:/msys64/opt/wonderful/thirdparty/blocksds/core/libs/libnds/lib\libnds9.a(chdir.c.o)
                                  0xb (size before relaxing)
 .rodata.fatGetDefaultCwd.str1.4
                0x02015640        0x0 C:/msys64/opt/wonderful/thirdparty/blocksds/core/libs/libnds/lib\libnds9.a(fatfs.c.o)
                                  0xd (size before relaxing)
 .rodata.nandInit.str1.4
                0x02015640        0x0 C:/msys64/opt/wonderful/thirdparty/blocksds/core/libs/libnds/lib\libnds9.a(fatfs.c.o)
                                 0x10 (size before relaxing)
 .rodata.CSWTCH.42
                0x02015640        0xc C:/msys64/opt/wonderful/thirdparty/blocksds/core/libs/libnds/lib\libnds9.a(filesystem.c.o)
 .rodata.stderr
                0x0201564c        0x4 C:/msys64/opt/wonderful/thirdparty/blocksds/core/libs/libnds/lib\libnds9.a(iob.c.o)
                0x0201564c                stderr
 .rodata.stdout
                0x02015650        0x4 C:/msys64/opt/wonderful/thirdparty/blocksds/core/libs/libnds/lib\libnds9.a(iob.c.o)
                0x02015650                stdout
 .rodata.stdin  0x02015654        0x4 C:/msys64/opt/wonderful/thirdparty/blocksds/core/libs/libnds/lib\libnds9.a(iob.c.o)
                0x02015654                stdin
 .rodata.nitrofs_use_for_path.str1.4
                0x02015658        0x0 C:/msys64/opt/wonderful/thirdparty/blocksds/core/libs/libnds/lib\libnds9.a(nitrofs.c.o)
                                  0xc (size before relaxing)
 .rodata.nitroFSInit.str1.4
                0x02015658        0x0 C:/msys64/opt/wonderful/thirdparty/blocksds/core/libs/libnds/lib\libnds9.a(nitrofs.c.o)
                                  0xd (size before relaxing)
 .rodata.systemValueHandler.str1.4
                0x02015658        0x0 C:/msys64/opt/wonderful/thirdparty/blocksds/core/libs/libnds/lib\libnds9.a(system.c.o)
                                 0x2b (size before relaxing)
 .rodata.systemValueHandler
                0x02015658       0x10 C:/msys64/opt/wonderful/thirdparty/blocksds/core/libs/libnds/lib\libnds9.a(system.c.o)
 .rodata.SIN_LUT
                0x02015668      0x102 C:/msys64/opt/wonderful/thirdparty/blocksds/core/libs/libnds/lib\libnds9.a(trig.c.o)
                0x02015668                SIN_LUT
 *fill*         0x0201576a        0x2 ff
 .rodata.bgTransform
                0x0201576c       0x20 C:/msys64/opt/wonderful/thirdparty/blocksds/core/libs/libnds/lib\libnds9.a(background.c.o)
                0x0201576c                bgTransform
 .rodata.bgScrollTable
                0x0201578c       0x20 C:/msys64/opt/wonderful/thirdparty/blocksds/core/libs/libnds/lib\libnds9.a(background.c.o)
                0x0201578c                bgScrollTable
 .rodata.bgControl
                0x020157ac       0x20 C:/msys64/opt/wonderful/thirdparty/blocksds/core/libs/libnds/lib\libnds9.a(background.c.o)
                0x020157ac                bgControl
 .rodata.__func__.0
                0x020157cc       0x19 C:/msys64/opt/wonderful/thirdparty/blocksds/core/libs/libnds/lib\libnds9.a(threads.c.o)
 .rodata.fifoReadRxFifoAndProcessBuffer.str1.4
                0x020157e5        0x0 C:/msys64/opt/wonderful/thirdparty/blocksds/core/libs/libnds/lib\libnds9.a(fifosystem.c.o)
                                 0x15 (size before relaxing)
 .rodata.__retarget_lock_init_recursive.str1.4
                0x020157e5        0x0 C:/msys64/opt/wonderful/thirdparty/blocksds/core/libs/libnds/lib\libnds9.a(locks.c.o)
                                  0xa (size before relaxing)
 .rodata.__retarget_lock_close_recursive.str1.4
                0x020157e5        0x0 C:/msys64/opt/wonderful/thirdparty/blocksds/core/libs/libnds/lib\libnds9.a(locks.c.o)
                                  0xb (size before relaxing)
 .rodata.__retarget_lock_release_recursive.str1.4
                0x020157e5        0x0 C:/msys64/opt/wonderful/thirdparty/blocksds/core/libs/libnds/lib\libnds9.a(locks.c.o)
                                  0xd (size before relaxing)
 .rodata.follow_path.str1.4
                0x020157e5        0x0 C:/msys64/opt/wonderful/thirdparty/blocksds/core/libs/libnds/lib\libnds9.a(ff.c.o)
                                 0x13 (size before relaxing)
 .rodata.check_fs.str1.4
                0x020157e5        0x0 C:/msys64/opt/wonderful/thirdparty/blocksds/core/libs/libnds/lib\libnds9.a(ff.c.o)
                                  0x9 (size before relaxing)
 *fill*         0x020157e5        0x3 ff
 .rodata.ExCvt  0x020157e8       0x80 C:/msys64/opt/wonderful/thirdparty/blocksds/core/libs/libnds/lib\libnds9.a(ff.c.o)
 .rodata.LfnOfs
                0x02015868        0xd C:/msys64/opt/wonderful/thirdparty/blocksds/core/libs/libnds/lib\libnds9.a(ff.c.o)
 .rodata.str1.4
                0x02015875        0x0 C:/msys64/opt/wonderful/thirdparty/blocksds/core/libs/libnds/lib\libnds9.a(ff.c.o)
                                 0x16 (size before relaxing)
 *fill*         0x02015875        0x3 ff
 .rodata.VolumeStr
                0x02015878       0x10 C:/msys64/opt/wonderful/thirdparty/blocksds/core/libs/libnds/lib\libnds9.a(ff.c.o)
 .rodata.ff_wtoupper
                0x02015888       0x24 C:/msys64/opt/wonderful/thirdparty/blocksds/core/libs/libnds/lib\libnds9.a(ffunicode.c.o)
 .rodata.cvt2.0
                0x020158ac       0xbc C:/msys64/opt/wonderful/thirdparty/blocksds/core/libs/libnds/lib\libnds9.a(ffunicode.c.o)
 .rodata.cvt1.1
                0x02015968      0x1f2 C:/msys64/opt/wonderful/thirdparty/blocksds/core/libs/libnds/lib\libnds9.a(ffunicode.c.o)
 *fill*         0x02015b5a        0x6 ff
 .rodata.uc437  0x02015b60      0x100 C:/msys64/opt/wonderful/thirdparty/blocksds/core/libs/libnds/lib\libnds9.a(ffunicode.c.o)
 .rodata.default_fontTiles