Archive member included to satisfy reference by file (symbol)

C:/msys64/opt/wonderful/thirdparty/blocksds/external/nflib/lib\libnflib.a(nf_sprite256.c.o)
                              build/Match-3-DS/source/main.c.o (NF_InitSpriteBuffers)
C:/msys64/opt/wonderful/thirdparty/blocksds/external/nflib/lib\libnflib.a(nf_sound.c.o)
                              build/Match-3-DS/source/main.c.o (NF_LoadRawSound)
C:/msys64/opt/wonderful/thirdparty/blocksds/external/nflib/lib\libnflib.a(nf_2d.c.o)
                              build/Match-3-DS/source/main.c.o (NF_Set2D)
C:/msys64/opt/wonderful/thirdparty/blocksds/external/nflib/lib\libnflib.a(nf_sprite3d.c.o)
                              build/Match-3-DS/source/main.c.o (NF_Init3dSpriteSys)
C:/msys64/opt/wonderful/thirdparty/blocksds/external/nflib/lib\libnflib.a(nf_tiledbg.c.o)
                              build/Match-3-DS/source/main.c.o (NF_InitTiledBgBuffers)
C:/msys64/opt/wonderful/thirdparty/blocksds/external/nflib/lib\libnflib.a(nf_text.c.o)
                              build/Match-3-DS/source/main.c.o (NF_InitTextSys)
C:/msys64/opt/wonderful/thirdparty/blocksds/external/nflib/lib\libnflib.a(nf_3d.c.o)
                              build/Match-3-DS/source/main.c.o (NF_Set3D)
C:/msys64/opt/wonderful/thirdparty/blocksds/external/nflib/lib\libnflib.a(nf_basic.c.o)
                              C:/msys64/opt/wonderful/thirdparty/blocksds/external/nflib/lib\libnflib.a(nf_sprite256.c.o) (NF_Error)
C:/msys64/opt/wonderful/thirdparty/blocksds/core/libs/maxmod/lib\libmm9.a(comms_ds9.c.o)
                              build/Match-3-DS/source/main.c.o (mmStart)
C:/msys64/opt/wonderful/thirdparty/blocksds/core/libs/maxmod/lib\libmm9.a(main_ds9.c.o)
                              C:/msys64/opt/wonderful/thirdparty/blocksds/core/libs/maxmod/lib\libmm9.a(comms_ds9.c.o) (mmCallback)
C:/msys64/opt/wonderful/thirdparty/blocksds/core/libs/maxmod/lib\libmm9.a(memory.c.o)
                              build/Match-3-DS/source/main.c.o (mmLoadEffect)
C:/msys64/opt/wonderful/thirdparty/blocksds/core/libs/maxmod/lib\libmm9.a(soundbank.c.o)
                              C:/msys64/opt/wonderful/thirdparty/blocksds/core/libs/maxmod/lib\libmm9.a(main_ds9.c.o) (mmSoundBankInMemory)
C:/msys64/opt/wonderful/thirdparty/blocksds/core/libs/libnds/lib\libnds9.a(cp15.s.o)
                              C:/msys64/opt/wonderful/thirdparty/blocksds/core/sys/crts/ds_arm9_crt0.o (CP15_FlushICache)
C:/msys64/opt/wonderful/thirdparty/blocksds/core/libs/libnds/lib\libnds9.a(mpu_setup.s.o)
                              C:/msys64/opt/wonderful/thirdparty/blocksds/core/sys/crts/ds_arm9_crt0.o (__libnds_mpu_setup)
C:/msys64/opt/wonderful/thirdparty/blocksds/core/libs/libnds/lib\libnds9.a(dma.s.o)
                              C:/msys64/opt/wonderful/thirdparty/blocksds/external/nflib/lib\libnflib.a(nf_basic.c.o) (dmaSetParams)
C:/msys64/opt/wonderful/thirdparty/blocksds/core/libs/libnds/lib\libnds9.a(memcpy.s.o)
                              C:/msys64/opt/wonderful/thirdparty/blocksds/external/nflib/lib\libnflib.a(nf_sprite256.c.o) (memcpy)
C:/msys64/opt/wonderful/thirdparty/blocksds/core/libs/libnds/lib\libnds9.a(memset.s.o)
                              build/Match-3-DS/source/main.c.o (memset)
C:/msys64/opt/wonderful/thirdparty/blocksds/core/libs/libnds/lib\libnds9.a(console.c.o)
                              build/Match-3-DS/source/main.c.o (consoleDemoInit)
C:/msys64/opt/wonderful/thirdparty/blocksds/core/libs/libnds/lib\libnds9.a(chdir.c.o)
                              C:/msys64/opt/wonderful/thirdparty/blocksds/external/nflib/lib\libnflib.a(nf_basic.c.o) (chdir)
C:/msys64/opt/wonderful/thirdparty/blocksds/core/libs/libnds/lib\libnds9.a(crt0_argv.c.o)
                              C:/msys64/opt/wonderful/thirdparty/blocksds/core/sys/crts/ds_arm9_crt0.o (build_argv)
C:/msys64/opt/wonderful/thirdparty/blocksds/core/libs/libnds/lib\libnds9.a(fatfs.c.o)
                              C:/msys64/opt/wonderful/thirdparty/blocksds/core/libs/libnds/lib\libnds9.a(chdir.c.o) (fatfs_error_to_posix)
C:/msys64/opt/wonderful/thirdparty/blocksds/core/libs/libnds/lib\libnds9.a(filesystem.c.o)
                              C:/msys64/opt/wonderful/thirdparty/blocksds/external/nflib/lib\libnflib.a(nf_basic.c.o) (access)
C:/msys64/opt/wonderful/thirdparty/blocksds/core/libs/libnds/lib\libnds9.a(iob.c.o)
                              C:/msys64/opt/wonderful/thirdparty/blocksds/core/libs/libnds/lib\libnds9.a(console.c.o) (stderr)
C:/msys64/opt/wonderful/thirdparty/blocksds/core/libs/libnds/lib\libnds9.a(nitrofs.c.o)
                              C:/msys64/opt/wonderful/thirdparty/blocksds/core/libs/libnds/lib\libnds9.a(filesystem.c.o) (nitrofs_use_for_path)
C:/msys64/opt/wonderful/thirdparty/blocksds/core/libs/libnds/lib\libnds9.a(sound.c.o)
                              build/Match-3-DS/source/main.c.o (soundEnable)
C:/msys64/opt/wonderful/thirdparty/blocksds/core/libs/libnds/lib\libnds9.a(card.c.o)
[...]
Memory Configuration

Name             Origin             Length             Attributes
ewram            0x02000000         0x00380000
dtcm             0x02ff0000         0x00004000
itcm             0x01000000         0x00008000
*default*        0x00000000         0xffffffff

Linker script and memory map

                0x00000000                        PROVIDE (__dtcm_data_size = 0x0)
                0x00000001                        ASSERT (((__dtcm_data_size & 0x3) == 0x0), __dtcm_data_size must be a multiple of 4)
                0x00004000                        PROVIDE (__dldi_size = 0x4000)
                0x00000040                        PROVIDE (__dtcm_reserved_size = 0x40)
                0x00000001                        ASSERT (((__dtcm_reserved_size & 0x3) == 0x0), __dtcm_reserved_size must be a multiple of 4)
                0x00000100                        PROVIDE (__svc_stack_size = 0x100)
                0x00000001                        ASSERT (((__svc_stack_size & 0x3) == 0x0), __svc_stack_size must be a multiple of 4)
                0x00000100                        PROVIDE (__irq_stack_size = 0x100)
                0x00000001                        ASSERT (((__irq_stack_size & 0x3) == 0x0), __irq_stack_size must be a multiple of 4)
                0x00000000                        PROVIDE (__usr_stack_size = 0x0)
                0x00000001                        ASSERT (((__usr_stack_size & 0x3) == 0x0), __usr_stack_size must be a multiple of 4)
                0x02380000                        __ewram_end = (ORIGIN (ewram) + LENGTH (ewram))
                0x02380000                        __eheap_end = (ORIGIN (ewram) + LENGTH (ewram))
                0x02ff0000                        __dtcm_start = ORIGIN (dtcm)
                0x02ff4000                        __dtcm_top = (ORIGIN (dtcm) + LENGTH (dtcm))
                0x02ff3ff8                        __irq_flags = (__dtcm_top - 0x8)
                0x02ff3ffc                        __irq_vector = (__dtcm_top - 0x4)
                0x02ff3fc0                        __sp_svc = (__dtcm_top - __dtcm_reserved_size)
                0x02ff3ec0                        __sp_irq = (__sp_svc - __svc_stack_size)
                0x02ff3dc0                        __sp_usr = ((__sp_irq - __irq_stack_size) - __dtcm_data_size)
                0x02ff0000                        __dtcm_data_start = (__dtcm_data_size > 0x0)?__sp_usr:ORIGIN (dtcm)
                0x02ff3dc0                        __dtcm_data_top = (__dtcm_data_size > 0x0)?(__sp_irq - __irq_stack_size):(__sp_usr - __usr_stack_size)
                0x0000000e                        __dldi_log2_size = (LOG2CEIL ((__dldi_size + 0x1)) - 0x1)

.secure         0x02000000      0x800
 *(.secure)
 .secure        0x02000000      0x800 C:/msys64/opt/wonderful/thirdparty/blocksds/core/libs/libnds/lib\libnds9.a(securearea.c.o)
                0x02000000                __secure_area__

.crt0           0x02000800      0x2f0
                0x02000800                        __text_start = .
 *(.crt0)
 .crt0          0x02000800      0x2f0 C:/msys64/opt/wonderful/thirdparty/blocksds/core/sys/crts/ds_arm9_crt0.o
                0x02000800                _start
                0x02000af0                        . = ALIGN (0x4)

.dldi           0x02000b00     0x4000
                0x02000b00                        __dldi_start = .
 *(.dldi)
 .dldi          0x02000b00       0x88 C:/msys64/opt/wonderful/thirdparty/blocksds/core/libs/libnds/lib\libnds9.a(dldi_stub.s.o)
                0x02000b00                _io_dldi_stub
                0x02000b88                        . = ALIGN (0x4)
                0x02000b88                        __dldi_data_end = .
                0x02004b00                        __dldi_end = (__dldi_data_end > __dldi_start)?(__dldi_start + __dldi_size):__dldi_start
                0x02004b00                        . = __dldi_end
 *fill*         0x02000b88     0x3f78 00
                0x02004b00                        . = ALIGN (0x4)

.plt
 *(.plt)

.init           0x02004b00        0x8
 *(SORT_NONE(.init))
 .init          0x02004b00        0x8 C:/msys64/opt/wonderful/toolchain/gcc-arm-none-eabi/lib/gcc/arm-none-eabi/15.2.1/thumb/arm946e-s/crtn.o

.text           0x02004b08    0x11720
 *(EXCLUDE_FILE(*.twl* *.itcm*) .text)
 .text          0x02004b08       0x14 C:/msys64/opt/wonderful/toolchain/gcc-arm-none-eabi/lib/gcc/arm-none-eabi/15.2.1/../../../../arm-none-eabi/lib/thumb/arm946e-s\libc.a(strcmp.S.o)
                0x02004b08                strcmp
 .text          0x02004b1c        0xe C:/msys64/opt/wonderful/toolchain/gcc-arm-none-eabi/lib/gcc/arm-none-eabi/15.2.1/../../../../arm-none-eabi/lib/thumb/arm946e-s\libc.a(strlen.S.o)
                0x02004b1c                strlen
 *fill*         0x02004b2a        0x2 ff
 .text          0x02004b2c       0x14 C:/msys64/opt/wonderful/toolchain/gcc-arm-none-eabi/lib/gcc/arm-none-eabi/15.2.1/thumb/arm946e-s\libgcc.a(_thumb1_case_uqi.o)
                0x02004b2c                __gnu_thumb1_case_uqi
 .text          0x02004b40       0x14 C:/msys64/opt/wonderful/toolchain/gcc-arm-none-eabi/lib/gcc/arm-none-eabi/15.2.1/thumb/arm946e-s\libgcc.a(_thumb1_case_uhi.o)
                0x02004b40                __gnu_thumb1_case_uhi
 .text          0x02004b54      0x214 C:/msys64/opt/wonderful/toolchain/gcc-arm-none-eabi/lib/gcc/arm-none-eabi/15.2.1/thumb/arm946e-s\libgcc.a(_udivsi3.o)
                0x02004b54                __aeabi_uidiv
                0x02004b54                __udivsi3
                0x02004d48                __aeabi_uidivmod
 .text          0x02004d68      0x248 C:/msys64/opt/wonderful/toolchain/gcc-arm-none-eabi/lib/gcc/arm-none-eabi/15.2.1/thumb/arm946e-s\libgcc.a(_divsi3.o)
                0x02004d68                __divsi3
                0x02004d68                __aeabi_idiv
                0x02004f90                __aeabi_idivmod
 .text          0x02004fb0        0x4 C:/msys64/opt/wonderful/toolchain/gcc-arm-none-eabi/lib/gcc/arm-none-eabi/15.2.1/thumb/arm946e-s\libgcc.a(_dvmd_tls.o)
                0x02004fb0                __aeabi_idiv0
                0x02004fb0                __aeabi_ldiv0
 .text          0x02004fb4       0x18 C:/msys64/opt/wonderful/toolchain/gcc-arm-none-eabi/lib/gcc/arm-none-eabi/15.2.1/thumb/arm946e-s\libgcc.a(_lshrdi3.o)
                0x02004fb4                __lshrdi3
                0x02004fb4                __aeabi_llsr
 .text          0x02004fcc       0x1c C:/msys64/opt/wonderful/toolchain/gcc-arm-none-eabi/lib/gcc/arm-none-eabi/15.2.1/thumb/arm946e-s\libgcc.a(_ashrdi3.o)
                0x02004fcc                __aeabi_lasr
                0x02004fcc                __ashrdi3
 .text          0x02004fe8       0x18 C:/msys64/opt/wonderful/toolchain/gcc-arm-none-eabi/lib/gcc/arm-none-eabi/15.2.1/thumb/arm946e-s\libgcc.a(_ashldi3.o)
                0x02004fe8                __aeabi_llsl
                0x02004fe8                __ashldi3
 .text          0x02005000      0x3c0 C:/msys64/opt/wonderful/toolchain/gcc-arm-none-eabi/lib/gcc/arm-none-eabi/15.2.1/thumb/arm946e-s\libgcc.a(_arm_addsubdf3.o)
                0x02005000                __aeabi_drsub
                0x02005008                __aeabi_dsub
                0x02005008                __subdf3
                0x0200500c                __aeabi_dadd
                0x0200500c                __adddf3
                0x020052b8                __floatunsidf
                0x020052b8                __aeabi_ui2d
                0x020052dc                __floatsidf
                0x020052dc                __aeabi_i2d
                0x02005304                __aeabi_f2d
                0x02005304                __extendsfdf2
                0x0200534c                __floatundidf
                0x0200534c                __aeabi_ul2d
                0x02005360                __floatdidf
                0x02005360                __aeabi_l2d
 .text          0x020053c0       0xa0 C:/msys64/opt/wonderful/toolchain/gcc-arm-none-eabi/lib/gcc/arm-none-eabi/15.2.1/thumb/arm946e-s\libgcc.a(_arm_truncdfsf2.o)
                0x020053c0                __truncdfsf2
                0x020053c0                __aeabi_d2f
 .text          0x02005460        0x8 C:/msys64/opt/wonderful/toolchain/gcc-arm-none-eabi/lib/gcc/arm-none-eabi/15.2.1/thumb/arm946e-s\libgcc.a(_clzsi2.o)
                0x02005460                __clzsi2
 .text          0x02005468       0x14 C:/msys64/opt/wonderful/toolchain/gcc-arm-none-eabi/lib/gcc/arm-none-eabi/15.2.1/thumb/arm946e-s\libgcc.a(_clzdi2.o)
                0x02005468                __clzdi2
 .text          0x0200547c       0xd4 C:/msys64/opt/wonderful/toolchain/gcc-arm-none-eabi/lib/gcc/arm-none-eabi/15.2.1/thumb/arm946e-s\libgcc.a(_aeabi_ldivmod.o)
                0x0200547c                __aeabi_ldivmod
 .text          0x02005550       0x3c C:/msys64/opt/wonderful/toolchain/gcc-arm-none-eabi/lib/gcc/arm-none-eabi/15.2.1/thumb/arm946e-s\libgcc.a(_aeabi_uldivmod.o)
                0x02005550                __aeabi_uldivmod
 .text          0x0200558c      0x190 C:/msys64/opt/wonderful/toolchain/gcc-arm-none-eabi/lib/gcc/arm-none-eabi/15.2.1/thumb/arm946e-s\libgcc.a(_udivmoddi4.o)
                0x0200558c                __udivmoddi4
 .text          0x0200571c       0x14 C:/msys64/opt/wonderful/toolchain/gcc-arm-none-eabi/lib/gcc/arm-none-eabi/15.2.1/thumb/arm946e-s\libgcc.a(muldi3.o)
                0x0200571c                __muldi3
                0x0200571c                __aeabi_lmul
 *(EXCLUDE_FILE(*.twl* *.itcm*) .stub)
 *(EXCLUDE_FILE(*.twl* *.itcm*) .text.*)
 .text.getTouch
                0x02005730       0x5c build/Match-3-DS/source/main.c.o
                0x02005730                getTouch
 .text.getSwipeGesture
                0x0200578c       0xac build/Match-3-DS/source/main.c.o
                0x0200578c                getSwipeGesture
 .text.initGrid
                0x02005838       0x30 build/Match-3-DS/source/main.c.o
                0x02005838                initGrid
 .text.findMatches
                0x02005868      0x110 build/Match-3-DS/source/main.c.o
                0x02005868                findMatches
 .text.animateSpriteSwipe
                0x02005978      0x12c build/Match-3-DS/source/main.c.o
                0x02005978                animateSpriteSwipe
 .text.swipeBlocks.part.0
                0x02005aa4      0x17c build/Match-3-DS/source/main.c.o
 .text.drawGridBottom
                0x02005c20       0x88 build/Match-3-DS/source/main.c.o
                0x02005c20                drawGridBottom
 .text.applyGravity
                0x02005ca8      0x2dc build/Match-3-DS/source/main.c.o
                0x02005ca8                applyGravity
 .text.fillEmptySpaces
                0x02005f84       0x40 build/Match-3-DS/source/main.c.o
                0x02005f84                fillEmptySpaces
 .text.drawGridTop
                0x02005fc4       0xa4 build/Match-3-DS/source/main.c.o
                0x02005fc4                drawGridTop
 .text.checkForSave
                0x02006068       0x38 build/Match-3-DS/source/main.c.o
                0x02006068                checkForSave
 .text.saveGame
                0x020060a0       0x60 build/Match-3-DS/source/main.c.o
                0x020060a0                saveGame
 .text.loadGame
                0x02006100       0x58 build/Match-3-DS/source/main.c.o
                0x02006100                loadGame
 .text.drawHighlightGrid
                0x02006158       0xf0 build/Match-3-DS/source/main.c.o
                0x02006158                drawHighlightGrid
 .text.startup.main
                0x02006248      0x6e8 build/Match-3-DS/source/main.c.o
                0x02006248                main
 .text.NF_InitSpriteBuffers
                0x02006930       0x5c C:/msys64/opt/wonderful/thirdparty/blocksds/external/nflib/lib\libnflib.a(nf_sprite256.c.o)
                0x02006930                NF_InitSpriteBuffers
 .text.NF_InitSpriteSys
                0x0200698c      0x1f8 C:/msys64/opt/wonderful/thirdparty/blocksds/external/nflib/lib\libnflib.a(nf_sprite256.c.o)
                0x0200698c                NF_InitSpriteSys
 .text.NF_LoadSpriteGfx
                0x02006b84       0x94 C:/msys64/opt/wonderful/thirdparty/blocksds/external/nflib/lib\libnflib.a(nf_sprite256.c.o)
                0x02006b84                NF_LoadSpriteGfx
 .text.NF_LoadSpritePal
                0x02006c18       0x7c C:/msys64/opt/wonderful/thirdparty/blocksds/external/nflib/lib\libnflib.a(nf_sprite256.c.o)
                0x02006c18                NF_LoadSpritePal
 .text.NF_VramSpriteGfx
                0x02006c94      0x27c C:/msys64/opt/wonderful/thirdparty/blocksds/external/nflib/lib\libnflib.a(nf_sprite256.c.o)
                0x02006c94                NF_VramSpriteGfx
 .text.NF_VramSpritePal
                0x02006f10       0xb0 C:/msys64/opt/wonderful/thirdparty/blocksds/external/nflib/lib\libnflib.a(nf_sprite256.c.o)
                0x02006f10                NF_VramSpritePal
 .text.NF_CreateSprite
                0x02006fc0      0x1c8 C:/msys64/opt/wonderful/thirdparty/blocksds/external/nflib/lib\libnflib.a(nf_sprite256.c.o)
                0x02006fc0                NF_CreateSprite
 .text.NF_SpriteOamSet
                0x02007188       0xc0 C:/msys64/opt/wonderful/thirdparty/blocksds/external/nflib/lib\libnflib.a(nf_sprite256.c.o)
                0x02007188                NF_SpriteOamSet
 .text.NF_Set2D
                0x02007248       0x64 C:/msys64/opt/wonderful/thirdparty/blocksds/external/nflib/lib\libnflib.a(nf_2d.c.o)
                0x02007248                NF_Set2D
 .text.NF_ShowBg
                0x020072ac       0x74 C:/msys64/opt/wonderful/thirdparty/blocksds/external/nflib/lib\libnflib.a(nf_2d.c.o)
                0x020072ac                NF_ShowBg
 .text.NF_HideBg
                0x02007320       0x9c C:/msys64/opt/wonderful/thirdparty/blocksds/external/nflib/lib\libnflib.a(nf_2d.c.o)
                0x02007320                NF_HideBg
 .text.NF_ScrollBg
                0x020073bc      0x2fc C:/msys64/opt/wonderful/thirdparty/blocksds/external/nflib/lib\libnflib.a(nf_2d.c.o)
                0x020073bc                NF_ScrollBg
 .text.NF_SpriteFrame
                0x020076b8       0xbc C:/msys64/opt/wonderful/thirdparty/blocksds/external/nflib/lib\libnflib.a(nf_2d.c.o)
                0x020076b8                NF_SpriteFrame
 .text.NF_Init3dSpriteSys
                0x02007774       0xcc C:/msys64/opt/wonderful/thirdparty/blocksds/external/nflib/lib\libnflib.a(nf_sprite3d.c.o)
                0x02007774                NF_Init3dSpriteSys
 .text.NF_Vram3dSpriteGfx
                0x02007840      0x230 C:/msys64/opt/wonderful/thirdparty/blocksds/external/nflib/lib\libnflib.a(nf_sprite3d.c.o)
                0x02007840                NF_Vram3dSpriteGfx
 .text.NF_Vram3dSpritePal
                0x02007a70       0x80 C:/msys64/opt/wonderful/thirdparty/blocksds/external/nflib/lib\libnflib.a(nf_sprite3d.c.o)
                0x02007a70                NF_Vram3dSpritePal
 .text.NF_Delete3dSprite
                0x02007af0       0x80 C:/msys64/opt/wonderful/thirdparty/blocksds/external/nflib/lib\libnflib.a(nf_sprite3d.c.o)
                0x02007af0                NF_Delete3dSprite
 .text.NF_Create3dSprite
                0x02007b70      0x168 C:/msys64/opt/wonderful/thirdparty/blocksds/external/nflib/lib\libnflib.a(nf_sprite3d.c.o)
                0x02007b70                NF_Create3dSprite
 .text.NF_Sort3dSprites
                0x02007cd8       0x64 C:/msys64/opt/wonderful/thirdparty/blocksds/external/nflib/lib\libnflib.a(nf_sprite3d.c.o)
                0x02007cd8                NF_Sort3dSprites
 .text.NF_Set3dSpriteFrame
                0x02007d3c       0xa4 C:/msys64/opt/wonderful/thirdparty/blocksds/external/nflib/lib\libnflib.a(nf_sprite3d.c.o)
                0x02007d3c                NF_Set3dSpriteFrame
 .text.NF_Draw3dSprites
                0x02007de0      0x294 C:/msys64/opt/wonderful/thirdparty/blocksds/external/nflib/lib\libnflib.a(nf_sprite3d.c.o)
                0x02007de0                NF_Draw3dSprites
 .text.NF_Update3dSpritesGfx
                0x02008074       0x9c C:/msys64/opt/wonderful/thirdparty/blocksds/external/nflib/lib\libnflib.a(nf_sprite3d.c.o)
                0x02008074                NF_Update3dSpritesGfx
 .text.NF_InitTiledBgBuffers
                0x02008110       0x98 C:/msys64/opt/wonderful/thirdparty/blocksds/external/nflib/lib\libnflib.a(nf_tiledbg.c.o)
                0x02008110                NF_InitTiledBgBuffers
 .text.NF_InitTiledBgSys
                0x020081a8      0x148 C:/msys64/opt/wonderful/thirdparty/blocksds/external/nflib/lib\libnflib.a(nf_tiledbg.c.o)
                0x020081a8                NF_InitTiledBgSys
 .text.NF_LoadTiledBg
                0x020082f0      0x1a4 C:/msys64/opt/wonderful/thirdparty/blocksds/external/nflib/lib\libnflib.a(nf_tiledbg.c.o)
                0x020082f0                NF_LoadTiledBg
 .text.NF_DeleteTiledBg
                0x02008494      0x17c C:/msys64/opt/wonderful/thirdparty/blocksds/external/nflib/lib\libnflib.a(nf_tiledbg.c.o)
                0x02008494                NF_DeleteTiledBg
 .text.NF_CreateTiledBg
                0x02008610      0x5ac C:/msys64/opt/wonderful/thirdparty/blocksds/external/nflib/lib\libnflib.a(nf_tiledbg.c.o)
                0x02008610                NF_CreateTiledBg
 .text.NF_UpdateVramMap
                0x02008bbc       0xf8 C:/msys64/opt/wonderful/thirdparty/blocksds/external/nflib/lib\libnflib.a(nf_tiledbg.c.o)
                0x02008bbc                NF_UpdateVramMap
 .text.NF_RotateTileGfx
                0x02008cb4      0x100 C:/msys64/opt/wonderful/thirdparty/blocksds/external/nflib/lib\libnflib.a(nf_tiledbg.c.o)
                0x02008cb4                NF_RotateTileGfx
 .text.NF_InitTextSys
                0x02008db4       0x34 C:/msys64/opt/wonderful/thirdparty/blocksds/external/nflib/lib\libnflib.a(nf_text.c.o)
                0x02008db4                NF_InitTextSys
 .text.NF_LoadTextFont
                0x02008de8      0x1d8 C:/msys64/opt/wonderful/thirdparty/blocksds/external/nflib/lib\libnflib.a(nf_text.c.o)
                0x02008de8                NF_LoadTextFont
 .text.NF_CreateTextLayer
                0x02008fc0       0x8c C:/msys64/opt/wonderful/thirdparty/blocksds/external/nflib/lib\libnflib.a(nf_text.c.o)
                0x02008fc0                NF_CreateTextLayer
 .text.NF_UpdateTextLayers
                0x0200904c       0x38 C:/msys64/opt/wonderful/thirdparty/blocksds/external/nflib/lib\libnflib.a(nf_text.c.o)
                0x0200904c                NF_UpdateTextLayers
 .text.NF_Set3D
                0x02009084       0x54 C:/msys64/opt/wonderful/thirdparty/blocksds/external/nflib/lib\libnflib.a(nf_3d.c.o)
                0x02009084                NF_Set3D
 .text.NF_InitOpenGL
                0x020090d8       0x94 C:/msys64/opt/wonderful/thirdparty/blocksds/external/nflib/lib\libnflib.a(nf_3d.c.o)
                0x020090d8                NF_InitOpenGL
 .text.NF_GetTextureSize
                0x0200916c       0x64 C:/msys64/opt/wonderful/thirdparty/blocksds/external/nflib/lib\libnflib.a(nf_3d.c.o)
                0x0200916c                NF_GetTextureSize
 .text.NF_Error
                0x020091d0      0x2d8 C:/msys64/opt/wonderful/thirdparty/blocksds/external/nflib/lib\libnflib.a(nf_basic.c.o)
                0x020091d0                NF_Error
 .text.NF_SetRootFolder
                0x020094a8      0x1e0 C:/msys64/opt/wonderful/thirdparty/blocksds/external/nflib/lib\libnflib.a(nf_basic.c.o)
                0x020094a8                NF_SetRootFolder
 .text.NF_DmaMemCopy
                0x02009688       0x70 C:/msys64/opt/wonderful/thirdparty/blocksds/external/nflib/lib\libnflib.a(nf_basic.c.o)
                0x02009688                NF_DmaMemCopy
 .text.NF_FileLoad
                0x020096f8       0xac C:/msys64/opt/wonderful/thirdparty/blocksds/external/nflib/lib\libnflib.a(nf_basic.c.o)
                0x020096f8                NF_FileLoad
 .text.mmWaitForHandle
                0x020097a4       0x2c C:/msys64/opt/wonderful/thirdparty/blocksds/core/libs/maxmod/lib\libmm9.a(comms_ds9.c.o)
 .text.mmReceiveMessageValue32
                0x020097d0       0x4c C:/msys64/opt/wonderful/thirdparty/blocksds/core/libs/maxmod/lib\libmm9.a(comms_ds9.c.o)
 .text.SendString
                0x0200981c       0x24 C:/msys64/opt/wonderful/thirdparty/blocksds/core/libs/maxmod/lib\libmm9.a(comms_ds9.c.o)
 .text.SendCommandHwordByte
                0x02009840       0x1c C:/msys64/opt/wonderful/thirdparty/blocksds/core/libs/maxmod/lib\libmm9.a(comms_ds9.c.o)
 .text.SendCommandHword
                0x0200985c       0x18 C:/msys64/opt/wonderful/thirdparty/blocksds/core/libs/maxmod/lib\libmm9.a(comms_ds9.c.o)
 .text.mmSendBank
                0x02009874       0x1a C:/msys64/opt/wonderful/thirdparty/blocksds/core/libs/maxmod/lib\libmm9.a(comms_ds9.c.o)
                0x02009874                mmSendBank
 *fill*         0x0200988e        0x2 ff
 .text.mmStart  0x02009890       0x1c C:/msys64/opt/wonderful/thirdparty/blocksds/core/libs/maxmod/lib\libmm9.a(comms_ds9.c.o)
                0x02009890                mmStart
 .text.mmSetModuleVolume
                0x020098ac       0x10 C:/msys64/opt/wonderful/thirdparty/blocksds/core/libs/maxmod/lib\libmm9.a(comms_ds9.c.o)
                0x020098ac                mmSetModuleVolume
 .text.mmEffect
                0x020098bc       0x12 C:/msys64/opt/wonderful/thirdparty/blocksds/core/libs/maxmod/lib\libmm9.a(comms_ds9.c.o)
                0x020098bc                mmEffect
 *fill*         0x020098ce        0x2 ff
 .text.mmEffectRate
                0x020098d0       0x1c C:/msys64/opt/wonderful/thirdparty/blocksds/core/libs/maxmod/lib\libmm9.a(comms_ds9.c.o)
                0x020098d0                mmEffectRate
 .text.mmSetupComms
                0x020098ec       0x18 C:/msys64/opt/wonderful/thirdparty/blocksds/core/libs/maxmod/lib\libmm9.a(comms_ds9.c.o)
                0x020098ec                mmSetupComms
 .text.mmInit   0x02009904       0x78 C:/msys64/opt/wonderful/thirdparty/blocksds/core/libs/maxmod/lib\libmm9.a(main_ds9.c.o)
                0x02009904                mmInit
 .text.mmTryToInitializeDefault
                0x0200997c       0x34 C:/msys64/opt/wonderful/thirdparty/blocksds/core/libs/maxmod/lib\libmm9.a(main_ds9.c.o)
 .text.mmInitDefault
                0x020099b0       0x4c C:/msys64/opt/wonderful/thirdparty/blocksds/core/libs/maxmod/lib\libmm9.a(main_ds9.c.o)
                0x020099b0                mmInitDefault
 .text.mmFlushMemoryBank
                0x020099fc       0x24 C:/msys64/opt/wonderful/thirdparty/blocksds/core/libs/maxmod/lib\libmm9.a(memory.c.o)
 .text.mmLoadEffect
                0x02009a20       0x54 C:/msys64/opt/wonderful/thirdparty/blocksds/core/libs/maxmod/lib\libmm9.a(memory.c.o)
                0x02009a20                mmLoadEffect
 .text.mmUnloadEffect
                0x02009a74       0x50 C:/msys64/opt/wonderful/thirdparty/blocksds/core/libs/maxmod/lib\libmm9.a(memory.c.o)
                0x02009a74                mmUnloadEffect
 .text.mmUnload
                0x02009ac4       0x6c C:/msys64/opt/wonderful/thirdparty/blocksds/core/libs/maxmod/lib\libmm9.a(memory.c.o)
                0x02009ac4                mmUnload
 .text.mmLoad   0x02009b30       0x80 C:/msys64/opt/wonderful/thirdparty/blocksds/core/libs/maxmod/lib\libmm9.a(memory.c.o)
                0x02009b30                mmLoad
 .text.mmLoadDataFromSoundBank
                0x02009bb0       0xcc C:/msys64/opt/wonderful/thirdparty/blocksds/core/libs/maxmod/lib\libmm9.a(soundbank.c.o)
 .text.mmsHandleFileOp
                0x02009c7c       0x2a C:/msys64/opt/wonderful/thirdparty/blocksds/core/libs/maxmod/lib\libmm9.a(soundbank.c.o)
 *fill*         0x02009ca6        0x2 ff
 .text.mmSoundBankInFiles
                0x02009ca8       0x2c C:/msys64/opt/wonderful/thirdparty/blocksds/core/libs/maxmod/lib\libmm9.a(soundbank.c.o)
                0x02009ca8                mmSoundBankInFiles
 .text.CP15_FlushICache
                0x02009cd4        0xc C:/msys64/opt/wonderful/thirdparty/blocksds/core/libs/libnds/lib\libnds9.a(cp15.s.o)
                0x02009cd4                CP15_FlushICache
 .text.CP15_FlushDCache
                0x02009ce0        0xc C:/msys64/opt/wonderful/thirdparty/blocksds/core/libs/libnds/lib\libnds9.a(cp15.s.o)
                0x02009ce0                CP15_FlushDCache
 .text.CP15_CleanAndFlushDCache
                0x02009cec       0x34 C:/msys64/opt/wonderful/thirdparty/blocksds/core/libs/libnds/lib\libnds9.a(cp15.s.o)
                0x02009cec                CP15_CleanAndFlushDCache
 .text.__libnds_mpu_setup
                0x02009d20      0x1c4 C:/msys64/opt/wonderful/thirdparty/blocksds/core/libs/libnds/lib\libnds9.a(mpu_setup.s.o)
                0x02009d20                __libnds_mpu_setup
 .text.CP15_MPUDisable
                0x02009ee4       0x3c C:/msys64/opt/wonderful/thirdparty/blocksds/core/libs/libnds/lib\libnds9.a(mpu_setup.s.o)
                0x02009ee4                CP15_MPUDisable
 .text.memUncached
                0x02009f20       0x20 C:/msys64/opt/wonderful/thirdparty/blocksds/core/libs/libnds/lib\libnds9.a(mpu_setup.s.o)
                0x02009f20                memUncached
 .text.dmaSetParams
                0x02009f40       0x1c C:/msys64/opt/wonderful/thirdparty/blocksds/core/libs/libnds/lib\libnds9.a(dma.s.o)
                0x02009f40                dmaSetParams
 .text.__aeabi_memcpy
                0x02009f5c       0xc8 C:/msys64/opt/wonderful/thirdparty/blocksds/core/libs/libnds/lib\libnds9.a(memcpy.s.o)
                0x02009f5c                __aeabi_memcpy
                0x02009f94                __aeabi_memcpy4
                0x02009f94                __aeabi_memcpy8
                0x0200a000                __ndsabi_memcpy2
 .text.__ndsabi_memcpy1
                0x0200a024       0x14 C:/msys64/opt/wonderful/thirdparty/blocksds/core/libs/libnds/lib\libnds9.a(memcpy.s.o)
                0x0200a024                __ndsabi_memcpy1
 .text.memcpy   0x0200a038       0x10 C:/msys64/opt/wonderful/thirdparty/blocksds/core/libs/libnds/lib\libnds9.a(memcpy.s.o)
                0x0200a038                memcpy
 .text.__aeabi_memset
                0x0200a048       0x9c C:/msys64/opt/wonderful/thirdparty/blocksds/core/libs/libnds/lib\libnds9.a(memset.s.o)
                0x0200a048                __aeabi_memset
                0x0200a06c                __aeabi_memset8
                0x0200a06c                __aeabi_memset4
                0x0200a078                __ndsabi_wordset4
                0x0200a07c                __ndsabi_lwordset4
 .text.__ndsabi_memset1
                0x0200a0e4       0x10 C:/msys64/opt/wonderful/thirdparty/blocksds/core/libs/libnds/lib\libnds9.a(memset.s.o)
                0x0200a0e4                __ndsabi_memset1
 .text.memset   0x0200a0f4       0x1c C:/msys64/opt/wonderful/thirdparty/blocksds/core/libs/libnds/lib\libnds9.a(memset.s.o)
                0x0200a0f4                memset
 .text.newRow   0x0200a110       0x88 C:/msys64/opt/wonderful/thirdparty/blocksds/core/libs/libnds/lib\libnds9.a(console.c.o)
 .text.consolePrintChar.part.0
                0x0200a198      0x100 C:/msys64/opt/wonderful/thirdparty/blocksds/core/libs/libnds/lib\libnds9.a(console.c.o)
 .text.consolePrintChar
                0x0200a298       0x2c C:/msys64/opt/wonderful/thirdparty/blocksds/core/libs/libnds/lib\libnds9.a(console.c.o)
                0x0200a298                consolePrintChar
 .text.con_write
                0x0200a2c4      0x330 C:/msys64/opt/wonderful/thirdparty/blocksds/core/libs/libnds/lib\libnds9.a(console.c.o)
 .text.consoleLoadFont
                0x0200a5f4      0x24c C:/msys64/opt/wonderful/thirdparty/blocksds/core/libs/libnds/lib\libnds9.a(console.c.o)
                0x0200a5f4                consoleLoadFont
 .text.consoleInitEx
                0x0200a840      0x19c C:/msys64/opt/wonderful/thirdparty/blocksds/core/libs/libnds/lib\libnds9.a(console.c.o)
                0x0200a840                consoleInitEx
 .text.consoleDemoInit
                0x0200a9dc       0x48 C:/msys64/opt/wonderful/thirdparty/blocksds/core/libs/libnds/lib\libnds9.a(console.c.o)
                0x0200a9dc                consoleDemoInit
 .text.consoleSetCursor
                0x0200aa24       0x24 C:/msys64/opt/wonderful/thirdparty/blocksds/core/libs/libnds/lib\libnds9.a(console.c.o)
                0x0200aa24                consoleSetCursor
 .text.consoleSetColor
                0x0200aa48       0x18 C:/msys64/opt/wonderful/thirdparty/blocksds/core/libs/libnds/lib\libnds9.a(console.c.o)
                0x0200aa48                consoleSetColor
 .text.consoleArm7Flush
                0x0200aa60       0x90 C:/msys64/opt/wonderful/thirdparty/blocksds/core/libs/libnds/lib\libnds9.a(console.c.o)
                0x0200aa60                consoleArm7Flush
 .text.chdir    0x0200aaf0      0x11c C:/msys64/opt/wonderful/thirdparty/blocksds/core/libs/libnds/lib\libnds9.a(chdir.c.o)
                0x0200aaf0                chdir
 .text.build_argv
                0x0200ac0c       0x58 C:/msys64/opt/wonderful/thirdparty/blocksds/core/libs/libnds/lib\libnds9.a(crt0_argv.c.o)
                0x0200ac0c                build_argv
 .text.fatfs_error_to_posix
                0x0200ac64       0x24 C:/msys64/opt/wonderful/thirdparty/blocksds/core/libs/libnds/lib\libnds9.a(fatfs.c.o)
                0x0200ac64                fatfs_error_to_posix
 .text.fatfs_timestamp_to_fattime
                0x0200ac88       0x28 C:/msys64/opt/wonderful/thirdparty/blocksds/core/libs/libnds/lib\libnds9.a(fatfs.c.o)
                0x0200ac88                fatfs_timestamp_to_fattime
 .text.get_dirname
                0x0200acb0       0x98 C:/msys64/opt/wonderful/thirdparty/blocksds/core/libs/libnds/lib\libnds9.a(fatfs.c.o)
                0x0200acb0                get_dirname
 .text.fatGetDefaultCwd
                0x0200ad48       0x70 C:/msys64/opt/wonderful/thirdparty/blocksds/core/libs/libnds/lib\libnds9.a(fatfs.c.o)
                0x0200ad48                fatGetDefaultCwd
 .text.nandInit
                0x0200adb8       0xe0 C:/msys64/opt/wonderful/thirdparty/blocksds/core/libs/libnds/lib\libnds9.a(fatfs.c.o)
                0x0200adb8                nandInit
 .text.fatInit.part.0
                0x0200ae98      0x1d0 C:/msys64/opt/wonderful/thirdparty/blocksds/core/libs/libnds/lib\libnds9.a(fatfs.c.o)
 .text.fatInitDefault
                0x0200b068       0x24 C:/msys64/opt/wonderful/thirdparty/blocksds/core/libs/libnds/lib\libnds9.a(fatfs.c.o)
                0x0200b068                fatInitDefault
 .text.fatInitLookupCache
                0x0200b08c       0x60 C:/msys64/opt/wonderful/thirdparty/blocksds/core/libs/libnds/lib\libnds9.a(fatfs.c.o)
                0x0200b08c                fatInitLookupCache
 .text.open     0x0200b0ec       0xfc C:/msys64/opt/wonderful/thirdparty/blocksds/core/libs/libnds/lib\libnds9.a(filesystem.c.o)
                0x0200b0ec                open
 .text.read     0x0200b1e8       0x70 C:/msys64/opt/wonderful/thirdparty/blocksds/core/libs/libnds/lib\libnds9.a(filesystem.c.o)
                0x0200b1e8                read
 .text.write    0x0200b258       0xa0 C:/msys64/opt/wonderful/thirdparty/blocksds/core/libs/libnds/lib\libnds9.a(filesystem.c.o)
                0x0200b258                write
 .text.close    0x0200b2f8       0x7c C:/msys64/opt/wonderful/thirdparty/blocksds/core/libs/libnds/lib\libnds9.a(filesystem.c.o)
                0x0200b2f8                close
 .text.lseek    0x0200b374       0x74 C:/msys64/opt/wonderful/thirdparty/blocksds/core/libs/libnds/lib\libnds9.a(filesystem.c.o)
                0x0200b374                lseek
 .text.access   0x0200b3e8       0x98 C:/msys64/opt/wonderful/thirdparty/blocksds/core/libs/libnds/lib\libnds9.a(filesystem.c.o)
                0x0200b3e8                access
 .text.putc_buffered
                0x0200b480       0x94 C:/msys64/opt/wonderful/thirdparty/blocksds/core/libs/libnds/lib\libnds9.a(iob.c.o)
 .text.stderr_putc_buffered
                0x0200b514       0x20 C:/msys64/opt/wonderful/thirdparty/blocksds/core/libs/libnds/lib\libnds9.a(iob.c.o)
 .text.stdin_getc_keyboard
                0x0200b534       0xf0 C:/msys64/opt/wonderful/thirdparty/blocksds/core/libs/libnds/lib\libnds9.a(iob.c.o)
 .text.stdout_putc_buffered
                0x0200b624       0x40 C:/msys64/opt/wonderful/thirdparty/blocksds/core/libs/libnds/lib\libnds9.a(iob.c.o)
 .text.nitrofs_read_internal_cart
                0x0200b664       0xa4 C:/msys64/opt/wonderful/thirdparty/blocksds/core/libs/libnds/lib\libnds9.a(nitrofs.c.o)
 .text.nitrofs_read_internal
                0x0200b708       0x54 C:/msys64/opt/wonderful/thirdparty/blocksds/core/libs/libnds/lib\libnds9.a(nitrofs.c.o)
 .text.nitrofs_dir_state_init
                0x0200b75c       0x9c C:/msys64/opt/wonderful/thirdparty/blocksds/core/libs/libnds/lib\libnds9.a(nitrofs.c.o)
 .text.nitrofs_dir_state_next
                0x0200b7f8       0xb0 C:/msys64/opt/wonderful/thirdparty/blocksds/core/libs/libnds/lib\libnds9.a(nitrofs.c.o)
 .text.nitrofs_dir_step
                0x0200b8a8       0xf0 C:/msys64/opt/wonderful/thirdparty/blocksds/core/libs/libnds/lib\libnds9.a(nitrofs.c.o)
 .text.nitrofs_use_for_path
                0x0200b998       0x30 C:/msys64/opt/wonderful/thirdparty/blocksds/core/libs/libnds/lib\libnds9.a(nitrofs.c.o)
                0x0200b998                nitrofs_use_for_path
 .text.nitrofs_path_resolve
                0x0200b9c8       0x68 C:/msys64/opt/wonderful/thirdparty/blocksds/core/libs/libnds/lib\libnds9.a(nitrofs.c.o)
                0x0200b9c8                nitrofs_path_resolve
 .text.nitrofs_chdir
                0x0200ba30       0x24 C:/msys64/opt/wonderful/thirdparty/blocksds/core/libs/libnds/lib\libnds9.a(nitrofs.c.o)
                0x0200ba30                nitrofs_chdir
 .text.nitrofs_read
                0x0200ba54       0x30 C:/msys64/opt/wonderful/thirdparty/blocksds/core/libs/libnds/lib\libnds9.a(nitrofs.c.o)
                0x0200ba54                nitrofs_read
 .text.nitrofs_lseek
                0x0200ba84       0x58 C:/msys64/opt/wonderful/thirdparty/blocksds/core/libs/libnds/lib\libnds9.a(nitrofs.c.o)
                0x0200ba84                nitrofs_lseek
 .text.nitrofs_close
                0x0200badc       0x10 C:/msys64/opt/wonderful/thirdparty/blocksds/core/libs/libnds/lib\libnds9.a(nitrofs.c.o)
                0x0200badc                nitrofs_close
 .text.nitroFSOpenById
                0x0200baec       0x6c C:/msys64/opt/wonderful/thirdparty/blocksds/core/libs/libnds/lib\libnds9.a(nitrofs.c.o)
                0x0200baec                nitroFSOpenById
 .text.nitrofs_open
                0x0200bb58       0x4c C:/msys64/opt/wonderful/thirdparty/blocksds/core/libs/libnds/lib\libnds9.a(nitrofs.c.o)
                0x0200bb58                nitrofs_open
 .text.nitroFSInit
                0x0200bba4      0x234 C:/msys64/opt/wonderful/thirdparty/blocksds/core/libs/libnds/lib\libnds9.a(nitrofs.c.o)
                0x0200bba4                nitroFSInit
 .text.soundEnable
                0x0200bdd8       0x10 C:/msys64/opt/wonderful/thirdparty/blocksds/core/libs/libnds/lib\libnds9.a(sound.c.o)
                0x0200bdd8                soundEnable
 .text.cardReadArm7
                0x0200bde8       0x6c C:/msys64/opt/wonderful/thirdparty/blocksds/core/libs/libnds/lib\libnds9.a(card.c.o)
                0x0200bde8                cardReadArm7
 .text.dldi_arm7_read_sectors
                0x0200be54       0x5c C:/msys64/opt/wonderful/thirdparty/blocksds/core/libs/libnds/lib\libnds9.a(dldi.c.o)
 .text.dldi_arm7_shutdown
                0x0200beb0       0x3c C:/msys64/opt/wonderful/thirdparty/blocksds/core/libs/libnds/lib\libnds9.a(dldi.c.o)
 .text.dldi_arm7_clear_status
                0x0200beec       0x3c C:/msys64/opt/wonderful/thirdparty/blocksds/core/libs/libnds/lib\libnds9.a(dldi.c.o)
 .text.dldi_arm7_is_inserted
                0x0200bf28       0x3c C:/msys64/opt/wonderful/thirdparty/blocksds/core/libs/libnds/lib\libnds9.a(dldi.c.o)
 .text.dldi_arm7_startup
                0x0200bf64       0x50 C:/msys64/opt/wonderful/thirdparty/blocksds/core/libs/libnds/lib\libnds9.a(dldi.c.o)
 .text.dldi_arm7_write_sectors
                0x0200bfb4       0x5c C:/msys64/opt/wonderful/thirdparty/blocksds/core/libs/libnds/lib\libnds9.a(dldi.c.o)
 .text.dldiGetMode
                0x0200c010        0xc C:/msys64/opt/wonderful/thirdparty/blocksds/core/libs/libnds/lib\libnds9.a(dldi.c.o)
                0x0200c010                dldiGetMode
 .text.dldiGetInternal
                0x0200c01c       0xac C:/msys64/opt/wonderful/thirdparty/blocksds/core/libs/libnds/lib\libnds9.a(dldi.c.o)
                0x0200c01c                dldiGetInternal
 .text.dldiGetStubDataEnd
                0x0200c0c8       0x1c C:/msys64/opt/wonderful/thirdparty/blocksds/core/libs/libnds/lib\libnds9.a(dldi.c.o)
                0x0200c0c8                dldiGetStubDataEnd
 .text.dldiGetStubEnd
                0x0200c0e4        0x8 C:/msys64/opt/wonderful/thirdparty/blocksds/core/libs/libnds/lib\libnds9.a(dldi.c.o)
                0x0200c0e4                dldiGetStubEnd
 .text.get_io_dsinand
                0x0200c0ec       0x18 C:/msys64/opt/wonderful/thirdparty/blocksds/core/libs/libnds/lib\libnds9.a(nandfs.c.o)
                0x0200c0ec                get_io_dsinand
 .text.get_io_dsisd
                0x0200c104       0x24 C:/msys64/opt/wonderful/thirdparty/blocksds/core/libs/libnds/lib\libnds9.a(sdmmc.c.o)
                0x0200c104                get_io_dsisd
 .text.initSystem
                0x0200c128      0x128 C:/msys64/opt/wonderful/thirdparty/blocksds/core/libs/libnds/lib\libnds9.a(initSystem.c.o)
                0x0200c128                initSystem
 .text.scanKeys
                0x0200c250       0xcc C:/msys64/opt/wonderful/thirdparty/blocksds/core/libs/libnds/lib\libnds9.a(keys.c.o)
                0x0200c250                scanKeys
 .text.keysHeld
                0x0200c31c        0xc C:/msys64/opt/wonderful/thirdparty/blocksds/core/libs/libnds/lib\libnds9.a(keys.c.o)
                0x0200c31c                keysHeld
 .text.keysDown
                0x0200c328        0xc C:/msys64/opt/wonderful/thirdparty/blocksds/core/libs/libnds/lib\libnds9.a(keys.c.o)
                0x0200c328                keysDown
 .text.keysUp   0x0200c334        0xc C:/msys64/opt/wonderful/thirdparty/blocksds/core/libs/libnds/lib\libnds9.a(keys.c.o)
                0x0200c334                keysUp
 .text.touchRead
                0x0200c340       0x24 C:/msys64/opt/wonderful/thirdparty/blocksds/core/libs/libnds/lib\libnds9.a(keys.c.o)
                0x0200c340                touchRead
 .text.setTransferInputData
                0x0200c364       0x1c C:/msys64/opt/wonderful/thirdparty/blocksds/core/libs/libnds/lib\libnds9.a(keys.c.o)
                0x0200c364                setTransferInputData
 .text.systemValueHandler
                0x0200c380       0xc4 C:/msys64/opt/wonderful/thirdparty/blocksds/core/libs/libnds/lib\libnds9.a(system.c.o)
                0x0200c380                systemValueHandler
 .text.systemMsgHandler
                0x0200c444       0x2c C:/msys64/opt/wonderful/thirdparty/blocksds/core/libs/libnds/lib\libnds9.a(system.c.o)
                0x0200c444                systemMsgHandler
 .text.powerOn  0x0200c470       0x2c C:/msys64/opt/wonderful/thirdparty/blocksds/core/libs/libnds/lib\libnds9.a(system.c.o)
                0x0200c470                powerOn
 .text.memBufferIsInMainRam
                0x0200c49c       0x1c C:/msys64/opt/wonderful/thirdparty/blocksds/core/libs/libnds/lib\libnds9.a(system.c.o)
                0x0200c49c                memBufferIsInMainRam
 .text.sinLutLookup
                0x0200c4b8       0x4c C:/msys64/opt/wonderful/thirdparty/blocksds/core/libs/libnds/lib\libnds9.a(trig.c.o)
                0x0200c4b8                sinLutLookup
 .text.sinLerp  0x0200c504       0x38 C:/msys64/opt/wonderful/thirdparty/blocksds/core/libs/libnds/lib\libnds9.a(trig.c.o)
                0x0200c504                sinLerp
 .text.cosLerp  0x0200c53c       0x44 C:/msys64/opt/wonderful/thirdparty/blocksds/core/libs/libnds/lib\libnds9.a(trig.c.o)
                0x0200c53c                cosLerp
 .text.checkIfText
                0x0200c580       0x6c C:/msys64/opt/wonderful/thirdparty/blocksds/core/libs/libnds/lib\libnds9.a(background.c.o)
                0x0200c580                checkIfText
 .text.bgUpdate
                0x0200c5ec       0xe8 C:/msys64/opt/wonderful/thirdparty/blocksds/core/libs/libnds/lib\libnds9.a(background.c.o)
                0x0200c5ec                bgUpdate
 .text.bgInit_call
                0x0200c6d4       0xa8 C:/msys64/opt/wonderful/thirdparty/blocksds/core/libs/libnds/lib\libnds9.a(background.c.o)
                0x0200c6d4                bgInit_call
 .text.bgInitSub_call
                0x0200c77c       0xb0 C:/msys64/opt/wonderful/thirdparty/blocksds/core/libs/libnds/lib\libnds9.a(background.c.o)
                0x0200c77c                bgInitSub_call
 .text.oamInit  0x0200c82c      0x100 C:/msys64/opt/wonderful/thirdparty/blocksds/core/libs/libnds/lib\libnds9.a(sprite.c.o)
                0x0200c82c                oamInit
 .text.oamGfxPtrToOffset
                0x0200c92c       0x34 C:/msys64/opt/wonderful/thirdparty/blocksds/core/libs/libnds/lib\libnds9.a(sprite.c.o)
                0x0200c92c                oamGfxPtrToOffset
 .text.oamSet   0x0200c960      0x10c C:/msys64/opt/wonderful/thirdparty/blocksds/core/libs/libnds/lib\libnds9.a(sprite.c.o)
                0x0200c960                oamSet
 .text.oamUpdate
                0x0200ca6c       0x50 C:/msys64/opt/wonderful/thirdparty/blocksds/core/libs/libnds/lib\libnds9.a(sprite.c.o)
                0x0200ca6c                oamUpdate
 .text.oamAllocReset
                0x0200cabc       0x1c C:/msys64/opt/wonderful/thirdparty/blocksds/core/libs/libnds/lib\libnds9.a(sprite_alloc.c.o)
                0x0200cabc                oamAllocReset
 .text.setBrightness
                0x0200cad8       0x40 C:/msys64/opt/wonderful/thirdparty/blocksds/core/libs/libnds/lib\libnds9.a(video.c.o)
                0x0200cad8                setBrightness
 .text.vramDefault
                0x0200cb18       0xe4 C:/msys64/opt/wonderful/thirdparty/blocksds/core/libs/libnds/lib\libnds9.a(video.c.o)
                0x0200cb18                vramDefault
 .text.glOrthof32
                0x0200cbfc      0x204 C:/msys64/opt/wonderful/thirdparty/blocksds/core/libs/libnds/lib\libnds9.a(videoGL.c.o)
                0x0200cbfc                glOrthof32
 .text.glResetMatrixStack
                0x0200ce00       0x68 C:/msys64/opt/wonderful/thirdparty/blocksds/core/libs/libnds/lib\libnds9.a(videoGL.c.o)
                0x0200ce00                glResetMatrixStack
 .text.vramBlock_init
                0x0200ce68       0x84 C:/msys64/opt/wonderful/thirdparty/blocksds/core/libs/libnds/lib\libnds9.a(videoGL.c.o)
                0x0200ce68                vramBlock_init
 .text.glInit   0x0200ceec      0x270 C:/msys64/opt/wonderful/thirdparty/blocksds/core/libs/libnds/lib\libnds9.a(videoGL.c.o)
                0x0200ceec                glInit
 .text.glClearColor
                0x0200d15c       0x38 C:/msys64/opt/wonderful/thirdparty/blocksds/core/libs/libnds/lib\libnds9.a(videoGL.c.o)
                0x0200d15c                glClearColor
 .text.cardPolledTransfer
                0x0200d194       0x5c C:/msys64/opt/wonderful/thirdparty/blocksds/core/libs/libnds/lib\libnds9.a(card.c.o)
                0x0200d194                cardPolledTransfer
 .text.cardRead
                0x0200d1f0      0x190 C:/msys64/opt/wonderful/thirdparty/blocksds/core/libs/libnds/lib\libnds9.a(card.c.o)
                0x0200d1f0                cardRead
 .text.cothread_delete_internal
                0x0200d380       0xa0 C:/msys64/opt/wonderful/thirdparty/blocksds/core/libs/libnds/lib\libnds9.a(threads.c.o)
 .text.cothread_main
                0x0200d420       0x1c C:/msys64/opt/wonderful/thirdparty/blocksds/core/libs/libnds/lib\libnds9.a(threads.c.o)
                0x0200d420                cothread_main
 .text.cothread_yield
                0x0200d43c       0x20 C:/msys64/opt/wonderful/thirdparty/blocksds/core/libs/libnds/lib\libnds9.a(threads.c.o)
                0x0200d43c                cothread_yield
 .text.cothread_yield_irq
                0x0200d45c       0xa8 C:/msys64/opt/wonderful/thirdparty/blocksds/core/libs/libnds/lib\libnds9.a(threads.c.o)
                0x0200d45c                cothread_yield_irq
 .text.cothread_start
                0x0200d504      0x114 C:/msys64/opt/wonderful/thirdparty/blocksds/core/libs/libnds/lib\libnds9.a(threads.c.o)
                0x0200d504                cothread_start
 .text.setExceptionHandler
                0x0200d618       0x18 C:/msys64/opt/wonderful/thirdparty/blocksds/core/libs/libnds/lib\libnds9.a(exceptions.c.o)
                0x0200d618                setExceptionHandler
 .text.libndsCrash
                0x0200d630        0xc C:/msys64/opt/wonderful/thirdparty/blocksds/core/libs/libnds/lib\libnds9.a(exceptions.c.o)
                0x0200d630                libndsCrash
 .text.fifo_buffer_wait_block
                0x0200d63c       0x74 C:/msys64/opt/wonderful/thirdparty/blocksds/core/libs/libnds/lib\libnds9.a(fifosystem.c.o)
 .text.fifoFillTxFifoFromBuffer
                0x0200d6b0       0xa0 C:/msys64/opt/wonderful/thirdparty/blocksds/core/libs/libnds/lib\libnds9.a(fifosystem.c.o)
 .text.fifoInternalSendInterrupt
                0x0200d750        0x8 C:/msys64/opt/wonderful/thirdparty/blocksds/core/libs/libnds/lib\libnds9.a(fifosystem.c.o)
 .text.fifoInternalSend
                0x0200d758       0xd8 C:/msys64/opt/wonderful/thirdparty/blocksds/core/libs/libnds/lib\libnds9.a(fifosystem.c.o)
 .text.fifoSendValue32
                0x0200d830       0x3c C:/msys64/opt/wonderful/thirdparty/blocksds/core/libs/libnds/lib\libnds9.a(fifosystem.c.o)
                0x0200d830                fifoSendValue32
 .text.fifoSendDatamsg
                0x0200d86c       0x84 C:/msys64/opt/wonderful/thirdparty/blocksds/core/libs/libnds/lib\libnds9.a(fifosystem.c.o)
                0x0200d86c                fifoSendDatamsg
 .text.fifoGetDatamsg
                0x0200d8f0       0xe0 C:/msys64/opt/wonderful/thirdparty/blocksds/core/libs/libnds/lib\libnds9.a(fifosystem.c.o)
                0x0200d8f0                fifoGetDatamsg
 .text.fifoReadRxFifoAndProcessBuffer
                0x0200d9d0      0x344 C:/msys64/opt/wonderful/thirdparty/blocksds/core/libs/libnds/lib\libnds9.a(fifosystem.c.o)
 .text.fifoGetAddress
                0x0200dd14       0x7c C:/msys64/opt/wonderful/thirdparty/blocksds/core/libs/libnds/lib\libnds9.a(fifosystem.c.o)
                0x0200dd14                fifoGetAddress
 .text.fifoGetValue32
                0x0200dd90       0x7c C:/msys64/opt/wonderful/thirdparty/blocksds/core/libs/libnds/lib\libnds9.a(fifosystem.c.o)
                0x0200dd90                fifoGetValue32
 .text.fifoInternalRecvInterrupt
                0x0200de0c        0x8 C:/msys64/opt/wonderful/thirdparty/blocksds/core/libs/libnds/lib\libnds9.a(fifosystem.c.o)
 .text.fifoSetValue32Handler
                0x0200de14       0x80 C:/msys64/opt/wonderful/thirdparty/blocksds/core/libs/libnds/lib\libnds9.a(fifosystem.c.o)
                0x0200de14                fifoSetValue32Handler
 .text.fifoSetDatamsgHandler
                0x0200de94       0xa8 C:/msys64/opt/wonderful/thirdparty/blocksds/core/libs/libnds/lib\libnds9.a(fifosystem.c.o)
                0x0200de94                fifoSetDatamsgHandler
 .text.fifoCheckAddress
                0x0200df3c       0x34 C:/msys64/opt/wonderful/thirdparty/blocksds/core/libs/libnds/lib\libnds9.a(fifosystem.c.o)
                0x0200df3c                fifoCheckAddress
 .text.fifoCheckValue32
                0x0200df70       0x34 C:/msys64/opt/wonderful/thirdparty/blocksds/core/libs/libnds/lib\libnds9.a(fifosystem.c.o)
                0x0200df70                fifoCheckValue32
 .text.fifoInit
                0x0200dfa4      0x138 C:/msys64/opt/wonderful/thirdparty/blocksds/core/libs/libnds/lib\libnds9.a(fifosystem.c.o)
                0x0200dfa4                fifoInit
 .text.fifoMutexAcquire
                0x0200e0dc       0x34 C:/msys64/opt/wonderful/thirdparty/blocksds/core/libs/libnds/lib\libnds9.a(fifosystem.c.o)
                0x0200e0dc                fifoMutexAcquire
 .text.fifoMutexRelease
                0x0200e110       0x20 C:/msys64/opt/wonderful/thirdparty/blocksds/core/libs/libnds/lib\libnds9.a(fifosystem.c.o)
                0x0200e110                fifoMutexRelease
 .text.irqSet   0x0200e130       0x90 C:/msys64/opt/wonderful/thirdparty/blocksds/core/libs/libnds/lib\libnds9.a(interrupts.c.o)
                0x0200e130                irqSet
 .text.irqInit  0x0200e1c0       0x44 C:/msys64/opt/wonderful/thirdparty/blocksds/core/libs/libnds/lib\libnds9.a(interrupts.c.o)
                0x0200e1c0                irqInit
 .text.irqEnable
                0x0200e204       0x64 C:/msys64/opt/wonderful/thirdparty/blocksds/core/libs/libnds/lib\libnds9.a(interrupts.c.o)
                0x0200e204                irqEnable
 .text.systemErrorExit
                0x0200e268        0x4 C:/msys64/opt/wonderful/thirdparty/blocksds/core/libs/libnds/lib\libnds9.a(exit.c.o)
                0x0200e268                systemErrorExit
 .text.__libnds_exit
                0x0200e26c        0x8 C:/msys64/opt/wonderful/thirdparty/blocksds/core/libs/libnds/lib\libnds9.a(exit.c.o)
                0x0200e26c                __libnds_exit
 .text._exit    0x0200e274       0xb8 C:/msys64/opt/wonderful/thirdparty/blocksds/core/libs/libnds/lib\libnds9.a(exit.c.o)
                0x0200e274                _exit
 .text.reduceHeapSize
                0x0200e32c       0x2c C:/msys64/opt/wonderful/thirdparty/blocksds/core/libs/libnds/lib\libnds9.a(heapfuncs.c.o)
                0x0200e32c                reduceHeapSize
 .text.__retarget_lock_init_recursive
                0x0200e358       0x44 C:/msys64/opt/wonderful/thirdparty/blocksds/core/libs/libnds/lib\libnds9.a(locks.c.o)
                0x0200e358                __retarget_lock_init_recursive
 .text.__retarget_lock_acquire_recursive
                0x0200e39c       0x70 C:/msys64/opt/wonderful/thirdparty/blocksds/core/libs/libnds/lib\libnds9.a(locks.c.o)
                0x0200e39c                __retarget_lock_acquire_recursive
 .text.__retarget_lock_release_recursive
                0x0200e40c       0x58 C:/msys64/opt/wonderful/thirdparty/blocksds/core/libs/libnds/lib\libnds9.a(locks.c.o)
                0x0200e40c                __retarget_lock_release_recursive
 .text.__retarget_lock_init
                0x0200e464        0x8 C:/msys64/opt/wonderful/thirdparty/blocksds/core/libs/libnds/lib\libnds9.a(locks.c.o)
                0x0200e464                __retarget_lock_init
 .text.__retarget_lock_close
                0x0200e46c       0x30 C:/msys64/opt/wonderful/thirdparty/blocksds/core/libs/libnds/lib\libnds9.a(locks.c.o)
                0x0200e46c                __retarget_lock_close
 .text.__retarget_lock_acquire
                0x0200e49c        0x8 C:/msys64/opt/wonderful/thirdparty/blocksds/core/libs/libnds/lib\libnds9.a(locks.c.o)
                0x0200e49c                __retarget_lock_acquire
 .text.__retarget_lock_release
                0x0200e4a4        0x8 C:/msys64/opt/wonderful/thirdparty/blocksds/core/libs/libnds/lib\libnds9.a(locks.c.o)
                0x0200e4a4                __retarget_lock_release
 .text.sbrk     0x0200e4ac       0x44 C:/msys64/opt/wonderful/thirdparty/blocksds/core/libs/libnds/lib\libnds9.a(sbrk.c.o)
                0x0200e4ac                sbrk
 .text.__ndsabi_coro_make_noctx
                0x0200e4f0       0x28 C:/msys64/opt/wonderful/thirdparty/blocksds/core/libs/libnds/lib\libnds9.a(coroutine.c.o)
                0x0200e4f0                __ndsabi_coro_make_noctx
 .text.tchar2uni
                0x0200e518       0xb4 C:/msys64/opt/wonderful/thirdparty/blocksds/core/libs/libnds/lib\libnds9.a(ff.c.o)
 .text.get_ldnumber
                0x0200e5cc       0xdc C:/msys64/opt/wonderful/thirdparty/blocksds/core/libs/libnds/lib\libnds9.a(ff.c.o)
 .text.put_utf  0x0200e6a8       0xfc C:/msys64/opt/wonderful/thirdparty/blocksds/core/libs/libnds/lib\libnds9.a(ff.c.o)
 .text.get_fileinfo
                0x0200e7a4      0x190 C:/msys64/opt/wonderful/thirdparty/blocksds/core/libs/libnds/lib\libnds9.a(ff.c.o)
 .text.dir_clear
                0x0200e934      0x10c C:/msys64/opt/wonderful/thirdparty/blocksds/core/libs/libnds/lib\libnds9.a(ff.c.o)
 .text.unlock_volume.part.0.isra.0
                0x0200ea40        0x8 C:/msys64/opt/wonderful/thirdparty/blocksds/core/libs/libnds/lib\libnds9.a(ff.c.o)
 .text.sync_fs  0x0200ea48       0xb8 C:/msys64/opt/wonderful/thirdparty/blocksds/core/libs/libnds/lib\libnds9.a(ff.c.o)
 .text.move_window
                0x0200eb00       0x78 C:/msys64/opt/wonderful/thirdparty/blocksds/core/libs/libnds/lib\libnds9.a(ff.c.o)
 .text.put_fat.part.0
                0x0200eb78      0x10c C:/msys64/opt/wonderful/thirdparty/blocksds/core/libs/libnds/lib\libnds9.a(ff.c.o)
 .text.get_fat.isra.0
                0x0200ec84       0xb8 C:/msys64/opt/wonderful/thirdparty/blocksds/core/libs/libnds/lib\libnds9.a(ff.c.o)
 .text.remove_chain
                0x0200ed3c       0x84 C:/msys64/opt/wonderful/thirdparty/blocksds/core/libs/libnds/lib\libnds9.a(ff.c.o)
 .text.create_chain
                0x0200edc0      0x124 C:/msys64/opt/wonderful/thirdparty/blocksds/core/libs/libnds/lib\libnds9.a(ff.c.o)
 .text.dir_next
                0x0200eee4       0xd4 C:/msys64/opt/wonderful/thirdparty/blocksds/core/libs/libnds/lib\libnds9.a(ff.c.o)
 .text.dir_sdi  0x0200efb8       0x9c C:/msys64/opt/wonderful/thirdparty/blocksds/core/libs/libnds/lib\libnds9.a(ff.c.o)
 .text.dir_alloc
                0x0200f054       0x4c C:/msys64/opt/wonderful/thirdparty/blocksds/core/libs/libnds/lib\libnds9.a(ff.c.o)
 .text.dir_find
                0x0200f0a0      0x1d0 C:/msys64/opt/wonderful/thirdparty/blocksds/core/libs/libnds/lib\libnds9.a(ff.c.o)
 .text.follow_path
                0x0200f270      0x41c C:/msys64/opt/wonderful/thirdparty/blocksds/core/libs/libnds/lib\libnds9.a(ff.c.o)
 .text.dir_register
                0x0200f68c      0x304 C:/msys64/opt/wonderful/thirdparty/blocksds/core/libs/libnds/lib\libnds9.a(ff.c.o)
 .text.validate
                0x0200f990       0x58 C:/msys64/opt/wonderful/thirdparty/blocksds/core/libs/libnds/lib\libnds9.a(ff.c.o)
 .text.check_fs
                0x0200f9e8      0x150 C:/msys64/opt/wonderful/thirdparty/blocksds/core/libs/libnds/lib\libnds9.a(ff.c.o)
 .text.mount_volume
                0x0200fb38      0x354 C:/msys64/opt/wonderful/thirdparty/blocksds/core/libs/libnds/lib\libnds9.a(ff.c.o)
 .text.f_mount  0x0200fe8c       0x9c C:/msys64/opt/wonderful/thirdparty/blocksds/core/libs/libnds/lib\libnds9.a(ff.c.o)
                0x0200fe8c                libnds_f_mount
 .text.f_open   0x0200ff28      0x2c0 C:/msys64/opt/wonderful/thirdparty/blocksds/core/libs/libnds/lib\libnds9.a(ff.c.o)
                0x0200ff28                libnds_f_open
 .text.f_read   0x020101e8      0x298 C:/msys64/opt/wonderful/thirdparty/blocksds/core/libs/libnds/lib\libnds9.a(ff.c.o)
                0x020101e8                libnds_f_read
 .text.f_write  0x02010480      0x2ec C:/msys64/opt/wonderful/thirdparty/blocksds/core/libs/libnds/lib\libnds9.a(ff.c.o)
                0x02010480                libnds_f_write
 .text.f_sync   0x0201076c       0xd8 C:/msys64/opt/wonderful/thirdparty/blocksds/core/libs/libnds/lib\libnds9.a(ff.c.o)
                0x0201076c                libnds_f_sync
 .text.f_close  0x02010844       0x30 C:/msys64/opt/wonderful/thirdparty/blocksds/core/libs/libnds/lib\libnds9.a(ff.c.o)
                0x02010844                libnds_f_close
 .text.f_chdrive
                0x02010874       0x24 C:/msys64/opt/wonderful/thirdparty/blocksds/core/libs/libnds/lib\libnds9.a(ff.c.o)
                0x02010874                libnds_f_chdrive
 .text.f_chdir  0x02010898       0xb0 C:/msys64/opt/wonderful/thirdparty/blocksds/core/libs/libnds/lib\libnds9.a(ff.c.o)
                0x02010898                libnds_f_chdir
 .text.f_lseek  0x02010948      0x310 C:/msys64/opt/wonderful/thirdparty/blocksds/core/libs/libnds/lib\libnds9.a(ff.c.o)
                0x02010948                libnds_f_lseek
 .text.f_stat   0x02010c58       0xd8 C:/msys64/opt/wonderful/thirdparty/blocksds/core/libs/libnds/lib\libnds9.a(ff.c.o)
                0x02010c58                libnds_f_stat
 .text.ff_uni2oem
                0x02010d30       0x40 C:/msys64/opt/wonderful/thirdparty/blocksds/core/libs/libnds/lib\libnds9.a(ffunicode.c.o)
                0x02010d30                libnds_ff_uni2oem
 .text.ff_oem2uni
                0x02010d70       0x2c C:/msys64/opt/wonderful/thirdparty/blocksds/core/libs/libnds/lib\libnds9.a(ffunicode.c.o)
                0x02010d70                libnds_ff_oem2uni
 .text.ff_wtoupper
                0x02010d9c       0xcc C:/msys64/opt/wonderful/thirdparty/blocksds/core/libs/libnds/lib\libnds9.a(ffunicode.c.o)
                0x02010d9c                libnds_ff_wtoupper
 .text.__aeabi_read_tp
                0x02010e68        0xc C:/msys64/opt/wonderful/thirdparty/blocksds/core/libs/libnds/lib\libnds9.a(aeabi_read_tp.s.o)
                0x02010e68                __aeabi_read_tp
 .text.enterException
                0x02010e74       0xd4 C:/msys64/opt/wonderful/thirdparty/blocksds/core/libs/libnds/lib\libnds9.a(exceptionHandler.s.o)
                0x02010e74                enterException
                0x02010ee8                exceptionC
                0x02010eec                exceptionStack
                0x02010ef0                exceptionRegisters
 .text.__ndsabi_coro_resume
                0x02010f48       0x18 C:/msys64/opt/wonderful/thirdparty/blocksds/core/libs/libnds/lib\libnds9.a(coroutine.s.o)
                0x02010f48                __ndsabi_coro_resume
 .text.__ndsabi_coro_yield
                0x02010f60       0x1c C:/msys64/opt/wonderful/thirdparty/blocksds/core/libs/libnds/lib\libnds9.a(coroutine.s.o)
                0x02010f60                __ndsabi_coro_yield
 .text.__ndsabi_coro_pop_noctx
                0x02010f7c       0x34 C:/msys64/opt/wonderful/thirdparty/blocksds/core/libs/libnds/lib\libnds9.a(coroutine.s.o)
                0x02010f7c                __ndsabi_coro_pop_noctx
 .text.DynamicArrayInit
                0x02010fb0       0x18 C:/msys64/opt/wonderful/thirdparty/blocksds/core/libs/libnds/lib\libnds9.a(dynamicArray.c.o)
                0x02010fb0                DynamicArrayInit
 .text.DynamicArrayDelete
                0x02010fc8       0x14 C:/msys64/opt/wonderful/thirdparty/blocksds/core/libs/libnds/lib\libnds9.a(dynamicArray.c.o)
                0x02010fc8                DynamicArrayDelete
 .text.DynamicArraySet
                0x02010fdc       0x48 C:/msys64/opt/wonderful/thirdparty/blocksds/core/libs/libnds/lib\libnds9.a(dynamicArray.c.o)
                0x02010fdc                DynamicArraySet
 .text.keyboardShiftState.part.0
                0x02011024       0x78 C:/msys64/opt/wonderful/thirdparty/blocksds/core/libs/libnds/lib\libnds9.a(keyboard.c.o)
 .text.swapKeyGfx.part.0
                0x0201109c      0x134 C:/msys64/opt/wonderful/thirdparty/blocksds/core/libs/libnds/lib\libnds9.a(keyboard.c.o)
 .text.keyboardGetKey
                0x020111d0       0x64 C:/msys64/opt/wonderful/thirdparty/blocksds/core/libs/libnds/lib\libnds9.a(keyboard.c.o)
                0x020111d0                keyboardGetKey
 .text.keyboardUpdate
                0x02011234      0x11c C:/msys64/opt/wonderful/thirdparty/blocksds/core/libs/libnds/lib\libnds9.a(keyboard.c.o)
                0x02011234                keyboardUpdate
 .text.keyboardShow
                0x02011350      0x140 C:/msys64/opt/wonderful/thirdparty/blocksds/core/libs/libnds/lib\libnds9.a(keyboard.c.o)
                0x02011350                keyboardShow
 .text.keyboardHide
                0x02011490       0x90 C:/msys64/opt/wonderful/thirdparty/blocksds/core/libs/libnds/lib\libnds9.a(keyboard.c.o)
                0x02011490                keyboardHide
 .text.cache_initialized
                0x02011520       0x10 C:/msys64/opt/wonderful/thirdparty/blocksds/core/libs/libnds/lib\libnds9.a(cache.c.o)
                0x02011520                cache_initialized
 .text.cache_init
                0x02011530       0xac C:/msys64/opt/wonderful/thirdparty/blocksds/core/libs/libnds/lib\libnds9.a(cache.c.o)
                0x02011530                cache_init
 .text.cache_sector_get
                0x020115dc       0x70 C:/msys64/opt/wonderful/thirdparty/blocksds/core/libs/libnds/lib\libnds9.a(cache.c.o)
                0x020115dc                cache_sector_get
 .text.cache_sector_add
                0x0201164c       0xb0 C:/msys64/opt/wonderful/thirdparty/blocksds/core/libs/libnds/lib\libnds9.a(cache.c.o)
                0x0201164c                cache_sector_add
 .text.cache_sector_invalidate
                0x020116fc       0x4c C:/msys64/opt/wonderful/thirdparty/blocksds/core/libs/libnds/lib\libnds9.a(cache.c.o)
                0x020116fc                cache_sector_invalidate
 .text.disk_status
                0x02011748       0x6c C:/msys64/opt/wonderful/thirdparty/blocksds/core/libs/libnds/lib\libnds9.a(diskio.c.o)
                0x02011748                libnds_disk_status
 .text.disk_initialize
                0x020117b4       0x74 C:/msys64/opt/wonderful/thirdparty/blocksds/core/libs/libnds/lib\libnds9.a(diskio.c.o)
                0x020117b4                libnds_disk_initialize
 .text.disk_read
                0x02011828      0x104 C:/msys64/opt/wonderful/thirdparty/blocksds/core/libs/libnds/lib\libnds9.a(diskio.c.o)
                0x02011828                libnds_disk_read
 .text.disk_write
                0x0201192c       0xbc C:/msys64/opt/wonderful/thirdparty/blocksds/core/libs/libnds/lib\libnds9.a(diskio.c.o)
                0x0201192c                libnds_disk_write
 .text.disk_ioctl
                0x020119e8       0x48 C:/msys64/opt/wonderful/thirdparty/blocksds/core/libs/libnds/lib\libnds9.a(diskio.c.o)
                0x020119e8                libnds_disk_ioctl
 .text.get_fattime
                0x02011a30       0x1c C:/msys64/opt/wonderful/thirdparty/blocksds/core/libs/libnds/lib\libnds9.a(diskio.c.o)
                0x02011a30                libnds_ff_get_fattime
 .text.ff_mutex_create
                0x02011a4c       0x10 C:/msys64/opt/wonderful/thirdparty/blocksds/core/libs/libnds/lib\libnds9.a(ffsystem.c.o)
                0x02011a4c                libnds_ff_mutex_create
 .text.ff_mutex_delete
                0x02011a5c        0x4 C:/msys64/opt/wonderful/thirdparty/blocksds/core/libs/libnds/lib\libnds9.a(ffsystem.c.o)
                0x02011a5c                libnds_ff_mutex_delete
 .text.ff_mutex_take
                0x02011a60       0x18 C:/msys64/opt/wonderful/thirdparty/blocksds/core/libs/libnds/lib\libnds9.a(ffsystem.c.o)
                0x02011a60                libnds_ff_mutex_take
 .text.ff_mutex_give
                0x02011a78       0x1c C:/msys64/opt/wonderful/thirdparty/blocksds/core/libs/libnds/lib\libnds9.a(ffsystem.c.o)
                0x02011a78                libnds_ff_mutex_give
 .text.__sassert
                0x02011a94       0x90 C:/msys64/opt/wonderful/thirdparty/blocksds/core/libs/libnds/lib\libnds9.a(sassert.c.o)
                0x02011a94                __sassert
 .text.releaseCrashHandler
                0x02011b24       0x7c C:/msys64/opt/wonderful/thirdparty/blocksds/core/libs/libnds/lib\libnds9.a(exceptions.c.o)
 .text.exceptionStatePrint
                0x02011ba0       0xf4 C:/msys64/opt/wonderful/thirdparty/blocksds/core/libs/libnds/lib\libnds9.a(exceptions.c.o)
                0x02011ba0                exceptionStatePrint
 .text.releaseExceptionHandler
                0x02011c94       0x10 C:/msys64/opt/wonderful/thirdparty/blocksds/core/libs/libnds/lib\libnds9.a(exceptions.c.o)
                0x02011c94                releaseExceptionHandler
 .text.getCPSR  0x02011ca4        0x8 C:/msys64/opt/wonderful/thirdparty/blocksds/core/libs/libnds/lib\libnds9.a(cpu.s.o)
                0x02011ca4                getCPSR
 .text.calloc   0x02011cac       0xb4 C:/msys64/opt/wonderful/toolchain/gcc-arm-none-eabi/lib/gcc/arm-none-eabi/15.2.1/../../../../arm-none-eabi/lib/thumb/arm946e-s\libc.a(malloc-calloc.c.o)
                0x02011cac                calloc
 .text.malloc_trim
                0x02011d60       0x9c C:/msys64/opt/wonderful/toolchain/gcc-arm-none-eabi/lib/gcc/arm-none-eabi/15.2.1/../../../../arm-none-eabi/lib/thumb/arm946e-s\libc.a(malloc-free.c.o)
                0x02011d60                malloc_trim
 .text.free     0x02011dfc      0x164 C:/msys64/opt/wonderful/toolchain/gcc-arm-none-eabi/lib/gcc/arm-none-eabi/15.2.1/../../../../arm-none-eabi/lib/thumb/arm946e-s\libc.a(malloc-free.c.o)
                0x02011dfc                free
                0x02011dfc                __malloc_free
 .text.malloc   0x02011f60      0x434 C:/msys64/opt/wonderful/toolchain/gcc-arm-none-eabi/lib/gcc/arm-none-eabi/15.2.1/../../../../arm-none-eabi/lib/thumb/arm946e-s\libc.a(malloc-malloc.c.o)
                0x02011f60                malloc
 .text.realloc  0x02012394      0x32c C:/msys64/opt/wonderful/toolchain/gcc-arm-none-eabi/lib/gcc/arm-none-eabi/15.2.1/../../../../arm-none-eabi/lib/thumb/arm946e-s\libc.a(malloc-realloc.c.o)
                0x02012394                realloc
 .text.__libc_init_array
                0x020126c0       0x1c C:/msys64/opt/wonderful/toolchain/gcc-arm-none-eabi/lib/gcc/arm-none-eabi/15.2.1/../../../../arm-none-eabi/lib/thumb/arm946e-s\libc.a(libc_misc_init.c.o)
                0x020126c0                __libc_init_array
 .text.rand     0x020126dc        0xc C:/msys64/opt/wonderful/toolchain/gcc-arm-none-eabi/lib/gcc/arm-none-eabi/15.2.1/../../../../arm-none-eabi/lib/thumb/arm946e-s\libc.a(libc_stdlib_rand.c.o)
                0x020126dc                rand
 .text.random   0x020126e8       0x34 C:/msys64/opt/wonderful/toolchain/gcc-arm-none-eabi/lib/gcc/arm-none-eabi/15.2.1/../../../../arm-none-eabi/lib/thumb/arm946e-s\libc.a(libc_stdlib_random.c.o)
                0x020126e8                random
 .text.srand    0x0201271c        0x8 C:/msys64/opt/wonderful/toolchain/gcc-arm-none-eabi/lib/gcc/arm-none-eabi/15.2.1/../../../../arm-none-eabi/lib/thumb/arm946e-s\libc.a(libc_stdlib_srand.c.o)
                0x0201271c                srand
 .text.srandom  0x02012724       0x18 C:/msys64/opt/wonderful/toolchain/gcc-arm-none-eabi/lib/gcc/arm-none-eabi/15.2.1/../../../../arm-none-eabi/lib/thumb/arm946e-s\libc.a(libc_stdlib_srandom.c.o)
                0x02012724                srandom
 .text.exit     0x0201273c        0xe C:/msys64/opt/wonderful/toolchain/gcc-arm-none-eabi/lib/gcc/arm-none-eabi/15.2.1/../../../../arm-none-eabi/lib/thumb/arm946e-s\libc.a(libc_stdlib_pico-exit.c.o)
                0x0201273c                exit
 .text.memcmp   0x0201274a       0x1c C:/msys64/opt/wonderful/toolchain/gcc-arm-none-eabi/lib/gcc/arm-none-eabi/15.2.1/../../../../arm-none-eabi/lib/thumb/arm946e-s\libc.a(libc_string_memcmp.c.o)
                0x0201274a                memcmp
 .text.strchr   0x02012766       0x1e C:/msys64/opt/wonderful/toolchain/gcc-arm-none-eabi/lib/gcc/arm-none-eabi/15.2.1/../../../../arm-none-eabi/lib/thumb/arm946e-s\libc.a(libc_string_strchr.c.o)
                0x02012766                strchr
 .text.strdup   0x02012784       0x20 C:/msys64/opt/wonderful/toolchain/gcc-arm-none-eabi/lib/gcc/arm-none-eabi/15.2.1/../../../../arm-none-eabi/lib/thumb/arm946e-s\libc.a(libc_string_strdup.c.o)
                0x02012784                strdup
 .text.strncmp  0x020127a4       0x24 C:/msys64/opt/wonderful/toolchain/gcc-arm-none-eabi/lib/gcc/arm-none-eabi/15.2.1/../../../../arm-none-eabi/lib/thumb/arm946e-s\libc.a(libc_string_strncmp.c.o)
                0x020127a4                strncmp
 .text.strstr   0x020127c8       0x2c C:/msys64/opt/wonderful/toolchain/gcc-arm-none-eabi/lib/gcc/arm-none-eabi/15.2.1/../../../../arm-none-eabi/lib/thumb/arm946e-s\libc.a(libc_string_strstr.c.o)
                0x020127c8                strstr
 .text.localtime
                0x020127f4       0x18 C:/msys64/opt/wonderful/toolchain/gcc-arm-none-eabi/lib/gcc/arm-none-eabi/15.2.1/../../../../arm-none-eabi/lib/thumb/arm946e-s\libc.a(libc_time_lcltime.c.o)
                0x020127f4                localtime
 .text.localtime_r
                0x0201280c      0x1f8 C:/msys64/opt/wonderful/toolchain/gcc-arm-none-eabi/lib/gcc/arm-none-eabi/15.2.1/../../../../arm-none-eabi/lib/thumb/arm946e-s\libc.a(libc_time_lcltime_r.c.o)
                0x0201280c                localtime_r
 .text.time     0x02012a04       0x28 C:/msys64/opt/wonderful/toolchain/gcc-arm-none-eabi/lib/gcc/arm-none-eabi/15.2.1/../../../../arm-none-eabi/lib/thumb/arm946e-s\libc.a(libc_time_time.c.o)
                0x02012a04                time
 .text.__tzcalc_limits
                0x02012a2c      0x178 C:/msys64/opt/wonderful/toolchain/gcc-arm-none-eabi/lib/gcc/arm-none-eabi/15.2.1/../../../../arm-none-eabi/lib/thumb/arm946e-s\libc.a(libc_time_tzcalc_limits.c.o)
                0x02012a2c                __tzcalc_limits
 .text._tzset_unlocked
                0x02012ba4      0x3e0 C:/msys64/opt/wonderful/toolchain/gcc-arm-none-eabi/lib/gcc/arm-none-eabi/15.2.1/../../../../arm-none-eabi/lib/thumb/arm946e-s\libc.a(libc_time_tzset.c.o)
                0x02012ba4                _tzset_unlocked
 .text.fclose   0x02012f84       0x18 C:/msys64/opt/wonderful/toolchain/gcc-arm-none-eabi/lib/gcc/arm-none-eabi/15.2.1/../../../../arm-none-eabi/lib/thumb/arm946e-s\libc.a(libc_tinystdio_fclose.c.o)
                0x02012f84                fclose
 .text.fdopen   0x02012f9c       0xa4 C:/msys64/opt/wonderful/toolchain/gcc-arm-none-eabi/lib/gcc/arm-none-eabi/15.2.1/../../../../arm-none-eabi/lib/thumb/arm946e-s\libc.a(libc_tinystdio_fdopen.c.o)
                0x02012f9c                fdopen
 .text.fflush   0x02013040       0x10 C:/msys64/opt/wonderful/toolchain/gcc-arm-none-eabi/lib/gcc/arm-none-eabi/15.2.1/../../../../arm-none-eabi/lib/thumb/arm946e-s\libc.a(libc_tinystdio_fflush.c.o)
                0x02013040                fflush
 .text.fileno   0x02013050       0x10 C:/msys64/opt/wonderful/toolchain/gcc-arm-none-eabi/lib/gcc/arm-none-eabi/15.2.1/../../../../arm-none-eabi/lib/thumb/arm946e-s\libc.a(libc_tinystdio_fileno.c.o)
                0x02013050                fileno
 .text.fopen    0x02013060       0x2e C:/msys64/opt/wonderful/toolchain/gcc-arm-none-eabi/lib/gcc/arm-none-eabi/15.2.1/../../../../arm-none-eabi/lib/thumb/arm946e-s\libc.a(libc_tinystdio_fopen.c.o)
                0x02013060                fopen
 .text.fprintf  0x0201308e       0x16 C:/msys64/opt/wonderful/toolchain/gcc-arm-none-eabi/lib/gcc/arm-none-eabi/15.2.1/../../../../arm-none-eabi/lib/thumb/arm946e-s\libc.a(libc_tinystdio_fprintf.c.o)
                0x0201308e                fprintf
 .text.putc     0x020130a4       0x2c C:/msys64/opt/wonderful/toolchain/gcc-arm-none-eabi/lib/gcc/arm-none-eabi/15.2.1/../../../../arm-none-eabi/lib/thumb/arm946e-s\libc.a(libc_tinystdio_fputc.c.o)
                0x020130a4                putc
                0x020130a4                fputc
                0x020130a4                putc_unlocked
 .text.fread    0x020130d0      0x1b8 C:/msys64/opt/wonderful/toolchain/gcc-arm-none-eabi/lib/gcc/arm-none-eabi/15.2.1/../../../../arm-none-eabi/lib/thumb/arm946e-s\libc.a(libc_tinystdio_fread.c.o)
                0x020130d0                fread
 .text.fscanf   0x02013288       0x16 C:/msys64/opt/wonderful/toolchain/gcc-arm-none-eabi/lib/gcc/arm-none-eabi/15.2.1/../../../../arm-none-eabi/lib/thumb/arm946e-s\libc.a(libc_tinystdio_fscanf.c.o)
                0x02013288                fscanf
 *fill*         0x0201329e        0x2 ff
 .text.fseek    0x020132a0       0x40 C:/msys64/opt/wonderful/toolchain/gcc-arm-none-eabi/lib/gcc/arm-none-eabi/15.2.1/../../../../arm-none-eabi/lib/thumb/arm946e-s\libc.a(libc_tinystdio_fseek.c.o)
                0x020132a0                fseek
 .text.fseeko   0x020132e0       0x40 C:/msys64/opt/wonderful/toolchain/gcc-arm-none-eabi/lib/gcc/arm-none-eabi/15.2.1/../../../../arm-none-eabi/lib/thumb/arm946e-s\libc.a(libc_tinystdio_fseeko.c.o)
                0x020132e0                fseeko
 .text.ftell    0x02013320       0x3c C:/msys64/opt/wonderful/toolchain/gcc-arm-none-eabi/lib/gcc/arm-none-eabi/15.2.1/../../../../arm-none-eabi/lib/thumb/arm946e-s\libc.a(libc_tinystdio_ftell.c.o)
                0x02013320                ftell
 .text.fwrite   0x0201335c      0x16e C:/msys64/opt/wonderful/toolchain/gcc-arm-none-eabi/lib/gcc/arm-none-eabi/15.2.1/../../../../arm-none-eabi/lib/thumb/arm946e-s\libc.a(libc_tinystdio_fwrite.c.o)
                0x0201335c                fwrite
 *fill*         0x020134ca        0x2 ff
 .text.printf   0x020134cc       0x20 C:/msys64/opt/wonderful/toolchain/gcc-arm-none-eabi/lib/gcc/arm-none-eabi/15.2.1/../../../../arm-none-eabi/lib/thumb/arm946e-s\libc.a(libc_tinystdio_printf.c.o)
                0x020134cc                printf
 .text.putchar  0x020134ec       0x10 C:/msys64/opt/wonderful/toolchain/gcc-arm-none-eabi/lib/gcc/arm-none-eabi/15.2.1/../../../../arm-none-eabi/lib/thumb/arm946e-s\libc.a(libc_tinystdio_putchar.c.o)
                0x020134ec                putchar_unlocked
                0x020134ec                putchar
 .text.puts     0x020134fc       0x44 C:/msys64/opt/wonderful/toolchain/gcc-arm-none-eabi/lib/gcc/arm-none-eabi/15.2.1/../../../../arm-none-eabi/lib/thumb/arm946e-s\libc.a(libc_tinystdio_puts.c.o)
                0x020134fc                puts
 .text.rewind   0x02013540       0x16 C:/msys64/opt/wonderful/toolchain/gcc-arm-none-eabi/lib/gcc/arm-none-eabi/15.2.1/../../../../arm-none-eabi/lib/thumb/arm946e-s\libc.a(libc_tinystdio_rewind.c.o)
                0x02013540                rewind
 .text.setvbuf  0x02013556       0x18 C:/msys64/opt/wonderful/toolchain/gcc-arm-none-eabi/lib/gcc/arm-none-eabi/15.2.1/../../../../arm-none-eabi/lib/thumb/arm946e-s\libc.a(libc_tinystdio_setvbuf.c.o)
                0x02013556                setvbuf
 *fill*         0x0201356e        0x2 ff
 .text.__stdio_flags
                0x02013570       0x58 C:/msys64/opt/wonderful/toolchain/gcc-arm-none-eabi/lib/gcc/arm-none-eabi/15.2.1/../../../../arm-none-eabi/lib/thumb/arm946e-s\libc.a(libc_tinystdio_sflags.c.o)
                0x02013570                __stdio_flags
 .text.snprintf
                0x020135c8       0x54 C:/msys64/opt/wonderful/toolchain/gcc-arm-none-eabi/lib/gcc/arm-none-eabi/15.2.1/../../../../arm-none-eabi/lib/thumb/arm946e-s\libc.a(libc_tinystdio_snprintf.c.o)
                0x020135c8                snprintf
 .text.sscanf   0x0201361c       0x3c C:/msys64/opt/wonderful/toolchain/gcc-arm-none-eabi/lib/gcc/arm-none-eabi/15.2.1/../../../../arm-none-eabi/lib/thumb/arm946e-s\libc.a(libc_tinystdio_sscanf.c.o)
                0x0201361c                sscanf
 .text.strtoul  0x02013658      0x12c C:/msys64/opt/wonderful/toolchain/gcc-arm-none-eabi/lib/gcc/arm-none-eabi/15.2.1/../../../../arm-none-eabi/lib/thumb/arm946e-s\libc.a(libc_tinystdio_strtoul.c.o)
                0x02013658                strtoul
 .text.__ultoa_invert
                0x02013784       0x52 C:/msys64/opt/wonderful/toolchain/gcc-arm-none-eabi/lib/gcc/arm-none-eabi/15.2.1/../../../../arm-none-eabi/lib/thumb/arm946e-s\libc.a(libc_tinystdio_vfprintf.c.o)
 *fill*         0x020137d6        0x2 ff
 .text.skip_to_arg
                0x020137d8      0x13c C:/msys64/opt/wonderful/toolchain/gcc-arm-none-eabi/lib/gcc/arm-none-eabi/15.2.1/../../../../arm-none-eabi/lib/thumb/arm946e-s\libc.a(libc_tinystdio_vfprintf.c.o)
 .text.vfprintf
                0x02013914      0x9c4 C:/msys64/opt/wonderful/toolchain/gcc-arm-none-eabi/lib/gcc/arm-none-eabi/15.2.1/../../../../arm-none-eabi/lib/thumb/arm946e-s\libc.a(libc_tinystdio_vfprintf.c.o)
                0x02013914                vfprintf
                0x02013914                __d_vfprintf
 .text.scanf_getc
                0x020142d8       0x14 C:/msys64/opt/wonderful/toolchain/gcc-arm-none-eabi/lib/gcc/arm-none-eabi/15.2.1/../../../../arm-none-eabi/lib/thumb/arm946e-s\libc.a(libc_tinystdio_vfscanf.c.o)
 .text.scanf_ungetc
                0x020142ec       0x12 C:/msys64/opt/wonderful/toolchain/gcc-arm-none-eabi/lib/gcc/arm-none-eabi/15.2.1/../../../../arm-none-eabi/lib/thumb/arm946e-s\libc.a(libc_tinystdio_vfscanf.c.o)
 .text.skip_spaces
                0x020142fe       0x2a C:/msys64/opt/wonderful/toolchain/gcc-arm-none-eabi/lib/gcc/arm-none-eabi/15.2.1/../../../../arm-none-eabi/lib/thumb/arm946e-s\libc.a(libc_tinystdio_vfscanf.c.o)
 .text.putval   0x02014328       0x2a C:/msys64/opt/wonderful/toolchain/gcc-arm-none-eabi/lib/gcc/arm-none-eabi/15.2.1/../../../../arm-none-eabi/lib/thumb/arm946e-s\libc.a(libc_tinystdio_vfscanf.c.o)
 *fill*         0x02014352        0x2 ff
 .text.vfscanf  0x02014354      0x990 C:/msys64/opt/wonderful/toolchain/gcc-arm-none-eabi/lib/gcc/arm-none-eabi/15.2.1/../../../../arm-none-eabi/lib/thumb/arm946e-s\libc.a(libc_tinystdio_vfscanf.c.o)
                0x02014354                vfscanf
                0x02014354                __d_vfscanf
 .text.vprintf  0x02014ce4       0x14 C:/msys64/opt/wonderful/toolchain/gcc-arm-none-eabi/lib/gcc/arm-none-eabi/15.2.1/../../../../arm-none-eabi/lib/thumb/arm946e-s\libc.a(libc_tinystdio_vprintf.c.o)
                0x02014ce4                vprintf
 .text.mulShift64
                0x02014cf8       0x62 C:/msys64/opt/wonderful/toolchain/gcc-arm-none-eabi/lib/gcc/arm-none-eabi/15.2.1/../../../../arm-none-eabi/lib/thumb/arm946e-s\libc.a(libc_tinystdio_atod_ryu.c.o)
 *fill*         0x02014d5a        0x2 ff
 .text.__atod_engine
                0x02014d5c      0x158 C:/msys64/opt/wonderful/toolchain/gcc-arm-none-eabi/lib/gcc/arm-none-eabi/15.2.1/../../../../arm-none-eabi/lib/thumb/arm946e-s\libc.a(libc_tinystdio_atod_ryu.c.o)
                0x02014d5c                __atod_engine
 .text.__atof_engine
                0x02014eb4      0x120 C:/msys64/opt/wonderful/toolchain/gcc-arm-none-eabi/lib/gcc/arm-none-eabi/15.2.1/../../../../arm-none-eabi/lib/thumb/arm946e-s\libc.a(libc_tinystdio_atof_ryu.c.o)
                0x02014eb4                __atof_engine
 .text.mulShiftAll64
                0x02014fd4      0x202 C:/msys64/opt/wonderful/toolchain/gcc-arm-none-eabi/lib/gcc/arm-none-eabi/15.2.1/../../../../arm-none-eabi/lib/thumb/arm946e-s\libc.a(libc_tinystdio_dtoa_ryu.c.o)
 *fill*         0x020151d6        0x2 ff
 .text.div10    0x020151d8       0x28 C:/msys64/opt/wonderful/toolchain/gcc-arm-none-eabi/lib/gcc/arm-none-eabi/15.2.1/../../../../arm-none-eabi/lib/thumb/arm946e-s\libc.a(libc_tinystdio_dtoa_ryu.c.o)
 .text.__dtoa_engine
                0x02015200      0x4b8 C:/msys64/opt/wonderful/toolchain/gcc-arm-none-eabi/lib/gcc/arm-none-eabi/15.2.1/../../../../arm-none-eabi/lib/thumb/arm946e-s\libc.a(libc_tinystdio_dtoa_ryu.c.o)
                0x02015200                __dtoa_engine
 .text.mulShift32
                0x020156b8       0x44 C:/msys64/opt/wonderful/toolchain/gcc-arm-none-eabi/lib/gcc/arm-none-eabi/15.2.1/../../../../arm-none-eabi/lib/thumb/arm946e-s\libc.a(libc_tinystdio_ryu_divpow2.c.o)
 .text.__mulPow5InvDivPow2
                0x020156fc       0x28 C:/msys64/opt/wonderful/toolchain/gcc-arm-none-eabi/lib/gcc/arm-none-eabi/15.2.1/../../../../arm-none-eabi/lib/thumb/arm946e-s\libc.a(libc_tinystdio_ryu_divpow2.c.o)
                0x020156fc                __mulPow5InvDivPow2
 .text.__mulPow5divPow2
                0x02015724       0x20 C:/msys64/opt/wonderful/toolchain/gcc-arm-none-eabi/lib/gcc/arm-none-eabi/15.2.1/../../../../arm-none-eabi/lib/thumb/arm946e-s\libc.a(libc_tinystdio_ryu_divpow2.c.o)
                0x02015724                __mulPow5divPow2
 .text.__log10Pow2
                0x02015744        0xc C:/msys64/opt/wonderful/toolchain/gcc-arm-none-eabi/lib/gcc/arm-none-eabi/15.2.1/../../../../arm-none-eabi/lib/thumb/arm946e-s\libc.a(libc_tinystdio_ryu_log10.c.o)
                0x02015744                __log10Pow2
 .text.__log10Pow5
                0x02015750        0xc C:/msys64/opt/wonderful/toolchain/gcc-arm-none-eabi/lib/gcc/arm-none-eabi/15.2.1/../../../../arm-none-eabi/lib/thumb/arm946e-s\libc.a(libc_tinystdio_ryu_log10.c.o)
                0x02015750                __log10Pow5
 .text.__log2pow5
                0x0201575c        0xc C:/msys64/opt/wonderful/toolchain/gcc-arm-none-eabi/lib/gcc/arm-none-eabi/15.2.1/../../../../arm-none-eabi/lib/thumb/arm946e-s\libc.a(libc_tinystdio_ryu_log2pow5.c.o)
                0x0201575c                __log2pow5
 .text.__ceil_log2pow5
                0x02015768       0x10 C:/msys64/opt/wonderful/toolchain/gcc-arm-none-eabi/lib/gcc/arm-none-eabi/15.2.1/../../../../arm-none-eabi/lib/thumb/arm946e-s\libc.a(libc_tinystdio_ryu_log2pow5.c.o)
                0x02015768                __ceil_log2pow5
 .text.__pow5bits
                0x02015778       0x10 C:/msys64/opt/wonderful/toolchain/gcc-arm-none-eabi/lib/gcc/arm-none-eabi/15.2.1/../../../../arm-none-eabi/lib/thumb/arm946e-s\libc.a(libc_tinystdio_ryu_pow5bits.c.o)
                0x02015778                __pow5bits
 .text.__pow5Factor
                0x02015788       0x2c C:/msys64/opt/wonderful/toolchain/gcc-arm-none-eabi/lib/gcc/arm-none-eabi/15.2.1/../../../../arm-none-eabi/lib/thumb/arm946e-s\libc.a(libc_tinystdio_ryu_table.c.o)
                0x02015788                __pow5Factor
 .text.__double_computePow5
                0x020157b4      0x100 C:/msys64/opt/wonderful/toolchain/gcc-arm-none-eabi/lib/gcc/arm-none-eabi/15.2.1/../../../../arm-none-eabi/lib/thumb/arm946e-s\libc.a(libc_tinystdio_ryu_table.c.o)
                0x020157b4                __double_computePow5
 .text.__double_computeInvPow5
                0x020158b4       0xfc C:/msys64/opt/wonderful/toolchain/gcc-arm-none-eabi/lib/gcc/arm-none-eabi/15.2.1/../../../../arm-none-eabi/lib/thumb/arm946e-s\libc.a(libc_tinystdio_ryu_table.c.o)
                0x020158b4                __double_computeInvPow5
 .text.__umul128
                0x020159b0       0x6c C:/msys64/opt/wonderful/toolchain/gcc-arm-none-eabi/lib/gcc/arm-none-eabi/15.2.1/../../../../arm-none-eabi/lib/thumb/arm946e-s\libc.a(libc_tinystdio_ryu_umul128.c.o)
                0x020159b0                __umul128
 .text.__shiftright128
                0x02015a1c       0x28 C:/msys64/opt/wonderful/toolchain/gcc-arm-none-eabi/lib/gcc/arm-none-eabi/15.2.1/../../../../arm-none-eabi/lib/thumb/arm946e-s\libc.a(libc_tinystdio_ryu_umul128.c.o)
                0x02015a1c                __shiftright128
 .text.isnan    0x02015a44       0x18 C:/msys64/opt/wonderful/toolchain/gcc-arm-none-eabi/lib/gcc/arm-none-eabi/15.2.1/../../../../arm-none-eabi/lib/thumb/arm946e-s\libc.a(libm_common_s_isnan.c.o)
                0x02015a44                isnan
                0x02015a44                isnanl
                0x02015a44                __isnand
                0x02015a44                __isnanl
 .text.memmove  0x02015a5c       0x26 C:/msys64/opt/wonderful/toolchain/gcc-arm-none-eabi/lib/gcc/arm-none-eabi/15.2.1/../../../../arm-none-eabi/lib/thumb/arm946e-s\libc.a(memmove.c.o)
                0x02015a5c                __aeabi_memmove8
                0x02015a5c                __aeabi_memmove
                0x02015a5c                __aeabi_memmove4
                0x02015a5c                memmove
 *fill*         0x02015a82        0x2 ff
 .text.__libc_fini_array
                0x02015a84       0x1c C:/msys64/opt/wonderful/toolchain/gcc-arm-none-eabi/lib/gcc/arm-none-eabi/15.2.1/../../../../arm-none-eabi/lib/thumb/arm946e-s\libc.a(libc_misc_fini.c.o)
                0x02015a84                __libc_fini_array
 .text.getenv   0x02015aa0        0xa C:/msys64/opt/wonderful/toolchain/gcc-arm-none-eabi/lib/gcc/arm-none-eabi/15.2.1/../../../../arm-none-eabi/lib/thumb/arm946e-s\libc.a(libc_stdlib_getenv.c.o)
                0x02015aa0                getenv
 *fill*         0x02015aaa        0x2 ff
 .text._findenv
                0x02015aac       0x7c C:/msys64/opt/wonderful/toolchain/gcc-arm-none-eabi/lib/gcc/arm-none-eabi/15.2.1/../../../../arm-none-eabi/lib/thumb/arm946e-s\libc.a(libc_stdlib_getenv_r.c.o)
                0x02015aac                _findenv
 .text.strnlen  0x02015b28       0x16 C:/msys64/opt/wonderful/toolchain/gcc-arm-none-eabi/lib/gcc/arm-none-eabi/15.2.1/../../../../arm-none-eabi/lib/thumb/arm946e-s\libc.a(libc_string_strnlen.c.o)
                0x02015b28                strnlen
 *fill*         0x02015b3e        0x2 ff
 .text.__gettzinfo
                0x02015b40        0x8 C:/msys64/opt/wonderful/toolchain/gcc-arm-none-eabi/lib/gcc/arm-none-eabi/15.2.1/../../../../arm-none-eabi/lib/thumb/arm946e-s\libc.a(libc_time_gettzinfo.c.o)
                0x02015b40                __gettzinfo
 .text.gmtime_r
                0x02015b48      0x1bc C:/msys64/opt/wonderful/toolchain/gcc-arm-none-eabi/lib/gcc/arm-none-eabi/15.2.1/../../../../arm-none-eabi/lib/thumb/arm946e-s\libc.a(libc_time_gmtime_r.c.o)
                0x02015b48                gmtime_r
 .text.__picolibc_non_atomic_load_ungetc
                0x02015d04        0x4 C:/msys64/opt/wonderful/toolchain/gcc-arm-none-eabi/lib/gcc/arm-none-eabi/15.2.1/../../../../arm-none-eabi/lib/thumb/arm946e-s\libc.a(libc_tinystdio_atomic_load.c.o)
                0x02015d04                __picolibc_non_atomic_load_ungetc
                0x02015d04                __atomic_load_ungetc
 .text.__bufio_lock
                0x02015d08       0x18 C:/msys64/opt/wonderful/toolchain/gcc-arm-none-eabi/lib/gcc/arm-none-eabi/15.2.1/../../../../arm-none-eabi/lib/thumb/arm946e-s\libc.a(libc_tinystdio_bufio.c.o)
 .text.__bufio_flush_locked
                0x02015d20       0x66 C:/msys64/opt/wonderful/toolchain/gcc-arm-none-eabi/lib/gcc/arm-none-eabi/15.2.1/../../../../arm-none-eabi/lib/thumb/arm946e-s\libc.a(libc_tinystdio_bufio.c.o)
                0x02015d20                __bufio_flush_locked
 .text.__bufio_fill_locked
                0x02015d86       0x2c C:/msys64/opt/wonderful/toolchain/gcc-arm-none-eabi/lib/gcc/arm-none-eabi/15.2.1/../../../../arm-none-eabi/lib/thumb/arm946e-s\libc.a(libc_tinystdio_bufio.c.o)
                0x02015d86                __bufio_fill_locked
 .text.__bufio_flush
                0x02015db2       0x1a C:/msys64/opt/wonderful/toolchain/gcc-arm-none-eabi/lib/gcc/arm-none-eabi/15.2.1/../../../../arm-none-eabi/lib/thumb/arm946e-s\libc.a(libc_tinystdio_bufio.c.o)
                0x02015db2                __bufio_flush
 .text.__bufio_setdir_locked
                0x02015dcc       0x1a C:/msys64/opt/wonderful/toolchain/gcc-arm-none-eabi/lib/gcc/arm-none-eabi/15.2.1/../../../../arm-none-eabi/lib/thumb/arm946e-s\libc.a(libc_tinystdio_bufio.c.o)
                0x02015dcc                __bufio_setdir_locked
 .text.__bufio_put
                0x02015de6       0x50 C:/msys64/opt/wonderful/toolchain/gcc-arm-none-eabi/lib/gcc/arm-none-eabi/15.2.1/../../../../arm-none-eabi/lib/thumb/arm946e-s\libc.a(libc_tinystdio_bufio.c.o)
                0x02015de6                __bufio_put
 *fill*         0x02015e36        0x2 ff
 .text.__bufio_get
                0x02015e38       0x70 C:/msys64/opt/wonderful/toolchain/gcc-arm-none-eabi/lib/gcc/arm-none-eabi/15.2.1/../../../../arm-none-eabi/lib/thumb/arm946e-s\libc.a(libc_tinystdio_bufio.c.o)
                0x02015e38                __bufio_get
 .text.__bufio_seek
                0x02015ea8       0x6a C:/msys64/opt/wonderful/toolchain/gcc-arm-none-eabi/lib/gcc/arm-none-eabi/15.2.1/../../../../arm-none-eabi/lib/thumb/arm946e-s\libc.a(libc_tinystdio_bufio.c.o)
                0x02015ea8                __bufio_seek
 .text.__bufio_setvbuf
                0x02015f12       0x88 C:/msys64/opt/wonderful/toolchain/gcc-arm-none-eabi/lib/gcc/arm-none-eabi/15.2.1/../../../../arm-none-eabi/lib/thumb/arm946e-s\libc.a(libc_tinystdio_bufio.c.o)
                0x02015f12                __bufio_setvbuf
 .text.__bufio_close
                0x02015f9a       0x4a C:/msys64/opt/wonderful/toolchain/gcc-arm-none-eabi/lib/gcc/arm-none-eabi/15.2.1/../../../../arm-none-eabi/lib/thumb/arm946e-s\libc.a(libc_tinystdio_bufio.c.o)
                0x02015f9a                __bufio_close
 .text.__dtox_engine
                0x02015fe4      0x128 C:/msys64/opt/wonderful/toolchain/gcc-arm-none-eabi/lib/gcc/arm-none-eabi/15.2.1/../../../../arm-none-eabi/lib/thumb/arm946e-s\libc.a(libc_tinystdio_dtox_engine.c.o)
                0x02015fe4                __dtox_engine
 .text.__picolibc_non_atomic_exchange_ungetc
                0x0201610c        0x8 C:/msys64/opt/wonderful/toolchain/gcc-arm-none-eabi/lib/gcc/arm-none-eabi/15.2.1/../../../../arm-none-eabi/lib/thumb/arm946e-s\libc.a(libc_tinystdio_exchange.c.o)
                0x0201610c                __picolibc_non_atomic_exchange_ungetc
                0x0201610c                __atomic_exchange_ungetc
 .text.getc     0x02016114       0x44 C:/msys64/opt/wonderful/toolchain/gcc-arm-none-eabi/lib/gcc/arm-none-eabi/15.2.1/../../../../arm-none-eabi/lib/thumb/arm946e-s\libc.a(libc_tinystdio_fgetc.c.o)
                0x02016114                getc
                0x02016114                fgetc
                0x02016114                getc_unlocked
 .text.__file_str_get
                0x02016158       0x16 C:/msys64/opt/wonderful/toolchain/gcc-arm-none-eabi/lib/gcc/arm-none-eabi/15.2.1/../../../../arm-none-eabi/lib/thumb/arm946e-s\libc.a(libc_tinystdio_filestrget.c.o)
                0x02016158                __file_str_get
 .text.__file_str_put
                0x0201616e       0x10 C:/msys64/opt/wonderful/toolchain/gcc-arm-none-eabi/lib/gcc/arm-none-eabi/15.2.1/../../../../arm-none-eabi/lib/thumb/arm946e-s\libc.a(libc_tinystdio_filestrput.c.o)
                0x0201616e                __file_str_put
 .text.ungetc   0x0201617e       0x36 C:/msys64/opt/wonderful/toolchain/gcc-arm-none-eabi/lib/gcc/arm-none-eabi/15.2.1/../../../../arm-none-eabi/lib/thumb/arm946e-s\libc.a(libc_tinystdio_ungetc.c.o)
                0x0201617e                ungetc
 .text.__picolibc_non_atomic_compare_exchange_ungetc
                0x020161b4       0x12 C:/msys64/opt/wonderful/toolchain/gcc-arm-none-eabi/lib/gcc/arm-none-eabi/15.2.1/../../../../arm-none-eabi/lib/thumb/arm946e-s\libc.a(libc_tinystdio_compare_exchange.c.o)
                0x020161b4                __atomic_compare_exchange_ungetc
                0x020161b4                __picolibc_non_atomic_compare_exchange_ungetc
 *fill*         0x020161c6        0x2 ff
 .text.gettimeofday
                0x020161c8       0x1c C:/msys64/opt/wonderful/thirdparty/blocksds/core/libs/libnds/lib\libnds9.a(syscalls.c.o)
                0x020161c8                gettimeofday
 *fill*         0x020161e4        0x4 ff
 .text.gettimeofday.__stub
                0x020161e8       0x40 linker stubs
 *(EXCLUDE_FILE(*.twl*) .gnu.warning)
 *(EXCLUDE_FILE(*.twl*) .gnu.linkonce.t*)
 *(.glue_7)
 .glue_7        0x02016228        0x0 linker stubs
 *(.glue_7t)
 .glue_7t       0x02016228        0x0 linker stubs
                0x02016228                        . = ALIGN (0x4)

.vfp11_veneer   0x02016228        0x0
 .vfp11_veneer  0x02016228        0x0 linker stubs

.v4_bx          0x02016228        0x0
 .v4_bx         0x02016228        0x0 linker stubs

.iplt           0x02016228        0x0
 .iplt          0x02016228        0x0 C:/msys64/opt/wonderful/thirdparty/blocksds/core/sys/crts/ds_arm9_crt0.o

.fini           0x02016228        0x8
 *(.fini)
 .fini          0x02016228        0x8 C:/msys64/opt/wonderful/toolchain/gcc-arm-none-eabi/lib/gcc/arm-none-eabi/15.2.1/thumb/arm946e-s/crtn.o
                0x02016230                        __text_end = .

.rodata         0x02016230     0x1a18
 *(EXCLUDE_FILE(*.twl*) .rodata)
 .rodata        0x02016230       0x1a build/Match-3-DS/source/main.c.o
 *fill*         0x0201624a        0x2 ff
 .rodata        0x0201624c       0x90 C:/msys64/opt/wonderful/thirdparty/blocksds/external/nflib/lib\libnflib.a(nf_sprite256.c.o)
 .rodata        0x020162dc       0x14 C:/msys64/opt/wonderful/thirdparty/blocksds/core/libs/libnds/lib\libnds9.a(fatfs.c.o)
 .rodata        0x020162f0       0x40 C:/msys64/opt/wonderful/thirdparty/blocksds/core/libs/libnds/lib\libnds9.a(exceptions.c.o)
 .rodata        0x02016330       0x18 C:/msys64/opt/wonderful/toolchain/gcc-arm-none-eabi/lib/gcc/arm-none-eabi/15.2.1/../../../../arm-none-eabi/lib/thumb/arm946e-s\libc.a(libc_time_month_lengths.c.o)
                0x02016330                __month_lengths
 .rodata        0x02016348        0xb C:/msys64/opt/wonderful/toolchain/gcc-arm-none-eabi/lib/gcc/arm-none-eabi/15.2.1/../../../../arm-none-eabi/lib/thumb/arm946e-s\libc.a(libc_tinystdio_vfscanf.c.o)
 *fill*         0x02016353        0x5 ff
 .rodata        0x02016358      0x340 C:/msys64/opt/wonderful/toolchain/gcc-arm-none-eabi/lib/gcc/arm-none-eabi/15.2.1/../../../../arm-none-eabi/lib/thumb/arm946e-s\libc.a(libc_tinystdio_ryu_table.c.o)
 .rodata        0x02016698        0x4 C:/msys64/opt/wonderful/toolchain/gcc-arm-none-eabi/lib/gcc/arm-none-eabi/15.2.1/../../../../arm-none-eabi/lib/thumb/arm946e-s\libc.a(libc_stdlib_environ.c.o)
 *all.rodata*(*)
 *(EXCLUDE_FILE(*.twl*) .roda)
 *(EXCLUDE_FILE(*.twl*) .rodata.*)
 .rodata.checkForSave.str1.4
                0x0201669c      0xa7c build/Match-3-DS/source/main.c.o
                                 0x16 (size before relaxing)
 .rodata.saveGame.str1.4
                0x02017118        0x0 build/Match-3-DS/source/main.c.o
                                  0x4 (size before relaxing)
 .rodata.loadGame.str1.4
                0x02017118        0x0 build/Match-3-DS/source/main.c.o
                                  0x3 (size before relaxing)
 .rodata.drawHighlightGrid
                0x02017118       0x14 build/Match-3-DS/source/main.c.o
 .rodata.main.str1.4
                0x0201712c        0x0 build/Match-3-DS/source/main.c.o
                                 0x8e (size before relaxing)
 .rodata.NF_LoadSpriteGfx.str1.4
                0x0201712c        0x0 C:/msys64/opt/wonderful/thirdparty/blocksds/external/nflib/lib\libnflib.a(nf_sprite256.c.o)
                                 0x1a (size before relaxing)
 .rodata.NF_LoadSpritePal.str1.4